#! /opt/homebrew/Cellar/icarus-verilog/13.0/bin/vvp
:ivl_version "13.0 (stable)" "(v13_0)";
:ivl_delay_selection "TYPICAL";
:vpi_time_precision - 12;
:vpi_module "/opt/homebrew/Cellar/icarus-verilog/13.0/lib/ivl/system.vpi";
:vpi_module "/opt/homebrew/Cellar/icarus-verilog/13.0/lib/ivl/vhdl_sys.vpi";
:vpi_module "/opt/homebrew/Cellar/icarus-verilog/13.0/lib/ivl/vhdl_textio.vpi";
:vpi_module "/opt/homebrew/Cellar/icarus-verilog/13.0/lib/ivl/v2005_math.vpi";
:vpi_module "/opt/homebrew/Cellar/icarus-verilog/13.0/lib/ivl/va_math.vpi";
:vpi_module "/opt/homebrew/Cellar/icarus-verilog/13.0/lib/ivl/v2009.vpi";
S_0x1016e89d0 .scope package, "$unit" "$unit" 2 1;
 .timescale 0 0;
S_0x1016dad10 .scope module, "tb_sbm_alg8_spread" "tb_sbm_alg8_spread" 3 15;
 .timescale -9 -12;
P_0x7c4c9c3c0 .param/l "IMG_H" 0 3 18, +C4<00000000000000000000000000110000>;
P_0x7c4c9c400 .param/l "IMG_W" 0 3 17, +C4<00000000000000000000000001000000>;
P_0x7c4c9c440 .param/l "T" 0 3 19, +C4<00000000000000000000000000001000>;
v0x7c50970c0_0 .var "bp", 1 0;
v0x7c5097160_0 .var/i "c2", 31 0;
v0x7c5097200_0 .var "clk", 0 0;
v0x7c50972a0_0 .var/i "err", 31 0;
v0x7c5097340 .array "golden", 3071 0, 7 0;
v0x7c50973e0_0 .var/i "i", 31 0;
v0x7c5097480 .array "img", 3071 0, 7 0;
v0x7c5097520_0 .var "lfsr", 15 0;
v0x7c50975c0_0 .net "m_axis_tdata", 7 0, L_0x7c4ca5c70;  1 drivers
v0x7c5097660_0 .net "m_axis_tlast", 0 0, L_0x7c502b090;  1 drivers
v0x7c5097700_0 .var "m_axis_tready", 0 0;
v0x7c50977a0_0 .net "m_axis_tuser", 0 0, L_0x7c502b020;  1 drivers
v0x7c5097840_0 .net "m_axis_tvalid", 0 0, L_0x7c4ca5c00;  1 drivers
v0x7c50978e0_0 .var/i "r2", 31 0;
v0x7c5097980_0 .var "rst_n", 0 0;
v0x7c5097a20_0 .var "s_axis_tdata", 7 0;
v0x7c5097ac0_0 .var "s_axis_tlast", 0 0;
v0x7c5097b60_0 .net "s_axis_tready", 0 0, L_0x7c502aed0;  1 drivers
v0x7c5097c00_0 .var "s_axis_tuser", 0 0;
v0x7c5097ca0_0 .var "s_axis_tvalid", 0 0;
v0x7c5097d40_0 .var/i "tot", 31 0;
v0x7c5097de0_0 .var/i "x", 31 0;
v0x7c5097e80_0 .var/i "xc", 31 0;
v0x7c5097f20_0 .var/i "y", 31 0;
v0x7c5098000_0 .var/i "yc", 31 0;
E_0x7c4cc54c0 .event anyedge, v0x7c50970c0_0;
S_0x7c4cb4000 .scope task, "golden_build" "golden_build" 3 45, 3 45 0, S_0x1016dad10;
 .timescale -9 -12;
TD_tb_sbm_alg8_spread.golden_build ;
    %pushi/vec4 0, 0, 32;
    %store/vec4 v0x7c5097f20_0, 0, 32;
T_0.0 ; Top of for-loop
    %load/vec4 v0x7c5097f20_0;
    %cmpi/s 48, 0, 32;
	  %jmp/0xz T_0.1, 5;
    %pushi/vec4 0, 0, 32;
    %store/vec4 v0x7c5097de0_0, 0, 32;
T_0.3 ; Top of for-loop
    %load/vec4 v0x7c5097de0_0;
    %cmpi/s 64, 0, 32;
	  %jmp/0xz T_0.4, 5;
    %pushi/vec4 0, 0, 8;
    %load/vec4 v0x7c5097f20_0;
    %pad/s 39;
    %pad/s 45;
    %muli 64, 0, 45;
    %pad/s 46;
    %load/vec4 v0x7c5097de0_0;
    %pad/s 46;
    %add;
    %ix/vec4/s 4;
    %store/vec4a v0x7c5097340, 4, 0;
    %pushi/vec4 0, 0, 32;
    %store/vec4 v0x7c50978e0_0, 0, 32;
T_0.6 ; Top of for-loop
    %load/vec4 v0x7c50978e0_0;
    %cmpi/s 8, 0, 32;
	  %jmp/0xz T_0.7, 5;
    %pushi/vec4 0, 0, 32;
    %store/vec4 v0x7c5097160_0, 0, 32;
T_0.9 ; Top of for-loop
    %load/vec4 v0x7c5097160_0;
    %cmpi/s 8, 0, 32;
	  %jmp/0xz T_0.10, 5;
    %load/vec4 v0x7c5097f20_0;
    %load/vec4 v0x7c50978e0_0;
    %add;
    %cmpi/s 48, 0, 32;
    %flag_get/vec4 5;
    %jmp/0 T_0.14, 5;
    %load/vec4 v0x7c5097de0_0;
    %load/vec4 v0x7c5097160_0;
    %add;
    %cmpi/s 64, 0, 32;
    %flag_get/vec4 5;
    %and;
T_0.14;
    %flag_set/vec4 8;
    %jmp/0xz  T_0.12, 8;
    %load/vec4 v0x7c5097f20_0;
    %pad/s 39;
    %pad/s 45;
    %muli 64, 0, 45;
    %pad/s 46;
    %load/vec4 v0x7c5097de0_0;
    %pad/s 46;
    %add;
    %ix/vec4/s 4;
    %load/vec4a v0x7c5097340, 4;
    %load/vec4 v0x7c5097f20_0;
    %load/vec4 v0x7c50978e0_0;
    %add;
    %pad/s 39;
    %pad/s 45;
    %muli 64, 0, 45;
    %pad/s 46;
    %load/vec4 v0x7c5097de0_0;
    %load/vec4 v0x7c5097160_0;
    %add;
    %pad/s 46;
    %add;
    %ix/vec4/s 4;
    %load/vec4a v0x7c5097480, 4;
    %or;
    %load/vec4 v0x7c5097f20_0;
    %pad/s 39;
    %pad/s 45;
    %muli 64, 0, 45;
    %pad/s 46;
    %load/vec4 v0x7c5097de0_0;
    %pad/s 46;
    %add;
    %ix/vec4/s 4;
    %store/vec4a v0x7c5097340, 4, 0;
T_0.12 ;
T_0.11 ; for-loop step statement
    %load/vec4 v0x7c5097160_0;
    %addi 1, 0, 32;
    %store/vec4 v0x7c5097160_0, 0, 32;
    %jmp T_0.9;
T_0.10 ; for-loop exit label
T_0.8 ; for-loop step statement
    %load/vec4 v0x7c50978e0_0;
    %addi 1, 0, 32;
    %store/vec4 v0x7c50978e0_0, 0, 32;
    %jmp T_0.6;
T_0.7 ; for-loop exit label
T_0.5 ; for-loop step statement
    %load/vec4 v0x7c5097de0_0;
    %addi 1, 0, 32;
    %store/vec4 v0x7c5097de0_0, 0, 32;
    %jmp T_0.3;
T_0.4 ; for-loop exit label
T_0.2 ; for-loop step statement
    %load/vec4 v0x7c5097f20_0;
    %addi 1, 0, 32;
    %store/vec4 v0x7c5097f20_0, 0, 32;
    %jmp T_0.0;
T_0.1 ; for-loop exit label
    %end;
S_0x7c4cb4180 .scope task, "send_frame" "send_frame" 3 75, 3 75 0, S_0x1016dad10;
 .timescale -9 -12;
v0x7c503d7c0_0 .var/i "guard", 31 0;
v0x7c503d860_0 .var/i "j", 31 0;
E_0x7c4cc5500 .event posedge, v0x7c503db80_0;
TD_tb_sbm_alg8_spread.send_frame ;
    %pushi/vec4 0, 0, 32;
    %store/vec4 v0x7c503d860_0, 0, 32;
T_1.15 ; Top of for-loop
    %load/vec4 v0x7c503d860_0;
    %cmpi/s 3072, 0, 32;
	  %jmp/0xz T_1.16, 5;
    %pushi/vec4 1, 0, 1;
    %assign/vec4 v0x7c5097ca0_0, 0;
    %load/vec4 v0x7c503d860_0;
    %pushi/vec4 64, 0, 32;
    %div/s;
    %pad/s 39;
    %pad/s 45;
    %muli 64, 0, 45;
    %pad/s 46;
    %load/vec4 v0x7c503d860_0;
    %pushi/vec4 64, 0, 32;
    %mod/s;
    %pad/s 46;
    %add;
    %ix/vec4/s 4;
    %load/vec4a v0x7c5097480, 4;
    %assign/vec4 v0x7c5097a20_0, 0;
    %load/vec4 v0x7c503d860_0;
    %pushi/vec4 0, 0, 32;
    %cmp/e;
    %flag_get/vec4 4;
    %assign/vec4 v0x7c5097c00_0, 0;
    %load/vec4 v0x7c503d860_0;
    %pushi/vec4 64, 0, 32;
    %mod/s;
    %pushi/vec4 63, 0, 32;
    %cmp/e;
    %flag_get/vec4 4;
    %assign/vec4 v0x7c5097ac0_0, 0;
    %wait E_0x7c4cc5500;
    %pushi/vec4 0, 0, 32;
    %store/vec4 v0x7c503d7c0_0, 0, 32;
T_1.18 ;
    %load/vec4 v0x7c5097b60_0;
    %cmpi/ne 1, 0, 1;
    %jmp/0xz T_1.19, 6;
    %wait E_0x7c4cc5500;
    %load/vec4 v0x7c503d7c0_0;
    %addi 1, 0, 32;
    %store/vec4 v0x7c503d7c0_0, 0, 32;
    %load/vec4 v0x7c503d7c0_0;
    %cmpi/s 5000, 0, 32;
    %flag_or 5, 4; GT is !LE
    %flag_inv 5;
    %jmp/0xz  T_1.20, 5;
    %vpi_call/w 3 89 "$display", "STUCK in send_frame j=%0d tready=%0d", v0x7c503d860_0, v0x7c5097b60_0 {0 0 0};
    %vpi_call/w 3 90 "$finish" {0 0 0};
T_1.20 ;
    %jmp T_1.18;
T_1.19 ;
    %load/vec4 v0x7c503d860_0;
    %pushi/vec4 64, 0, 32;
    %mod/s;
    %cmpi/e 63, 0, 32;
    %jmp/0xz  T_1.22, 4;
    %pushi/vec4 0, 0, 1;
    %assign/vec4 v0x7c5097ca0_0, 0;
    %pushi/vec4 7, 0, 32;
T_1.24 %dup/vec4;
    %cmpi/s 0, 0, 32;
    %jmp/1xz T_1.25, 5;
    %jmp/1 T_1.25, 4;
    %subi 1, 0, 32;
    %wait E_0x7c4cc5500;
T_1.26 ;
    %load/vec4 v0x7c5097b60_0;
    %cmpi/ne 1, 0, 1;
    %jmp/0xz T_1.27, 6;
    %wait E_0x7c4cc5500;
    %jmp T_1.26;
T_1.27 ;
    %jmp T_1.24;
T_1.25 ;
    %pop/vec4 1;
T_1.22 ;
T_1.17 ; for-loop step statement
    %load/vec4 v0x7c503d860_0;
    %addi 1, 0, 32;
    %store/vec4 v0x7c503d860_0, 0, 32;
    %jmp T_1.15;
T_1.16 ; for-loop exit label
    %pushi/vec4 0, 0, 1;
    %assign/vec4 v0x7c5097ca0_0, 0;
    %wait E_0x7c4cc5500;
    %end;
S_0x7c4cb4300 .scope module, "u_dut" "sbm_alg8_spread" 3 156, 4 26 0, S_0x1016dad10;
 .timescale -9 -12;
    .port_info 0 /INPUT 1 "clk";
    .port_info 1 /INPUT 1 "rst_n";
    .port_info 2 /INPUT 1 "s_axis_tvalid";
    .port_info 3 /OUTPUT 1 "s_axis_tready";
    .port_info 4 /INPUT 8 "s_axis_tdata";
    .port_info 5 /INPUT 1 "s_axis_tuser";
    .port_info 6 /INPUT 1 "s_axis_tlast";
    .port_info 7 /OUTPUT 1 "m_axis_tvalid";
    .port_info 8 /INPUT 1 "m_axis_tready";
    .port_info 9 /OUTPUT 8 "m_axis_tdata";
    .port_info 10 /OUTPUT 1 "m_axis_tuser";
    .port_info 11 /OUTPUT 1 "m_axis_tlast";
P_0x7c4cb9400 .param/l "IMG_H" 0 4 28, +C4<00000000000000000000000000110000>;
P_0x7c4cb9440 .param/l "IMG_W" 0 4 27, +C4<00000000000000000000000001000000>;
P_0x7c4cb9480 .param/l "LB_W" 0 4 30, +C4<0000000000000000000000000001000111>;
P_0x7c4cb94c0 .param/l "T" 0 4 29, +C4<00000000000000000000000000001000>;
P_0x7c4cb9500 .param/l "Tm1" 1 4 47, C4<0111>;
L_0x7c502ab50 .functor AND 1, v0x7c5096120_0, L_0x7c5098dc0, C4<1>, C4<1>;
L_0x7c502abc0 .functor AND 1, L_0x7c502ab50, L_0x7c5098e60, C4<1>, C4<1>;
L_0x7c502ac30 .functor AND 1, L_0x7c502abc0, L_0x7c5098f00, C4<1>, C4<1>;
L_0x7c502aca0 .functor AND 1, v0x7c5097ca0_0, L_0x7c502aed0, C4<1>, C4<1>;
L_0x7c502ad10 .functor OR 1, L_0x7c502aca0, L_0x7c5098fa0, C4<0>, C4<0>;
L_0x7c502ad80 .functor NOT 1, v0x7c5095220_0, C4<0>, C4<0>, C4<0>;
L_0x7c502adf0 .functor NOT 1, L_0x7c502ac30, C4<0>, C4<0>, C4<0>;
L_0x7c502ae60 .functor AND 1, L_0x7c502ad80, L_0x7c502adf0, C4<1>, C4<1>;
L_0x7c502aed0 .functor AND 1, L_0x7c502ae60, L_0x7c50990e0, C4<1>, C4<1>;
L_0x7c502af40 .functor OR 1, v0x7c50955e0_0, L_0x7c5099180, C4<0>, C4<0>;
L_0x7c4ca5c00 .functor BUFZ 1, L_0x7c502abc0, C4<0>, C4<0>, C4<0>;
L_0x7c4ca5c70 .functor BUFZ 8, v0x7c5095f40_0, C4<00000000>, C4<00000000>, C4<00000000>;
L_0x7c502afb0 .functor AND 1, L_0x7c502abc0, L_0x7c5099400, C4<1>, C4<1>;
L_0x7c502b020 .functor AND 1, L_0x7c502afb0, L_0x7c50994a0, C4<1>, C4<1>;
L_0x7c502b090 .functor AND 1, L_0x7c502abc0, L_0x7c5099540, C4<1>, C4<1>;
L_0x7c48781c0 .functor BUFT 1, C4<0000000000000000000>, C4<0>, C4<0>, C4<0>;
v0x7c5092c60_0 .net *"_ivl_10", 18 0, L_0x7c48781c0;  1 drivers
v0x7c5092d00_0 .net *"_ivl_101", 0 0, L_0x7c502ae60;  1 drivers
L_0x7c48789e8 .functor BUFT 1, C4<0000>, C4<0>, C4<0>, C4<0>;
v0x7c5092da0_0 .net/2u *"_ivl_102", 3 0, L_0x7c48789e8;  1 drivers
v0x7c5092e40_0 .net *"_ivl_104", 0 0, L_0x7c50990e0;  1 drivers
L_0x7c4878a30 .functor BUFT 1, C4<0000>, C4<0>, C4<0>, C4<0>;
v0x7c5092ee0_0 .net/2u *"_ivl_108", 3 0, L_0x7c4878a30;  1 drivers
v0x7c5092f80_0 .net *"_ivl_110", 0 0, L_0x7c5099180;  1 drivers
L_0x7c4878a78 .functor BUFT 1, C4<0000>, C4<0>, C4<0>, C4<0>;
v0x7c5093020_0 .net/2u *"_ivl_114", 3 0, L_0x7c4878a78;  1 drivers
v0x7c50930c0_0 .net *"_ivl_116", 0 0, L_0x7c5099220;  1 drivers
L_0x7c4878ac0 .functor BUFT 1, C4<00000000>, C4<0>, C4<0>, C4<0>;
v0x7c5093160_0 .net/2u *"_ivl_118", 7 0, L_0x7c4878ac0;  1 drivers
L_0x7c4878b08 .functor BUFT 1, C4<0000>, C4<0>, C4<0>, C4<0>;
v0x7c5093200_0 .net/2u *"_ivl_122", 3 0, L_0x7c4878b08;  1 drivers
v0x7c50932a0_0 .net *"_ivl_124", 0 0, L_0x7c50992c0;  1 drivers
L_0x7c4878b50 .functor BUFT 1, C4<00000000>, C4<0>, C4<0>, C4<0>;
v0x7c5093340_0 .net/2u *"_ivl_126", 7 0, L_0x7c4878b50;  1 drivers
v0x7c50933e0_0 .net *"_ivl_132", 33 0, L_0x7c502e800;  1 drivers
L_0x7c4878b98 .functor BUFT 1, C4<000000000000000000000>, C4<0>, C4<0>, C4<0>;
v0x7c5093480_0 .net *"_ivl_135", 20 0, L_0x7c4878b98;  1 drivers
L_0x7c4878be0 .functor BUFT 1, C4<0000000000000000000000000001000110>, C4<0>, C4<0>, C4<0>;
v0x7c5093520_0 .net/2u *"_ivl_136", 33 0, L_0x7c4878be0;  1 drivers
v0x7c50935c0_0 .net *"_ivl_138", 0 0, L_0x7c5099360;  1 drivers
L_0x7c4878208 .functor BUFT 1, C4<0000000000000000000>, C4<0>, C4<0>, C4<0>;
v0x7c5093660_0 .net *"_ivl_14", 18 0, L_0x7c4878208;  1 drivers
L_0x7c4878c28 .functor BUFT 1, C4<0000000000000>, C4<0>, C4<0>, C4<0>;
v0x7c5093700_0 .net/2u *"_ivl_140", 12 0, L_0x7c4878c28;  1 drivers
L_0x7c4878c70 .functor BUFT 1, C4<0000000000001>, C4<0>, C4<0>, C4<0>;
v0x7c50937a0_0 .net/2u *"_ivl_142", 12 0, L_0x7c4878c70;  1 drivers
v0x7c5093840_0 .net *"_ivl_144", 12 0, L_0x7c4c7f5c0;  1 drivers
L_0x7c4878cb8 .functor BUFT 1, C4<0000000000000>, C4<0>, C4<0>, C4<0>;
v0x7c50938e0_0 .net/2u *"_ivl_152", 12 0, L_0x7c4878cb8;  1 drivers
v0x7c5093980_0 .net *"_ivl_154", 0 0, L_0x7c5099400;  1 drivers
v0x7c5093a20_0 .net *"_ivl_157", 0 0, L_0x7c502afb0;  1 drivers
L_0x7c4878d00 .functor BUFT 1, C4<0000000000000>, C4<0>, C4<0>, C4<0>;
v0x7c5093ac0_0 .net/2u *"_ivl_158", 12 0, L_0x7c4878d00;  1 drivers
v0x7c5093b60_0 .net *"_ivl_160", 0 0, L_0x7c50994a0;  1 drivers
v0x7c5093c00_0 .net *"_ivl_164", 31 0, L_0x7c502e8a0;  1 drivers
L_0x7c4878d48 .functor BUFT 1, C4<0000000000000000000>, C4<0>, C4<0>, C4<0>;
v0x7c5093ca0_0 .net *"_ivl_167", 18 0, L_0x7c4878d48;  1 drivers
L_0x7c4878d90 .functor BUFT 1, C4<00000000000000000000000000111111>, C4<0>, C4<0>, C4<0>;
v0x7c5093d40_0 .net/2u *"_ivl_168", 31 0, L_0x7c4878d90;  1 drivers
v0x7c5093de0_0 .net *"_ivl_170", 0 0, L_0x7c5099540;  1 drivers
L_0x7c48782e0 .functor BUFT 1, C4<0000000000000000000>, C4<0>, C4<0>, C4<0>;
v0x7c5093e80_0 .net *"_ivl_18", 18 0, L_0x7c48782e0;  1 drivers
L_0x7c48780a0 .functor BUFT 1, C4<0000000000000000000>, C4<0>, C4<0>, C4<0>;
v0x7c5093f20_0 .net *"_ivl_2", 18 0, L_0x7c48780a0;  1 drivers
L_0x7c4878328 .functor BUFT 1, C4<0000000000000000000>, C4<0>, C4<0>, C4<0>;
v0x7c5094000_0 .net *"_ivl_22", 18 0, L_0x7c4878328;  1 drivers
L_0x7c4878400 .functor BUFT 1, C4<0000000000000000000>, C4<0>, C4<0>, C4<0>;
v0x7c50940a0_0 .net *"_ivl_26", 18 0, L_0x7c4878400;  1 drivers
L_0x7c4878448 .functor BUFT 1, C4<0000000000000000000>, C4<0>, C4<0>, C4<0>;
v0x7c5094140_0 .net *"_ivl_30", 18 0, L_0x7c4878448;  1 drivers
L_0x7c4878520 .functor BUFT 1, C4<0000000000000000000>, C4<0>, C4<0>, C4<0>;
v0x7c50941e0_0 .net *"_ivl_34", 18 0, L_0x7c4878520;  1 drivers
L_0x7c4878568 .functor BUFT 1, C4<0000000000000000000>, C4<0>, C4<0>, C4<0>;
v0x7c5094280_0 .net *"_ivl_38", 18 0, L_0x7c4878568;  1 drivers
L_0x7c4878640 .functor BUFT 1, C4<0000000000000000000>, C4<0>, C4<0>, C4<0>;
v0x7c5094320_0 .net *"_ivl_42", 18 0, L_0x7c4878640;  1 drivers
L_0x7c4878688 .functor BUFT 1, C4<0000000000000000000>, C4<0>, C4<0>, C4<0>;
v0x7c50943c0_0 .net *"_ivl_46", 18 0, L_0x7c4878688;  1 drivers
L_0x7c4878760 .functor BUFT 1, C4<0000000000000000000>, C4<0>, C4<0>, C4<0>;
v0x7c5094460_0 .net *"_ivl_50", 18 0, L_0x7c4878760;  1 drivers
L_0x7c48787a8 .functor BUFT 1, C4<0000000000000000000>, C4<0>, C4<0>, C4<0>;
v0x7c5094500_0 .net *"_ivl_54", 18 0, L_0x7c48787a8;  1 drivers
v0x7c50945a0_0 .net *"_ivl_56", 31 0, L_0x7c502e6c0;  1 drivers
L_0x7c48787f0 .functor BUFT 1, C4<0000000000000000000>, C4<0>, C4<0>, C4<0>;
v0x7c5094640_0 .net *"_ivl_59", 18 0, L_0x7c48787f0;  1 drivers
L_0x7c48780e8 .functor BUFT 1, C4<0000000000000000000>, C4<0>, C4<0>, C4<0>;
v0x7c50946e0_0 .net *"_ivl_6", 18 0, L_0x7c48780e8;  1 drivers
L_0x7c4878838 .functor BUFT 1, C4<00000000000000000000000000000111>, C4<0>, C4<0>, C4<0>;
v0x7c5094780_0 .net/2u *"_ivl_60", 31 0, L_0x7c4878838;  1 drivers
v0x7c5094820_0 .net *"_ivl_62", 0 0, L_0x7c5098dc0;  1 drivers
v0x7c50948c0_0 .net *"_ivl_65", 0 0, L_0x7c502ab50;  1 drivers
v0x7c5094960_0 .net *"_ivl_66", 31 0, L_0x7c502e760;  1 drivers
L_0x7c4878880 .functor BUFT 1, C4<0000000000000000000>, C4<0>, C4<0>, C4<0>;
v0x7c5094a00_0 .net *"_ivl_69", 18 0, L_0x7c4878880;  1 drivers
L_0x7c48788c8 .functor BUFT 1, C4<00000000000000000000000000000111>, C4<0>, C4<0>, C4<0>;
v0x7c5094aa0_0 .net/2u *"_ivl_70", 31 0, L_0x7c48788c8;  1 drivers
v0x7c5094b40_0 .net *"_ivl_72", 0 0, L_0x7c5098e60;  1 drivers
v0x7c5094be0_0 .net *"_ivl_77", 0 0, L_0x7c5098f00;  1 drivers
v0x7c5094c80_0 .net *"_ivl_81", 0 0, L_0x7c502aca0;  1 drivers
L_0x7c4878910 .functor BUFT 1, C4<0000>, C4<0>, C4<0>, C4<0>;
v0x7c5094d20_0 .net/2u *"_ivl_82", 3 0, L_0x7c4878910;  1 drivers
v0x7c5094dc0_0 .net *"_ivl_84", 0 0, L_0x7c5098fa0;  1 drivers
L_0x7c4878958 .functor BUFT 1, C4<0000>, C4<0>, C4<0>, C4<0>;
v0x7c5094e60_0 .net/2u *"_ivl_88", 3 0, L_0x7c4878958;  1 drivers
v0x7c5094f00_0 .net *"_ivl_90", 0 0, L_0x7c5099040;  1 drivers
L_0x7c48789a0 .functor BUFT 1, C4<00000000>, C4<0>, C4<0>, C4<0>;
v0x7c5094fa0_0 .net/2u *"_ivl_92", 7 0, L_0x7c48789a0;  1 drivers
v0x7c5095040_0 .net *"_ivl_96", 0 0, L_0x7c502ad80;  1 drivers
v0x7c50950e0_0 .net *"_ivl_98", 0 0, L_0x7c502adf0;  1 drivers
v0x7c5095180_0 .net "clk", 0 0, v0x7c5097200_0;  1 drivers
v0x7c5095220_0 .var "flush_active", 0 0;
v0x7c50952c0_0 .var "flush_c", 3 0;
v0x7c5095360_0 .var "flush_r", 3 0;
v0x7c5095400_0 .var "flush_r_d", 3 0;
v0x7c50954a0_0 .var "flush_r_d2", 3 0;
v0x7c5095540_0 .var "frame_end", 0 0;
v0x7c50955e0_0 .var "h_in_vld", 0 0;
v0x7c5095680_0 .var "h_out", 7 0;
v0x7c5095720_0 .var "h_out_d", 7 0;
v0x7c50957c0 .array "h_sh", 7 0, 7 0;
v0x7c5095860_0 .var "h_vld", 0 0;
v0x7c5095900_0 .var/i "i", 31 0;
v0x7c503e120_0 .array/port v0x7c503e120, 0;
v0x7c50959a0 .array "lb_read", 6 0;
v0x7c50959a0_0 .net v0x7c50959a0 0, 7 0, v0x7c503e120_0; 1 drivers
v0x7c503ed00_0 .array/port v0x7c503ed00, 0;
v0x7c50959a0_1 .net v0x7c50959a0 1, 7 0, v0x7c503ed00_0; 1 drivers
v0x7c503f8e0_0 .array/port v0x7c503f8e0, 0;
v0x7c50959a0_2 .net v0x7c50959a0 2, 7 0, v0x7c503f8e0_0; 1 drivers
v0x7c5090500_0 .array/port v0x7c5090500, 0;
v0x7c50959a0_3 .net v0x7c50959a0 3, 7 0, v0x7c5090500_0; 1 drivers
v0x7c50910e0_0 .array/port v0x7c50910e0, 0;
v0x7c50959a0_4 .net v0x7c50959a0 4, 7 0, v0x7c50910e0_0; 1 drivers
v0x7c5091cc0_0 .array/port v0x7c5091cc0, 0;
v0x7c50959a0_5 .net v0x7c50959a0 5, 7 0, v0x7c5091cc0_0; 1 drivers
v0x7c50928a0_0 .array/port v0x7c50928a0, 0;
v0x7c50959a0_6 .net v0x7c50959a0 6, 7 0, v0x7c50928a0_0; 1 drivers
v0x7c5095a40 .array "lb_we", 6 0;
v0x7c5095a40_0 .net v0x7c5095a40 0, 0 0, L_0x7c502a140; 1 drivers
v0x7c5095a40_1 .net v0x7c5095a40 1, 0 0, L_0x7c5029e30; 1 drivers
v0x7c5095a40_2 .net v0x7c5095a40 2, 0 0, L_0x7c5029c70; 1 drivers
v0x7c5095a40_3 .net v0x7c5095a40 3, 0 0, L_0x7c5029ab0; 1 drivers
v0x7c5095a40_4 .net v0x7c5095a40 4, 0 0, L_0x7c50297a0; 1 drivers
v0x7c5095a40_5 .net v0x7c5095a40 5, 0 0, L_0x7c502a530; 1 drivers
v0x7c5095a40_6 .net v0x7c5095a40 6, 0 0, L_0x7c502a6f0; 1 drivers
v0x7c5095ae0_0 .net "m_axis_tdata", 7 0, L_0x7c4ca5c70;  alias, 1 drivers
v0x7c5095b80_0 .net "m_axis_tlast", 0 0, L_0x7c502b090;  alias, 1 drivers
v0x7c5095c20_0 .net "m_axis_tready", 0 0, v0x7c5097700_0;  1 drivers
v0x7c5095cc0_0 .net "m_axis_tuser", 0 0, L_0x7c502b020;  alias, 1 drivers
v0x7c5095d60_0 .net "m_axis_tvalid", 0 0, L_0x7c4ca5c00;  alias, 1 drivers
v0x7c5095e00_0 .var "out_col_cnt", 12 0;
v0x7c5095ea0_0 .var "out_pix", 12 0;
v0x7c5095f40_0 .var "out_r", 7 0;
v0x7c5095fe0_0 .var "out_row", 12 0;
v0x7c5096080_0 .var "out_row_cnt", 12 0;
v0x7c5096120_0 .var "out_vld", 0 0;
v0x7c50961c0_0 .var "pix_cnt", 12 0;
v0x7c5096260_0 .var "r_mod", 3 0;
v0x7c5096300_0 .net "rst_n", 0 0, v0x7c5097980_0;  1 drivers
v0x7c50963a0_0 .net "s_axis_tdata", 7 0, v0x7c5097a20_0;  1 drivers
v0x7c5096440_0 .net "s_axis_tlast", 0 0, v0x7c5097ac0_0;  1 drivers
v0x7c50964e0_0 .net "s_axis_tready", 0 0, L_0x7c502aed0;  alias, 1 drivers
v0x7c5096580_0 .net "s_axis_tuser", 0 0, v0x7c5097c00_0;  1 drivers
v0x7c5096620_0 .net "s_axis_tvalid", 0 0, v0x7c5097ca0_0;  1 drivers
v0x7c50966c0_0 .net "stall", 0 0, L_0x7c502ac30;  1 drivers
v0x7c5096760_0 .var "v_col", 12 0;
v0x7c5096800_0 .var "v_col_d", 12 0;
v0x7c50968a0_0 .net "v_cur", 7 0, L_0x7c4c6e260;  1 drivers
v0x7c5096940_0 .net "v_din", 7 0, L_0x7c4c6e1c0;  1 drivers
v0x7c50969e0_0 .net "v_in_vld", 0 0, L_0x7c502af40;  1 drivers
v0x7c5096a80_0 .var "v_in_vld_d", 0 0;
v0x7c5096b20_0 .var "v_row", 12 0;
v0x7c5096bc0_0 .net "w_emit", 0 0, L_0x7c502abc0;  1 drivers
v0x7c50957c0_0 .array/port v0x7c50957c0, 0;
v0x7c5096c60 .array "w_h_or", 7 0;
v0x7c5096c60_0 .net v0x7c5096c60 0, 7 0, v0x7c50957c0_0; 1 drivers
v0x7c5096c60_1 .net v0x7c5096c60 1, 7 0, L_0x7c502a290; 1 drivers
v0x7c5096c60_2 .net v0x7c5096c60 2, 7 0, L_0x7c502a370; 1 drivers
v0x7c5096c60_3 .net v0x7c5096c60 3, 7 0, L_0x7c502a4c0; 1 drivers
v0x7c5096c60_4 .net v0x7c5096c60 4, 7 0, L_0x7c502a3e0; 1 drivers
v0x7c5096c60_5 .net v0x7c5096c60 5, 7 0, L_0x7c502a450; 1 drivers
v0x7c5096c60_6 .net v0x7c5096c60 6, 7 0, L_0x7c5029ff0; 1 drivers
v0x7c5096c60_7 .net v0x7c5096c60 7, 7 0, L_0x7c502a060; 1 drivers
v0x7c5096d00_0 .net "w_in_data", 7 0, L_0x7c4c6e580;  1 drivers
v0x7c5096da0_0 .net "w_in_valid", 0 0, L_0x7c502ad10;  1 drivers
v0x7c5096e40_0 .net "w_lb_addr_r", 12 0, L_0x7c4c6e300;  1 drivers
v0x7c5096ee0_0 .net "w_lb_addr_w", 12 0, v0x7c5096800_0;  1 drivers
v0x7c5096f80 .array "w_v_or", 7 0;
v0x7c5096f80_0 .net v0x7c5096f80 0, 7 0, L_0x7c4ca5b90; 1 drivers
v0x7c5096f80_1 .net v0x7c5096f80 1, 7 0, L_0x7c502a840; 1 drivers
v0x7c5096f80_2 .net v0x7c5096f80 2, 7 0, L_0x7c502a8b0; 1 drivers
v0x7c5096f80_3 .net v0x7c5096f80 3, 7 0, L_0x7c502a920; 1 drivers
v0x7c5096f80_4 .net v0x7c5096f80 4, 7 0, L_0x7c502a990; 1 drivers
v0x7c5096f80_5 .net v0x7c5096f80 5, 7 0, L_0x7c502aa00; 1 drivers
v0x7c5096f80_6 .net v0x7c5096f80 6, 7 0, L_0x7c502aa70; 1 drivers
v0x7c5096f80_7 .net v0x7c5096f80 7, 7 0, L_0x7c502aae0; 1 drivers
E_0x7c4cc5680/0 .event negedge, v0x7c5096300_0;
E_0x7c4cc5680/1 .event posedge, v0x7c503db80_0;
E_0x7c4cc5680 .event/or E_0x7c4cc5680/0, E_0x7c4cc5680/1;
L_0x7c502de00 .concat [ 13 19 0 0], v0x7c5096800_0, L_0x7c48780a0;
L_0x7c502dea0 .concat [ 13 19 0 0], L_0x7c4c6e300, L_0x7c48780e8;
L_0x7c502df40 .concat [ 13 19 0 0], v0x7c5096800_0, L_0x7c48781c0;
L_0x7c502dfe0 .concat [ 13 19 0 0], L_0x7c4c6e300, L_0x7c4878208;
L_0x7c502e080 .concat [ 13 19 0 0], v0x7c5096800_0, L_0x7c48782e0;
L_0x7c502e120 .concat [ 13 19 0 0], L_0x7c4c6e300, L_0x7c4878328;
L_0x7c502e1c0 .concat [ 13 19 0 0], v0x7c5096800_0, L_0x7c4878400;
L_0x7c502e260 .concat [ 13 19 0 0], L_0x7c4c6e300, L_0x7c4878448;
L_0x7c502e300 .concat [ 13 19 0 0], v0x7c5096800_0, L_0x7c4878520;
L_0x7c502e3a0 .concat [ 13 19 0 0], L_0x7c4c6e300, L_0x7c4878568;
L_0x7c502e440 .concat [ 13 19 0 0], v0x7c5096800_0, L_0x7c4878640;
L_0x7c502e4e0 .concat [ 13 19 0 0], L_0x7c4c6e300, L_0x7c4878688;
L_0x7c502e580 .concat [ 13 19 0 0], v0x7c5096800_0, L_0x7c4878760;
L_0x7c502e620 .concat [ 13 19 0 0], L_0x7c4c6e300, L_0x7c48787a8;
L_0x7c502e6c0 .concat [ 13 19 0 0], v0x7c5096080_0, L_0x7c48787f0;
L_0x7c5098dc0 .cmp/ge 32, L_0x7c502e6c0, L_0x7c4878838;
L_0x7c502e760 .concat [ 13 19 0 0], v0x7c5095e00_0, L_0x7c4878880;
L_0x7c5098e60 .cmp/ge 32, L_0x7c502e760, L_0x7c48788c8;
L_0x7c5098f00 .reduce/nor v0x7c5097700_0;
L_0x7c5098fa0 .cmp/ne 4, v0x7c50952c0_0, L_0x7c4878910;
L_0x7c5099040 .cmp/ne 4, v0x7c50952c0_0, L_0x7c4878958;
L_0x7c4c6e580 .functor MUXZ 8, v0x7c5097a20_0, L_0x7c48789a0, L_0x7c5099040, C4<>;
L_0x7c50990e0 .cmp/eq 4, v0x7c50952c0_0, L_0x7c48789e8;
L_0x7c5099180 .cmp/ne 4, v0x7c5095400_0, L_0x7c4878a30;
L_0x7c5099220 .cmp/ne 4, v0x7c50954a0_0, L_0x7c4878a78;
L_0x7c4c6e1c0 .functor MUXZ 8, v0x7c5095720_0, L_0x7c4878ac0, L_0x7c5099220, C4<>;
L_0x7c50992c0 .cmp/ne 4, v0x7c50954a0_0, L_0x7c4878b08;
L_0x7c4c6e260 .functor MUXZ 8, v0x7c5095680_0, L_0x7c4878b50, L_0x7c50992c0, C4<>;
L_0x7c502e800 .concat [ 13 21 0 0], v0x7c5096760_0, L_0x7c4878b98;
L_0x7c5099360 .cmp/eq 34, L_0x7c502e800, L_0x7c4878be0;
L_0x7c4c7f5c0 .arith/sum 13, v0x7c5096760_0, L_0x7c4878c70;
L_0x7c4c6e300 .functor MUXZ 13, L_0x7c4c7f5c0, L_0x7c4878c28, L_0x7c5099360, C4<>;
L_0x7c5099400 .cmp/eq 13, v0x7c5095fe0_0, L_0x7c4878cb8;
L_0x7c50994a0 .cmp/eq 13, v0x7c5095ea0_0, L_0x7c4878d00;
L_0x7c502e8a0 .concat [ 13 19 0 0], v0x7c5095ea0_0, L_0x7c4878d48;
L_0x7c5099540 .cmp/eq 32, L_0x7c502e8a0, L_0x7c4878d90;
S_0x7c4cb4480 .scope generate, "gen_hor[0]" "gen_hor[0]" 4 115, 4 115 0, S_0x7c4cb4300;
 .timescale -9 -12;
P_0x7c4cb3e40 .param/l "g" 1 4 115, +C4<00>;
S_0x7c4cb4600 .scope generate, "genblk1" "genblk1" 4 116, 4 116 0, S_0x7c4cb4480;
 .timescale -9 -12;
S_0x7c4cb4780 .scope generate, "gen_hor[1]" "gen_hor[1]" 4 115, 4 115 0, S_0x7c4cb4300;
 .timescale -9 -12;
P_0x7c4cb3e80 .param/l "g" 1 4 115, +C4<01>;
S_0x7c4cb4900 .scope generate, "genblk1" "genblk1" 4 116, 4 116 0, S_0x7c4cb4780;
 .timescale -9 -12;
v0x7c50957c0_1 .array/port v0x7c50957c0, 1;
L_0x7c502a290 .functor OR 8, v0x7c50957c0_0, v0x7c50957c0_1, C4<00000000>, C4<00000000>;
S_0x7c4cb4a80 .scope generate, "gen_hor[2]" "gen_hor[2]" 4 115, 4 115 0, S_0x7c4cb4300;
 .timescale -9 -12;
P_0x7c4cb3ec0 .param/l "g" 1 4 115, +C4<010>;
S_0x7c4cb4c00 .scope generate, "genblk1" "genblk1" 4 116, 4 116 0, S_0x7c4cb4a80;
 .timescale -9 -12;
v0x7c50957c0_2 .array/port v0x7c50957c0, 2;
L_0x7c502a370 .functor OR 8, L_0x7c502a290, v0x7c50957c0_2, C4<00000000>, C4<00000000>;
S_0x7c4cb4d80 .scope generate, "gen_hor[3]" "gen_hor[3]" 4 115, 4 115 0, S_0x7c4cb4300;
 .timescale -9 -12;
P_0x7c4cb3f00 .param/l "g" 1 4 115, +C4<011>;
S_0x7c4cb4f00 .scope generate, "genblk1" "genblk1" 4 116, 4 116 0, S_0x7c4cb4d80;
 .timescale -9 -12;
v0x7c50957c0_3 .array/port v0x7c50957c0, 3;
L_0x7c502a4c0 .functor OR 8, L_0x7c502a370, v0x7c50957c0_3, C4<00000000>, C4<00000000>;
S_0x7c4cb5080 .scope generate, "gen_hor[4]" "gen_hor[4]" 4 115, 4 115 0, S_0x7c4cb4300;
 .timescale -9 -12;
P_0x7c4cb3f40 .param/l "g" 1 4 115, +C4<0100>;
S_0x7c4cb5200 .scope generate, "genblk1" "genblk1" 4 116, 4 116 0, S_0x7c4cb5080;
 .timescale -9 -12;
v0x7c50957c0_4 .array/port v0x7c50957c0, 4;
L_0x7c502a3e0 .functor OR 8, L_0x7c502a4c0, v0x7c50957c0_4, C4<00000000>, C4<00000000>;
S_0x7c4cb5380 .scope generate, "gen_hor[5]" "gen_hor[5]" 4 115, 4 115 0, S_0x7c4cb4300;
 .timescale -9 -12;
P_0x7c4cb3f80 .param/l "g" 1 4 115, +C4<0101>;
S_0x7c4cb5500 .scope generate, "genblk1" "genblk1" 4 116, 4 116 0, S_0x7c4cb5380;
 .timescale -9 -12;
v0x7c50957c0_5 .array/port v0x7c50957c0, 5;
L_0x7c502a450 .functor OR 8, L_0x7c502a3e0, v0x7c50957c0_5, C4<00000000>, C4<00000000>;
S_0x7c4cb5680 .scope generate, "gen_hor[6]" "gen_hor[6]" 4 115, 4 115 0, S_0x7c4cb4300;
 .timescale -9 -12;
P_0x7c4cb3fc0 .param/l "g" 1 4 115, +C4<0110>;
S_0x7c4cb5800 .scope generate, "genblk1" "genblk1" 4 116, 4 116 0, S_0x7c4cb5680;
 .timescale -9 -12;
v0x7c50957c0_6 .array/port v0x7c50957c0, 6;
L_0x7c5029ff0 .functor OR 8, L_0x7c502a450, v0x7c50957c0_6, C4<00000000>, C4<00000000>;
S_0x7c4cb5980 .scope generate, "gen_hor[7]" "gen_hor[7]" 4 115, 4 115 0, S_0x7c4cb4300;
 .timescale -9 -12;
P_0x7c4cd8000 .param/l "g" 1 4 115, +C4<0111>;
S_0x7c4cb5b00 .scope generate, "genblk1" "genblk1" 4 116, 4 116 0, S_0x7c4cb5980;
 .timescale -9 -12;
v0x7c50957c0_7 .array/port v0x7c50957c0, 7;
L_0x7c502a060 .functor OR 8, L_0x7c5029ff0, v0x7c50957c0_7, C4<00000000>, C4<00000000>;
S_0x7c4cb5c80 .scope generate, "gen_ver[0]" "gen_ver[0]" 4 225, 4 225 0, S_0x7c4cb4300;
 .timescale -9 -12;
P_0x7c4cd8040 .param/l "g" 1 4 225, +C4<00>;
S_0x7c4cb5e00 .scope generate, "genblk1" "genblk1" 4 226, 4 226 0, S_0x7c4cb5c80;
 .timescale -9 -12;
L_0x7c4ca5b90 .functor BUFZ 8, L_0x7c4c6e260, C4<00000000>, C4<00000000>, C4<00000000>;
S_0x7c4cb5f80 .scope generate, "gen_ver[1]" "gen_ver[1]" 4 225, 4 225 0, S_0x7c4cb4300;
 .timescale -9 -12;
P_0x7c4cd8080 .param/l "g" 1 4 225, +C4<01>;
S_0x7c4cb6100 .scope generate, "genblk1" "genblk1" 4 226, 4 226 0, S_0x7c4cb5f80;
 .timescale -9 -12;
L_0x7c502a840 .functor OR 8, L_0x7c4ca5b90, v0x7c503e120_0, C4<00000000>, C4<00000000>;
S_0x7c4cb6280 .scope generate, "gen_ver[2]" "gen_ver[2]" 4 225, 4 225 0, S_0x7c4cb4300;
 .timescale -9 -12;
P_0x7c4cd80c0 .param/l "g" 1 4 225, +C4<010>;
S_0x7c4cb6400 .scope generate, "genblk1" "genblk1" 4 226, 4 226 0, S_0x7c4cb6280;
 .timescale -9 -12;
L_0x7c502a8b0 .functor OR 8, L_0x7c502a840, v0x7c503ed00_0, C4<00000000>, C4<00000000>;
S_0x7c4cb6580 .scope generate, "gen_ver[3]" "gen_ver[3]" 4 225, 4 225 0, S_0x7c4cb4300;
 .timescale -9 -12;
P_0x7c4cd8100 .param/l "g" 1 4 225, +C4<011>;
S_0x7c4cb6700 .scope generate, "genblk1" "genblk1" 4 226, 4 226 0, S_0x7c4cb6580;
 .timescale -9 -12;
L_0x7c502a920 .functor OR 8, L_0x7c502a8b0, v0x7c503f8e0_0, C4<00000000>, C4<00000000>;
S_0x7c4cb6880 .scope generate, "gen_ver[4]" "gen_ver[4]" 4 225, 4 225 0, S_0x7c4cb4300;
 .timescale -9 -12;
P_0x7c4cd8140 .param/l "g" 1 4 225, +C4<0100>;
S_0x7c4cb6a00 .scope generate, "genblk1" "genblk1" 4 226, 4 226 0, S_0x7c4cb6880;
 .timescale -9 -12;
L_0x7c502a990 .functor OR 8, L_0x7c502a920, v0x7c5090500_0, C4<00000000>, C4<00000000>;
S_0x7c4cb6b80 .scope generate, "gen_ver[5]" "gen_ver[5]" 4 225, 4 225 0, S_0x7c4cb4300;
 .timescale -9 -12;
P_0x7c4cd8180 .param/l "g" 1 4 225, +C4<0101>;
S_0x7c4cb6d00 .scope generate, "genblk1" "genblk1" 4 226, 4 226 0, S_0x7c4cb6b80;
 .timescale -9 -12;
L_0x7c502aa00 .functor OR 8, L_0x7c502a990, v0x7c50910e0_0, C4<00000000>, C4<00000000>;
S_0x7c4cb6e80 .scope generate, "gen_ver[6]" "gen_ver[6]" 4 225, 4 225 0, S_0x7c4cb4300;
 .timescale -9 -12;
P_0x7c4cd81c0 .param/l "g" 1 4 225, +C4<0110>;
S_0x7c4cb7000 .scope generate, "genblk1" "genblk1" 4 226, 4 226 0, S_0x7c4cb6e80;
 .timescale -9 -12;
L_0x7c502aa70 .functor OR 8, L_0x7c502aa00, v0x7c5091cc0_0, C4<00000000>, C4<00000000>;
S_0x7c4cb7180 .scope generate, "gen_ver[7]" "gen_ver[7]" 4 225, 4 225 0, S_0x7c4cb4300;
 .timescale -9 -12;
P_0x7c4cd8200 .param/l "g" 1 4 225, +C4<0111>;
S_0x7c4cb7300 .scope generate, "genblk1" "genblk1" 4 226, 4 226 0, S_0x7c4cb7180;
 .timescale -9 -12;
L_0x7c502aae0 .functor OR 8, L_0x7c502aa70, v0x7c50928a0_0, C4<00000000>, C4<00000000>;
S_0x7c4cb7480 .scope generate, "gen_vlb[0]" "gen_vlb[0]" 4 205, 4 205 0, S_0x7c4cb4300;
 .timescale -9 -12;
P_0x7c4cd8240 .param/l "g" 1 4 205, +C4<00>;
L_0x7c502a0d0 .functor OR 1, L_0x7c502af40, v0x7c5096a80_0, C4<0>, C4<0>;
L_0x7c502a140 .functor AND 1, L_0x7c502a0d0, L_0x7c50980a0, C4<1>, C4<1>;
v0x7c503e300_0 .net *"_ivl_2", 0 0, L_0x7c502a0d0;  1 drivers
L_0x7c4878010 .functor BUFT 1, C4<0000>, C4<0>, C4<0>, C4<0>;
v0x7c503e3a0_0 .net/2u *"_ivl_3", 3 0, L_0x7c4878010;  1 drivers
v0x7c503e440_0 .net *"_ivl_5", 0 0, L_0x7c50980a0;  1 drivers
L_0x7c50980a0 .cmp/eq 4, v0x7c5096260_0, L_0x7c4878010;
L_0x7c50981e0 .reduce/nor L_0x7c502ac30;
S_0x7c4cb7600 .scope module, "u_lb" "xpm_memory_sdpram" 4 214, 5 18 0, S_0x7c4cb7480;
 .timescale -9 -12;
    .port_info 0 /INPUT 1 "clka";
    .port_info 1 /INPUT 1 "ena";
    .port_info 2 /INPUT 1 "wea";
    .port_info 3 /INPUT 32 "addra";
    .port_info 4 /INPUT 8 "dina";
    .port_info 5 /INPUT 1 "clkb";
    .port_info 6 /INPUT 1 "enb";
    .port_info 7 /INPUT 32 "addrb";
    .port_info 8 /OUTPUT 8 "doutb";
P_0x1016dae90 .param/l "DEPTH" 1 5 37, +C4<000000000000000000000000000000000000000000000000000000000001000111>;
P_0x1016daed0 .param/str "MEMORY_PRIMITIVE" 0 5 20, "auto";
P_0x1016daf10 .param/l "MEMORY_SIZE" 0 5 19, +C4<000000000000000000000000000000000000000000000000000000001000111000>;
P_0x1016daf50 .param/l "READ_DATA_WIDTH_B" 0 5 22, +C4<00000000000000000000000000001000>;
P_0x1016daf90 .param/l "READ_LATENCY_B" 0 5 23, +C4<00000000000000000000000000000001>;
P_0x1016dafd0 .param/l "SIM_ASSERT_CHK" 0 5 25, +C4<00000000000000000000000000000000>;
P_0x1016db010 .param/l "WRITE_DATA_WIDTH_A" 0 5 21, +C4<00000000000000000000000000001000>;
P_0x1016db050 .param/str "WRITE_MODE_A" 0 5 24, "read_first";
L_0x7c4878058 .functor BUFT 1, C4<1>, C4<0>, C4<0>, C4<0>;
L_0x7c502a1b0 .functor AND 1, L_0x7c4878058, L_0x7c502a140, C4<1>, C4<1>;
L_0x7c5029f10 .functor AND 1, L_0x7c502a1b0, L_0x7c5098140, C4<1>, C4<1>;
v0x7c503d900_0 .net *"_ivl_1", 0 0, L_0x7c502a1b0;  1 drivers
v0x7c503d9a0_0 .net *"_ivl_2", 0 0, L_0x7c5098140;  1 drivers
v0x7c503da40_0 .net "addra", 31 0, L_0x7c502de00;  1 drivers
v0x7c503dae0_0 .net "addrb", 31 0, L_0x7c502dea0;  1 drivers
v0x7c503db80_0 .net "clka", 0 0, v0x7c5097200_0;  alias, 1 drivers
v0x7c503dc20_0 .net "clkb", 0 0, v0x7c5097200_0;  alias, 1 drivers
v0x7c503dcc0_0 .net "dina", 7 0, L_0x7c4c6e1c0;  alias, 1 drivers
v0x7c503dd60_0 .net "doutb", 7 0, v0x7c503e120_0;  alias, 1 drivers
v0x7c503de00_0 .net "ena", 0 0, L_0x7c4878058;  1 drivers
v0x7c503dea0_0 .net "enb", 0 0, L_0x7c50981e0;  1 drivers
v0x7c503df40_0 .var/i "i", 31 0;
v0x7c503dfe0_0 .var/i "k", 31 0;
v0x7c503e080 .array "mem", 70 0, 7 0;
v0x7c503e120 .array "pipe", 3 0, 7 0;
v0x7c503e1c0_0 .net "w_collision", 0 0, L_0x7c5029f10;  1 drivers
v0x7c503e260_0 .net "wea", 0 0, L_0x7c502a140;  alias, 1 drivers
L_0x7c5098140 .cmp/eq 32, L_0x7c502de00, L_0x7c502dea0;
S_0x7c4cb7780 .scope generate, "gen_vlb[1]" "gen_vlb[1]" 4 205, 4 205 0, S_0x7c4cb4300;
 .timescale -9 -12;
P_0x7c4cd8280 .param/l "g" 1 4 205, +C4<01>;
L_0x7c5029f80 .functor OR 1, L_0x7c502af40, v0x7c5096a80_0, C4<0>, C4<0>;
L_0x7c5029e30 .functor AND 1, L_0x7c5029f80, L_0x7c5098280, C4<1>, C4<1>;
v0x7c503eee0_0 .net *"_ivl_2", 0 0, L_0x7c5029f80;  1 drivers
L_0x7c4878130 .functor BUFT 1, C4<0001>, C4<0>, C4<0>, C4<0>;
v0x7c503ef80_0 .net/2u *"_ivl_3", 3 0, L_0x7c4878130;  1 drivers
v0x7c503f020_0 .net *"_ivl_5", 0 0, L_0x7c5098280;  1 drivers
L_0x7c5098280 .cmp/eq 4, v0x7c5096260_0, L_0x7c4878130;
L_0x7c50983c0 .reduce/nor L_0x7c502ac30;
S_0x7c4cb7900 .scope module, "u_lb" "xpm_memory_sdpram" 4 214, 5 18 0, S_0x7c4cb7780;
 .timescale -9 -12;
    .port_info 0 /INPUT 1 "clka";
    .port_info 1 /INPUT 1 "ena";
    .port_info 2 /INPUT 1 "wea";
    .port_info 3 /INPUT 32 "addra";
    .port_info 4 /INPUT 8 "dina";
    .port_info 5 /INPUT 1 "clkb";
    .port_info 6 /INPUT 1 "enb";
    .port_info 7 /INPUT 32 "addrb";
    .port_info 8 /OUTPUT 8 "doutb";
P_0x1016e5880 .param/l "DEPTH" 1 5 37, +C4<000000000000000000000000000000000000000000000000000000000001000111>;
P_0x1016e58c0 .param/str "MEMORY_PRIMITIVE" 0 5 20, "auto";
P_0x1016e5900 .param/l "MEMORY_SIZE" 0 5 19, +C4<000000000000000000000000000000000000000000000000000000001000111000>;
P_0x1016e5940 .param/l "READ_DATA_WIDTH_B" 0 5 22, +C4<00000000000000000000000000001000>;
P_0x1016e5980 .param/l "READ_LATENCY_B" 0 5 23, +C4<00000000000000000000000000000001>;
P_0x1016e59c0 .param/l "SIM_ASSERT_CHK" 0 5 25, +C4<00000000000000000000000000000000>;
P_0x1016e5a00 .param/l "WRITE_DATA_WIDTH_A" 0 5 21, +C4<00000000000000000000000000001000>;
P_0x1016e5a40 .param/str "WRITE_MODE_A" 0 5 24, "read_first";
L_0x7c4878178 .functor BUFT 1, C4<1>, C4<0>, C4<0>, C4<0>;
L_0x7c5029ea0 .functor AND 1, L_0x7c4878178, L_0x7c5029e30, C4<1>, C4<1>;
L_0x7c5029d50 .functor AND 1, L_0x7c5029ea0, L_0x7c5098320, C4<1>, C4<1>;
v0x7c503e4e0_0 .net *"_ivl_1", 0 0, L_0x7c5029ea0;  1 drivers
v0x7c503e580_0 .net *"_ivl_2", 0 0, L_0x7c5098320;  1 drivers
v0x7c503e620_0 .net "addra", 31 0, L_0x7c502df40;  1 drivers
v0x7c503e6c0_0 .net "addrb", 31 0, L_0x7c502dfe0;  1 drivers
v0x7c503e760_0 .net "clka", 0 0, v0x7c5097200_0;  alias, 1 drivers
v0x7c503e800_0 .net "clkb", 0 0, v0x7c5097200_0;  alias, 1 drivers
v0x7c503e8a0_0 .net "dina", 7 0, L_0x7c4c6e1c0;  alias, 1 drivers
v0x7c503e940_0 .net "doutb", 7 0, v0x7c503ed00_0;  alias, 1 drivers
v0x7c503e9e0_0 .net "ena", 0 0, L_0x7c4878178;  1 drivers
v0x7c503ea80_0 .net "enb", 0 0, L_0x7c50983c0;  1 drivers
v0x7c503eb20_0 .var/i "i", 31 0;
v0x7c503ebc0_0 .var/i "k", 31 0;
v0x7c503ec60 .array "mem", 70 0, 7 0;
v0x7c503ed00 .array "pipe", 3 0, 7 0;
v0x7c503eda0_0 .net "w_collision", 0 0, L_0x7c5029d50;  1 drivers
v0x7c503ee40_0 .net "wea", 0 0, L_0x7c5029e30;  alias, 1 drivers
L_0x7c5098320 .cmp/eq 32, L_0x7c502df40, L_0x7c502dfe0;
S_0x7c4cb7a80 .scope generate, "gen_vlb[2]" "gen_vlb[2]" 4 205, 4 205 0, S_0x7c4cb4300;
 .timescale -9 -12;
P_0x7c4cd82c0 .param/l "g" 1 4 205, +C4<010>;
L_0x7c5029dc0 .functor OR 1, L_0x7c502af40, v0x7c5096a80_0, C4<0>, C4<0>;
L_0x7c5029c70 .functor AND 1, L_0x7c5029dc0, L_0x7c5098460, C4<1>, C4<1>;
v0x7c503fac0_0 .net *"_ivl_2", 0 0, L_0x7c5029dc0;  1 drivers
L_0x7c4878250 .functor BUFT 1, C4<0010>, C4<0>, C4<0>, C4<0>;
v0x7c503fb60_0 .net/2u *"_ivl_3", 3 0, L_0x7c4878250;  1 drivers
v0x7c503fc00_0 .net *"_ivl_5", 0 0, L_0x7c5098460;  1 drivers
L_0x7c5098460 .cmp/eq 4, v0x7c5096260_0, L_0x7c4878250;
L_0x7c50985a0 .reduce/nor L_0x7c502ac30;
S_0x7c4cb7c00 .scope module, "u_lb" "xpm_memory_sdpram" 4 214, 5 18 0, S_0x7c4cb7a80;
 .timescale -9 -12;
    .port_info 0 /INPUT 1 "clka";
    .port_info 1 /INPUT 1 "ena";
    .port_info 2 /INPUT 1 "wea";
    .port_info 3 /INPUT 32 "addra";
    .port_info 4 /INPUT 8 "dina";
    .port_info 5 /INPUT 1 "clkb";
    .port_info 6 /INPUT 1 "enb";
    .port_info 7 /INPUT 32 "addrb";
    .port_info 8 /OUTPUT 8 "doutb";
P_0x1016f0a80 .param/l "DEPTH" 1 5 37, +C4<000000000000000000000000000000000000000000000000000000000001000111>;
P_0x1016f0ac0 .param/str "MEMORY_PRIMITIVE" 0 5 20, "auto";
P_0x1016f0b00 .param/l "MEMORY_SIZE" 0 5 19, +C4<000000000000000000000000000000000000000000000000000000001000111000>;
P_0x1016f0b40 .param/l "READ_DATA_WIDTH_B" 0 5 22, +C4<00000000000000000000000000001000>;
P_0x1016f0b80 .param/l "READ_LATENCY_B" 0 5 23, +C4<00000000000000000000000000000001>;
P_0x1016f0bc0 .param/l "SIM_ASSERT_CHK" 0 5 25, +C4<00000000000000000000000000000000>;
P_0x1016f0c00 .param/l "WRITE_DATA_WIDTH_A" 0 5 21, +C4<00000000000000000000000000001000>;
P_0x1016f0c40 .param/str "WRITE_MODE_A" 0 5 24, "read_first";
L_0x7c4878298 .functor BUFT 1, C4<1>, C4<0>, C4<0>, C4<0>;
L_0x7c5029ce0 .functor AND 1, L_0x7c4878298, L_0x7c5029c70, C4<1>, C4<1>;
L_0x7c5029b90 .functor AND 1, L_0x7c5029ce0, L_0x7c5098500, C4<1>, C4<1>;
v0x7c503f0c0_0 .net *"_ivl_1", 0 0, L_0x7c5029ce0;  1 drivers
v0x7c503f160_0 .net *"_ivl_2", 0 0, L_0x7c5098500;  1 drivers
v0x7c503f200_0 .net "addra", 31 0, L_0x7c502e080;  1 drivers
v0x7c503f2a0_0 .net "addrb", 31 0, L_0x7c502e120;  1 drivers
v0x7c503f340_0 .net "clka", 0 0, v0x7c5097200_0;  alias, 1 drivers
v0x7c503f3e0_0 .net "clkb", 0 0, v0x7c5097200_0;  alias, 1 drivers
v0x7c503f480_0 .net "dina", 7 0, L_0x7c4c6e1c0;  alias, 1 drivers
v0x7c503f520_0 .net "doutb", 7 0, v0x7c503f8e0_0;  alias, 1 drivers
v0x7c503f5c0_0 .net "ena", 0 0, L_0x7c4878298;  1 drivers
v0x7c503f660_0 .net "enb", 0 0, L_0x7c50985a0;  1 drivers
v0x7c503f700_0 .var/i "i", 31 0;
v0x7c503f7a0_0 .var/i "k", 31 0;
v0x7c503f840 .array "mem", 70 0, 7 0;
v0x7c503f8e0 .array "pipe", 3 0, 7 0;
v0x7c503f980_0 .net "w_collision", 0 0, L_0x7c5029b90;  1 drivers
v0x7c503fa20_0 .net "wea", 0 0, L_0x7c5029c70;  alias, 1 drivers
L_0x7c5098500 .cmp/eq 32, L_0x7c502e080, L_0x7c502e120;
S_0x7c4cb7d80 .scope generate, "gen_vlb[3]" "gen_vlb[3]" 4 205, 4 205 0, S_0x7c4cb4300;
 .timescale -9 -12;
P_0x7c4cd8300 .param/l "g" 1 4 205, +C4<011>;
L_0x7c5029c00 .functor OR 1, L_0x7c502af40, v0x7c5096a80_0, C4<0>, C4<0>;
L_0x7c5029ab0 .functor AND 1, L_0x7c5029c00, L_0x7c5098640, C4<1>, C4<1>;
v0x7c50906e0_0 .net *"_ivl_2", 0 0, L_0x7c5029c00;  1 drivers
L_0x7c4878370 .functor BUFT 1, C4<0011>, C4<0>, C4<0>, C4<0>;
v0x7c5090780_0 .net/2u *"_ivl_3", 3 0, L_0x7c4878370;  1 drivers
v0x7c5090820_0 .net *"_ivl_5", 0 0, L_0x7c5098640;  1 drivers
L_0x7c5098640 .cmp/eq 4, v0x7c5096260_0, L_0x7c4878370;
L_0x7c5098780 .reduce/nor L_0x7c502ac30;
S_0x7c4ce0000 .scope module, "u_lb" "xpm_memory_sdpram" 4 214, 5 18 0, S_0x7c4cb7d80;
 .timescale -9 -12;
    .port_info 0 /INPUT 1 "clka";
    .port_info 1 /INPUT 1 "ena";
    .port_info 2 /INPUT 1 "wea";
    .port_info 3 /INPUT 32 "addra";
    .port_info 4 /INPUT 8 "dina";
    .port_info 5 /INPUT 1 "clkb";
    .port_info 6 /INPUT 1 "enb";
    .port_info 7 /INPUT 32 "addrb";
    .port_info 8 /OUTPUT 8 "doutb";
P_0x1016f0c80 .param/l "DEPTH" 1 5 37, +C4<000000000000000000000000000000000000000000000000000000000001000111>;
P_0x1016f0cc0 .param/str "MEMORY_PRIMITIVE" 0 5 20, "auto";
P_0x1016f0d00 .param/l "MEMORY_SIZE" 0 5 19, +C4<000000000000000000000000000000000000000000000000000000001000111000>;
P_0x1016f0d40 .param/l "READ_DATA_WIDTH_B" 0 5 22, +C4<00000000000000000000000000001000>;
P_0x1016f0d80 .param/l "READ_LATENCY_B" 0 5 23, +C4<00000000000000000000000000000001>;
P_0x1016f0dc0 .param/l "SIM_ASSERT_CHK" 0 5 25, +C4<00000000000000000000000000000000>;
P_0x1016f0e00 .param/l "WRITE_DATA_WIDTH_A" 0 5 21, +C4<00000000000000000000000000001000>;
P_0x1016f0e40 .param/str "WRITE_MODE_A" 0 5 24, "read_first";
L_0x7c48783b8 .functor BUFT 1, C4<1>, C4<0>, C4<0>, C4<0>;
L_0x7c5029b20 .functor AND 1, L_0x7c48783b8, L_0x7c5029ab0, C4<1>, C4<1>;
L_0x7c50299d0 .functor AND 1, L_0x7c5029b20, L_0x7c50986e0, C4<1>, C4<1>;
v0x7c503fca0_0 .net *"_ivl_1", 0 0, L_0x7c5029b20;  1 drivers
v0x7c503fd40_0 .net *"_ivl_2", 0 0, L_0x7c50986e0;  1 drivers
v0x7c503fde0_0 .net "addra", 31 0, L_0x7c502e1c0;  1 drivers
v0x7c503fe80_0 .net "addrb", 31 0, L_0x7c502e260;  1 drivers
v0x7c503ff20_0 .net "clka", 0 0, v0x7c5097200_0;  alias, 1 drivers
v0x7c5090000_0 .net "clkb", 0 0, v0x7c5097200_0;  alias, 1 drivers
v0x7c50900a0_0 .net "dina", 7 0, L_0x7c4c6e1c0;  alias, 1 drivers
v0x7c5090140_0 .net "doutb", 7 0, v0x7c5090500_0;  alias, 1 drivers
v0x7c50901e0_0 .net "ena", 0 0, L_0x7c48783b8;  1 drivers
v0x7c5090280_0 .net "enb", 0 0, L_0x7c5098780;  1 drivers
v0x7c5090320_0 .var/i "i", 31 0;
v0x7c50903c0_0 .var/i "k", 31 0;
v0x7c5090460 .array "mem", 70 0, 7 0;
v0x7c5090500 .array "pipe", 3 0, 7 0;
v0x7c50905a0_0 .net "w_collision", 0 0, L_0x7c50299d0;  1 drivers
v0x7c5090640_0 .net "wea", 0 0, L_0x7c5029ab0;  alias, 1 drivers
L_0x7c50986e0 .cmp/eq 32, L_0x7c502e1c0, L_0x7c502e260;
S_0x7c4ce0180 .scope generate, "gen_vlb[4]" "gen_vlb[4]" 4 205, 4 205 0, S_0x7c4cb4300;
 .timescale -9 -12;
P_0x7c4cd8340 .param/l "g" 1 4 205, +C4<0100>;
L_0x7c5029a40 .functor OR 1, L_0x7c502af40, v0x7c5096a80_0, C4<0>, C4<0>;
L_0x7c50297a0 .functor AND 1, L_0x7c5029a40, L_0x7c5098820, C4<1>, C4<1>;
v0x7c50912c0_0 .net *"_ivl_2", 0 0, L_0x7c5029a40;  1 drivers
L_0x7c4878490 .functor BUFT 1, C4<0100>, C4<0>, C4<0>, C4<0>;
v0x7c5091360_0 .net/2u *"_ivl_3", 3 0, L_0x7c4878490;  1 drivers
v0x7c5091400_0 .net *"_ivl_5", 0 0, L_0x7c5098820;  1 drivers
L_0x7c5098820 .cmp/eq 4, v0x7c5096260_0, L_0x7c4878490;
L_0x7c5098960 .reduce/nor L_0x7c502ac30;
S_0x7c4ce0300 .scope module, "u_lb" "xpm_memory_sdpram" 4 214, 5 18 0, S_0x7c4ce0180;
 .timescale -9 -12;
    .port_info 0 /INPUT 1 "clka";
    .port_info 1 /INPUT 1 "ena";
    .port_info 2 /INPUT 1 "wea";
    .port_info 3 /INPUT 32 "addra";
    .port_info 4 /INPUT 8 "dina";
    .port_info 5 /INPUT 1 "clkb";
    .port_info 6 /INPUT 1 "enb";
    .port_info 7 /INPUT 32 "addrb";
    .port_info 8 /OUTPUT 8 "doutb";
P_0x1016f0e80 .param/l "DEPTH" 1 5 37, +C4<000000000000000000000000000000000000000000000000000000000001000111>;
P_0x1016f0ec0 .param/str "MEMORY_PRIMITIVE" 0 5 20, "auto";
P_0x1016f0f00 .param/l "MEMORY_SIZE" 0 5 19, +C4<000000000000000000000000000000000000000000000000000000001000111000>;
P_0x1016f0f40 .param/l "READ_DATA_WIDTH_B" 0 5 22, +C4<00000000000000000000000000001000>;
P_0x1016f0f80 .param/l "READ_LATENCY_B" 0 5 23, +C4<00000000000000000000000000000001>;
P_0x1016f0fc0 .param/l "SIM_ASSERT_CHK" 0 5 25, +C4<00000000000000000000000000000000>;
P_0x1016f1000 .param/l "WRITE_DATA_WIDTH_A" 0 5 21, +C4<00000000000000000000000000001000>;
P_0x1016f1040 .param/str "WRITE_MODE_A" 0 5 24, "read_first";
L_0x7c48784d8 .functor BUFT 1, C4<1>, C4<0>, C4<0>, C4<0>;
L_0x7c5029810 .functor AND 1, L_0x7c48784d8, L_0x7c50297a0, C4<1>, C4<1>;
L_0x7c5029880 .functor AND 1, L_0x7c5029810, L_0x7c50988c0, C4<1>, C4<1>;
v0x7c50908c0_0 .net *"_ivl_1", 0 0, L_0x7c5029810;  1 drivers
v0x7c5090960_0 .net *"_ivl_2", 0 0, L_0x7c50988c0;  1 drivers
v0x7c5090a00_0 .net "addra", 31 0, L_0x7c502e300;  1 drivers
v0x7c5090aa0_0 .net "addrb", 31 0, L_0x7c502e3a0;  1 drivers
v0x7c5090b40_0 .net "clka", 0 0, v0x7c5097200_0;  alias, 1 drivers
v0x7c5090be0_0 .net "clkb", 0 0, v0x7c5097200_0;  alias, 1 drivers
v0x7c5090c80_0 .net "dina", 7 0, L_0x7c4c6e1c0;  alias, 1 drivers
v0x7c5090d20_0 .net "doutb", 7 0, v0x7c50910e0_0;  alias, 1 drivers
v0x7c5090dc0_0 .net "ena", 0 0, L_0x7c48784d8;  1 drivers
v0x7c5090e60_0 .net "enb", 0 0, L_0x7c5098960;  1 drivers
v0x7c5090f00_0 .var/i "i", 31 0;
v0x7c5090fa0_0 .var/i "k", 31 0;
v0x7c5091040 .array "mem", 70 0, 7 0;
v0x7c50910e0 .array "pipe", 3 0, 7 0;
v0x7c5091180_0 .net "w_collision", 0 0, L_0x7c5029880;  1 drivers
v0x7c5091220_0 .net "wea", 0 0, L_0x7c50297a0;  alias, 1 drivers
L_0x7c50988c0 .cmp/eq 32, L_0x7c502e300, L_0x7c502e3a0;
S_0x7c4ce0480 .scope generate, "gen_vlb[5]" "gen_vlb[5]" 4 205, 4 205 0, S_0x7c4cb4300;
 .timescale -9 -12;
P_0x7c4cd8380 .param/l "g" 1 4 205, +C4<0101>;
L_0x7c50298f0 .functor OR 1, L_0x7c502af40, v0x7c5096a80_0, C4<0>, C4<0>;
L_0x7c502a530 .functor AND 1, L_0x7c50298f0, L_0x7c5098a00, C4<1>, C4<1>;
v0x7c5091ea0_0 .net *"_ivl_2", 0 0, L_0x7c50298f0;  1 drivers
L_0x7c48785b0 .functor BUFT 1, C4<0101>, C4<0>, C4<0>, C4<0>;
v0x7c5091f40_0 .net/2u *"_ivl_3", 3 0, L_0x7c48785b0;  1 drivers
v0x7c5091fe0_0 .net *"_ivl_5", 0 0, L_0x7c5098a00;  1 drivers
L_0x7c5098a00 .cmp/eq 4, v0x7c5096260_0, L_0x7c48785b0;
L_0x7c5098b40 .reduce/nor L_0x7c502ac30;
S_0x7c4ce0600 .scope module, "u_lb" "xpm_memory_sdpram" 4 214, 5 18 0, S_0x7c4ce0480;
 .timescale -9 -12;
    .port_info 0 /INPUT 1 "clka";
    .port_info 1 /INPUT 1 "ena";
    .port_info 2 /INPUT 1 "wea";
    .port_info 3 /INPUT 32 "addra";
    .port_info 4 /INPUT 8 "dina";
    .port_info 5 /INPUT 1 "clkb";
    .port_info 6 /INPUT 1 "enb";
    .port_info 7 /INPUT 32 "addrb";
    .port_info 8 /OUTPUT 8 "doutb";
P_0x1016f0080 .param/l "DEPTH" 1 5 37, +C4<000000000000000000000000000000000000000000000000000000000001000111>;
P_0x1016f00c0 .param/str "MEMORY_PRIMITIVE" 0 5 20, "auto";
P_0x1016f0100 .param/l "MEMORY_SIZE" 0 5 19, +C4<000000000000000000000000000000000000000000000000000000001000111000>;
P_0x1016f0140 .param/l "READ_DATA_WIDTH_B" 0 5 22, +C4<00000000000000000000000000001000>;
P_0x1016f0180 .param/l "READ_LATENCY_B" 0 5 23, +C4<00000000000000000000000000000001>;
P_0x1016f01c0 .param/l "SIM_ASSERT_CHK" 0 5 25, +C4<00000000000000000000000000000000>;
P_0x1016f0200 .param/l "WRITE_DATA_WIDTH_A" 0 5 21, +C4<00000000000000000000000000001000>;
P_0x1016f0240 .param/str "WRITE_MODE_A" 0 5 24, "read_first";
L_0x7c48785f8 .functor BUFT 1, C4<1>, C4<0>, C4<0>, C4<0>;
L_0x7c502a5a0 .functor AND 1, L_0x7c48785f8, L_0x7c502a530, C4<1>, C4<1>;
L_0x7c502a610 .functor AND 1, L_0x7c502a5a0, L_0x7c5098aa0, C4<1>, C4<1>;
v0x7c50914a0_0 .net *"_ivl_1", 0 0, L_0x7c502a5a0;  1 drivers
v0x7c5091540_0 .net *"_ivl_2", 0 0, L_0x7c5098aa0;  1 drivers
v0x7c50915e0_0 .net "addra", 31 0, L_0x7c502e440;  1 drivers
v0x7c5091680_0 .net "addrb", 31 0, L_0x7c502e4e0;  1 drivers
v0x7c5091720_0 .net "clka", 0 0, v0x7c5097200_0;  alias, 1 drivers
v0x7c50917c0_0 .net "clkb", 0 0, v0x7c5097200_0;  alias, 1 drivers
v0x7c5091860_0 .net "dina", 7 0, L_0x7c4c6e1c0;  alias, 1 drivers
v0x7c5091900_0 .net "doutb", 7 0, v0x7c5091cc0_0;  alias, 1 drivers
v0x7c50919a0_0 .net "ena", 0 0, L_0x7c48785f8;  1 drivers
v0x7c5091a40_0 .net "enb", 0 0, L_0x7c5098b40;  1 drivers
v0x7c5091ae0_0 .var/i "i", 31 0;
v0x7c5091b80_0 .var/i "k", 31 0;
v0x7c5091c20 .array "mem", 70 0, 7 0;
v0x7c5091cc0 .array "pipe", 3 0, 7 0;
v0x7c5091d60_0 .net "w_collision", 0 0, L_0x7c502a610;  1 drivers
v0x7c5091e00_0 .net "wea", 0 0, L_0x7c502a530;  alias, 1 drivers
L_0x7c5098aa0 .cmp/eq 32, L_0x7c502e440, L_0x7c502e4e0;
S_0x7c4ce0780 .scope generate, "gen_vlb[6]" "gen_vlb[6]" 4 205, 4 205 0, S_0x7c4cb4300;
 .timescale -9 -12;
P_0x7c4cd83c0 .param/l "g" 1 4 205, +C4<0110>;
L_0x7c502a680 .functor OR 1, L_0x7c502af40, v0x7c5096a80_0, C4<0>, C4<0>;
L_0x7c502a6f0 .functor AND 1, L_0x7c502a680, L_0x7c5098be0, C4<1>, C4<1>;
v0x7c5092a80_0 .net *"_ivl_2", 0 0, L_0x7c502a680;  1 drivers
L_0x7c48786d0 .functor BUFT 1, C4<0110>, C4<0>, C4<0>, C4<0>;
v0x7c5092b20_0 .net/2u *"_ivl_3", 3 0, L_0x7c48786d0;  1 drivers
v0x7c5092bc0_0 .net *"_ivl_5", 0 0, L_0x7c5098be0;  1 drivers
L_0x7c5098be0 .cmp/eq 4, v0x7c5096260_0, L_0x7c48786d0;
L_0x7c5098d20 .reduce/nor L_0x7c502ac30;
S_0x7c4ce0900 .scope module, "u_lb" "xpm_memory_sdpram" 4 214, 5 18 0, S_0x7c4ce0780;
 .timescale -9 -12;
    .port_info 0 /INPUT 1 "clka";
    .port_info 1 /INPUT 1 "ena";
    .port_info 2 /INPUT 1 "wea";
    .port_info 3 /INPUT 32 "addra";
    .port_info 4 /INPUT 8 "dina";
    .port_info 5 /INPUT 1 "clkb";
    .port_info 6 /INPUT 1 "enb";
    .port_info 7 /INPUT 32 "addrb";
    .port_info 8 /OUTPUT 8 "doutb";
P_0x1016f0280 .param/l "DEPTH" 1 5 37, +C4<000000000000000000000000000000000000000000000000000000000001000111>;
P_0x1016f02c0 .param/str "MEMORY_PRIMITIVE" 0 5 20, "auto";
P_0x1016f0300 .param/l "MEMORY_SIZE" 0 5 19, +C4<000000000000000000000000000000000000000000000000000000001000111000>;
P_0x1016f0340 .param/l "READ_DATA_WIDTH_B" 0 5 22, +C4<00000000000000000000000000001000>;
P_0x1016f0380 .param/l "READ_LATENCY_B" 0 5 23, +C4<00000000000000000000000000000001>;
P_0x1016f03c0 .param/l "SIM_ASSERT_CHK" 0 5 25, +C4<00000000000000000000000000000000>;
P_0x1016f0400 .param/l "WRITE_DATA_WIDTH_A" 0 5 21, +C4<00000000000000000000000000001000>;
P_0x1016f0440 .param/str "WRITE_MODE_A" 0 5 24, "read_first";
L_0x7c4878718 .functor BUFT 1, C4<1>, C4<0>, C4<0>, C4<0>;
L_0x7c502a760 .functor AND 1, L_0x7c4878718, L_0x7c502a6f0, C4<1>, C4<1>;
L_0x7c502a7d0 .functor AND 1, L_0x7c502a760, L_0x7c5098c80, C4<1>, C4<1>;
v0x7c5092080_0 .net *"_ivl_1", 0 0, L_0x7c502a760;  1 drivers
v0x7c5092120_0 .net *"_ivl_2", 0 0, L_0x7c5098c80;  1 drivers
v0x7c50921c0_0 .net "addra", 31 0, L_0x7c502e580;  1 drivers
v0x7c5092260_0 .net "addrb", 31 0, L_0x7c502e620;  1 drivers
v0x7c5092300_0 .net "clka", 0 0, v0x7c5097200_0;  alias, 1 drivers
v0x7c50923a0_0 .net "clkb", 0 0, v0x7c5097200_0;  alias, 1 drivers
v0x7c5092440_0 .net "dina", 7 0, L_0x7c4c6e1c0;  alias, 1 drivers
v0x7c50924e0_0 .net "doutb", 7 0, v0x7c50928a0_0;  alias, 1 drivers
v0x7c5092580_0 .net "ena", 0 0, L_0x7c4878718;  1 drivers
v0x7c5092620_0 .net "enb", 0 0, L_0x7c5098d20;  1 drivers
v0x7c50926c0_0 .var/i "i", 31 0;
v0x7c5092760_0 .var/i "k", 31 0;
v0x7c5092800 .array "mem", 70 0, 7 0;
v0x7c50928a0 .array "pipe", 3 0, 7 0;
v0x7c5092940_0 .net "w_collision", 0 0, L_0x7c502a7d0;  1 drivers
v0x7c50929e0_0 .net "wea", 0 0, L_0x7c502a6f0;  alias, 1 drivers
L_0x7c5098c80 .cmp/eq 32, L_0x7c502e580, L_0x7c502e620;
S_0x7c4ce0a80 .scope begin, "wait_out" "wait_out" 3 114, 3 114 0, S_0x1016dad10;
 .timescale -9 -12;
v0x7c5097020_0 .var/i "wcnt", 31 0;
    .scope S_0x7c4cb7600;
T_2 ;
    %pushi/vec4 0, 0, 32;
    %store/vec4 v0x7c503df40_0, 0, 32;
T_2.0 ; Top of for-loop
    %load/vec4 v0x7c503df40_0;
    %pad/s 66;
    %cmpi/s 71, 0, 66;
	  %jmp/0xz T_2.1, 5;
    %pushi/vec4 0, 0, 8;
    %ix/getv/s 4, v0x7c503df40_0;
    %store/vec4a v0x7c503e080, 4, 0;
T_2.2 ; for-loop step statement
    %load/vec4 v0x7c503df40_0;
    %addi 1, 0, 32;
    %store/vec4 v0x7c503df40_0, 0, 32;
    %jmp T_2.0;
T_2.1 ; for-loop exit label
    %end;
    .thread T_2;
    .scope S_0x7c4cb7600;
T_3 ;
    %wait E_0x7c4cc5500;
    %load/vec4 v0x7c503de00_0;
    %flag_set/vec4 9;
    %flag_get/vec4 9;
    %jmp/0 T_3.2, 9;
    %load/vec4 v0x7c503e260_0;
    %and;
T_3.2;
    %flag_set/vec4 8;
    %jmp/0xz  T_3.0, 8;
    %load/vec4 v0x7c503dcc0_0;
    %ix/getv 3, v0x7c503da40_0;
    %ix/load 4, 0, 0; Constant delay
    %assign/vec4/a/d v0x7c503e080, 0, 4;
T_3.0 ;
    %jmp T_3;
    .thread T_3;
    .scope S_0x7c4cb7600;
T_4 ;
    %wait E_0x7c4cc5500;
    %load/vec4 v0x7c503dea0_0;
    %flag_set/vec4 8;
    %jmp/0xz  T_4.0, 8;
    %load/vec4 v0x7c503e1c0_0;
    %flag_set/vec4 9;
    %flag_get/vec4 9;
    %jmp/0 T_4.4, 9;
    %pushi/vec4 0, 0, 1;
    %and;
T_4.4;
    %flag_set/vec4 8;
    %jmp/0xz  T_4.2, 8;
    %ix/load 4, 0, 0;
    %flag_set/imm 4, 0;
    %load/vec4a v0x7c503e120, 4;
    %ix/load 3, 0, 0;
    %flag_set/imm 4, 0;
    %ix/load 4, 0, 0; Constant delay
    %assign/vec4/a/d v0x7c503e120, 0, 4;
    %jmp T_4.3;
T_4.2 ;
    %load/vec4 v0x7c503e1c0_0;
    %flag_set/vec4 9;
    %flag_get/vec4 9;
    %jmp/0 T_4.7, 9;
    %pushi/vec4 0, 0, 1;
    %and;
T_4.7;
    %flag_set/vec4 8;
    %jmp/0xz  T_4.5, 8;
    %load/vec4 v0x7c503dcc0_0;
    %ix/load 3, 0, 0;
    %flag_set/imm 4, 0;
    %ix/load 4, 0, 0; Constant delay
    %assign/vec4/a/d v0x7c503e120, 0, 4;
    %jmp T_4.6;
T_4.5 ;
    %ix/getv 4, v0x7c503dae0_0;
    %load/vec4a v0x7c503e080, 4;
    %ix/load 3, 0, 0;
    %flag_set/imm 4, 0;
    %ix/load 4, 0, 0; Constant delay
    %assign/vec4/a/d v0x7c503e120, 0, 4;
T_4.6 ;
T_4.3 ;
    %pushi/vec4 1, 0, 32;
    %store/vec4 v0x7c503dfe0_0, 0, 32;
T_4.8 ; Top of for-loop
    %load/vec4 v0x7c503dfe0_0;
    %cmpi/s 1, 0, 32;
    %flag_get/vec4 5;
    %jmp/0 T_4.11, 5;
    %load/vec4 v0x7c503dfe0_0;
    %cmpi/s 4, 0, 32;
    %flag_get/vec4 5;
    %and;
T_4.11;
    %flag_set/vec4 8;
	  %jmp/0xz T_4.9, 8;
    %load/vec4 v0x7c503dfe0_0;
    %subi 1, 0, 32;
    %ix/vec4/s 4;
    %load/vec4a v0x7c503e120, 4;
    %ix/getv/s 3, v0x7c503dfe0_0;
    %ix/load 4, 0, 0; Constant delay
    %assign/vec4/a/d v0x7c503e120, 0, 4;
T_4.10 ; for-loop step statement
    %load/vec4 v0x7c503dfe0_0;
    %addi 1, 0, 32;
    %store/vec4 v0x7c503dfe0_0, 0, 32;
    %jmp T_4.8;
T_4.9 ; for-loop exit label
T_4.0 ;
    %jmp T_4;
    .thread T_4;
    .scope S_0x7c4cb7900;
T_5 ;
    %pushi/vec4 0, 0, 32;
    %store/vec4 v0x7c503eb20_0, 0, 32;
T_5.0 ; Top of for-loop
    %load/vec4 v0x7c503eb20_0;
    %pad/s 66;
    %cmpi/s 71, 0, 66;
	  %jmp/0xz T_5.1, 5;
    %pushi/vec4 0, 0, 8;
    %ix/getv/s 4, v0x7c503eb20_0;
    %store/vec4a v0x7c503ec60, 4, 0;
T_5.2 ; for-loop step statement
    %load/vec4 v0x7c503eb20_0;
    %addi 1, 0, 32;
    %store/vec4 v0x7c503eb20_0, 0, 32;
    %jmp T_5.0;
T_5.1 ; for-loop exit label
    %end;
    .thread T_5;
    .scope S_0x7c4cb7900;
T_6 ;
    %wait E_0x7c4cc5500;
    %load/vec4 v0x7c503e9e0_0;
    %flag_set/vec4 9;
    %flag_get/vec4 9;
    %jmp/0 T_6.2, 9;
    %load/vec4 v0x7c503ee40_0;
    %and;
T_6.2;
    %flag_set/vec4 8;
    %jmp/0xz  T_6.0, 8;
    %load/vec4 v0x7c503e8a0_0;
    %ix/getv 3, v0x7c503e620_0;
    %ix/load 4, 0, 0; Constant delay
    %assign/vec4/a/d v0x7c503ec60, 0, 4;
T_6.0 ;
    %jmp T_6;
    .thread T_6;
    .scope S_0x7c4cb7900;
T_7 ;
    %wait E_0x7c4cc5500;
    %load/vec4 v0x7c503ea80_0;
    %flag_set/vec4 8;
    %jmp/0xz  T_7.0, 8;
    %load/vec4 v0x7c503eda0_0;
    %flag_set/vec4 9;
    %flag_get/vec4 9;
    %jmp/0 T_7.4, 9;
    %pushi/vec4 0, 0, 1;
    %and;
T_7.4;
    %flag_set/vec4 8;
    %jmp/0xz  T_7.2, 8;
    %ix/load 4, 0, 0;
    %flag_set/imm 4, 0;
    %load/vec4a v0x7c503ed00, 4;
    %ix/load 3, 0, 0;
    %flag_set/imm 4, 0;
    %ix/load 4, 0, 0; Constant delay
    %assign/vec4/a/d v0x7c503ed00, 0, 4;
    %jmp T_7.3;
T_7.2 ;
    %load/vec4 v0x7c503eda0_0;
    %flag_set/vec4 9;
    %flag_get/vec4 9;
    %jmp/0 T_7.7, 9;
    %pushi/vec4 0, 0, 1;
    %and;
T_7.7;
    %flag_set/vec4 8;
    %jmp/0xz  T_7.5, 8;
    %load/vec4 v0x7c503e8a0_0;
    %ix/load 3, 0, 0;
    %flag_set/imm 4, 0;
    %ix/load 4, 0, 0; Constant delay
    %assign/vec4/a/d v0x7c503ed00, 0, 4;
    %jmp T_7.6;
T_7.5 ;
    %ix/getv 4, v0x7c503e6c0_0;
    %load/vec4a v0x7c503ec60, 4;
    %ix/load 3, 0, 0;
    %flag_set/imm 4, 0;
    %ix/load 4, 0, 0; Constant delay
    %assign/vec4/a/d v0x7c503ed00, 0, 4;
T_7.6 ;
T_7.3 ;
    %pushi/vec4 1, 0, 32;
    %store/vec4 v0x7c503ebc0_0, 0, 32;
T_7.8 ; Top of for-loop
    %load/vec4 v0x7c503ebc0_0;
    %cmpi/s 1, 0, 32;
    %flag_get/vec4 5;
    %jmp/0 T_7.11, 5;
    %load/vec4 v0x7c503ebc0_0;
    %cmpi/s 4, 0, 32;
    %flag_get/vec4 5;
    %and;
T_7.11;
    %flag_set/vec4 8;
	  %jmp/0xz T_7.9, 8;
    %load/vec4 v0x7c503ebc0_0;
    %subi 1, 0, 32;
    %ix/vec4/s 4;
    %load/vec4a v0x7c503ed00, 4;
    %ix/getv/s 3, v0x7c503ebc0_0;
    %ix/load 4, 0, 0; Constant delay
    %assign/vec4/a/d v0x7c503ed00, 0, 4;
T_7.10 ; for-loop step statement
    %load/vec4 v0x7c503ebc0_0;
    %addi 1, 0, 32;
    %store/vec4 v0x7c503ebc0_0, 0, 32;
    %jmp T_7.8;
T_7.9 ; for-loop exit label
T_7.0 ;
    %jmp T_7;
    .thread T_7;
    .scope S_0x7c4cb7c00;
T_8 ;
    %pushi/vec4 0, 0, 32;
    %store/vec4 v0x7c503f700_0, 0, 32;
T_8.0 ; Top of for-loop
    %load/vec4 v0x7c503f700_0;
    %pad/s 66;
    %cmpi/s 71, 0, 66;
	  %jmp/0xz T_8.1, 5;
    %pushi/vec4 0, 0, 8;
    %ix/getv/s 4, v0x7c503f700_0;
    %store/vec4a v0x7c503f840, 4, 0;
T_8.2 ; for-loop step statement
    %load/vec4 v0x7c503f700_0;
    %addi 1, 0, 32;
    %store/vec4 v0x7c503f700_0, 0, 32;
    %jmp T_8.0;
T_8.1 ; for-loop exit label
    %end;
    .thread T_8;
    .scope S_0x7c4cb7c00;
T_9 ;
    %wait E_0x7c4cc5500;
    %load/vec4 v0x7c503f5c0_0;
    %flag_set/vec4 9;
    %flag_get/vec4 9;
    %jmp/0 T_9.2, 9;
    %load/vec4 v0x7c503fa20_0;
    %and;
T_9.2;
    %flag_set/vec4 8;
    %jmp/0xz  T_9.0, 8;
    %load/vec4 v0x7c503f480_0;
    %ix/getv 3, v0x7c503f200_0;
    %ix/load 4, 0, 0; Constant delay
    %assign/vec4/a/d v0x7c503f840, 0, 4;
T_9.0 ;
    %jmp T_9;
    .thread T_9;
    .scope S_0x7c4cb7c00;
T_10 ;
    %wait E_0x7c4cc5500;
    %load/vec4 v0x7c503f660_0;
    %flag_set/vec4 8;
    %jmp/0xz  T_10.0, 8;
    %load/vec4 v0x7c503f980_0;
    %flag_set/vec4 9;
    %flag_get/vec4 9;
    %jmp/0 T_10.4, 9;
    %pushi/vec4 0, 0, 1;
    %and;
T_10.4;
    %flag_set/vec4 8;
    %jmp/0xz  T_10.2, 8;
    %ix/load 4, 0, 0;
    %flag_set/imm 4, 0;
    %load/vec4a v0x7c503f8e0, 4;
    %ix/load 3, 0, 0;
    %flag_set/imm 4, 0;
    %ix/load 4, 0, 0; Constant delay
    %assign/vec4/a/d v0x7c503f8e0, 0, 4;
    %jmp T_10.3;
T_10.2 ;
    %load/vec4 v0x7c503f980_0;
    %flag_set/vec4 9;
    %flag_get/vec4 9;
    %jmp/0 T_10.7, 9;
    %pushi/vec4 0, 0, 1;
    %and;
T_10.7;
    %flag_set/vec4 8;
    %jmp/0xz  T_10.5, 8;
    %load/vec4 v0x7c503f480_0;
    %ix/load 3, 0, 0;
    %flag_set/imm 4, 0;
    %ix/load 4, 0, 0; Constant delay
    %assign/vec4/a/d v0x7c503f8e0, 0, 4;
    %jmp T_10.6;
T_10.5 ;
    %ix/getv 4, v0x7c503f2a0_0;
    %load/vec4a v0x7c503f840, 4;
    %ix/load 3, 0, 0;
    %flag_set/imm 4, 0;
    %ix/load 4, 0, 0; Constant delay
    %assign/vec4/a/d v0x7c503f8e0, 0, 4;
T_10.6 ;
T_10.3 ;
    %pushi/vec4 1, 0, 32;
    %store/vec4 v0x7c503f7a0_0, 0, 32;
T_10.8 ; Top of for-loop
    %load/vec4 v0x7c503f7a0_0;
    %cmpi/s 1, 0, 32;
    %flag_get/vec4 5;
    %jmp/0 T_10.11, 5;
    %load/vec4 v0x7c503f7a0_0;
    %cmpi/s 4, 0, 32;
    %flag_get/vec4 5;
    %and;
T_10.11;
    %flag_set/vec4 8;
	  %jmp/0xz T_10.9, 8;
    %load/vec4 v0x7c503f7a0_0;
    %subi 1, 0, 32;
    %ix/vec4/s 4;
    %load/vec4a v0x7c503f8e0, 4;
    %ix/getv/s 3, v0x7c503f7a0_0;
    %ix/load 4, 0, 0; Constant delay
    %assign/vec4/a/d v0x7c503f8e0, 0, 4;
T_10.10 ; for-loop step statement
    %load/vec4 v0x7c503f7a0_0;
    %addi 1, 0, 32;
    %store/vec4 v0x7c503f7a0_0, 0, 32;
    %jmp T_10.8;
T_10.9 ; for-loop exit label
T_10.0 ;
    %jmp T_10;
    .thread T_10;
    .scope S_0x7c4ce0000;
T_11 ;
    %pushi/vec4 0, 0, 32;
    %store/vec4 v0x7c5090320_0, 0, 32;
T_11.0 ; Top of for-loop
    %load/vec4 v0x7c5090320_0;
    %pad/s 66;
    %cmpi/s 71, 0, 66;
	  %jmp/0xz T_11.1, 5;
    %pushi/vec4 0, 0, 8;
    %ix/getv/s 4, v0x7c5090320_0;
    %store/vec4a v0x7c5090460, 4, 0;
T_11.2 ; for-loop step statement
    %load/vec4 v0x7c5090320_0;
    %addi 1, 0, 32;
    %store/vec4 v0x7c5090320_0, 0, 32;
    %jmp T_11.0;
T_11.1 ; for-loop exit label
    %end;
    .thread T_11;
    .scope S_0x7c4ce0000;
T_12 ;
    %wait E_0x7c4cc5500;
    %load/vec4 v0x7c50901e0_0;
    %flag_set/vec4 9;
    %flag_get/vec4 9;
    %jmp/0 T_12.2, 9;
    %load/vec4 v0x7c5090640_0;
    %and;
T_12.2;
    %flag_set/vec4 8;
    %jmp/0xz  T_12.0, 8;
    %load/vec4 v0x7c50900a0_0;
    %ix/getv 3, v0x7c503fde0_0;
    %ix/load 4, 0, 0; Constant delay
    %assign/vec4/a/d v0x7c5090460, 0, 4;
T_12.0 ;
    %jmp T_12;
    .thread T_12;
    .scope S_0x7c4ce0000;
T_13 ;
    %wait E_0x7c4cc5500;
    %load/vec4 v0x7c5090280_0;
    %flag_set/vec4 8;
    %jmp/0xz  T_13.0, 8;
    %load/vec4 v0x7c50905a0_0;
    %flag_set/vec4 9;
    %flag_get/vec4 9;
    %jmp/0 T_13.4, 9;
    %pushi/vec4 0, 0, 1;
    %and;
T_13.4;
    %flag_set/vec4 8;
    %jmp/0xz  T_13.2, 8;
    %ix/load 4, 0, 0;
    %flag_set/imm 4, 0;
    %load/vec4a v0x7c5090500, 4;
    %ix/load 3, 0, 0;
    %flag_set/imm 4, 0;
    %ix/load 4, 0, 0; Constant delay
    %assign/vec4/a/d v0x7c5090500, 0, 4;
    %jmp T_13.3;
T_13.2 ;
    %load/vec4 v0x7c50905a0_0;
    %flag_set/vec4 9;
    %flag_get/vec4 9;
    %jmp/0 T_13.7, 9;
    %pushi/vec4 0, 0, 1;
    %and;
T_13.7;
    %flag_set/vec4 8;
    %jmp/0xz  T_13.5, 8;
    %load/vec4 v0x7c50900a0_0;
    %ix/load 3, 0, 0;
    %flag_set/imm 4, 0;
    %ix/load 4, 0, 0; Constant delay
    %assign/vec4/a/d v0x7c5090500, 0, 4;
    %jmp T_13.6;
T_13.5 ;
    %ix/getv 4, v0x7c503fe80_0;
    %load/vec4a v0x7c5090460, 4;
    %ix/load 3, 0, 0;
    %flag_set/imm 4, 0;
    %ix/load 4, 0, 0; Constant delay
    %assign/vec4/a/d v0x7c5090500, 0, 4;
T_13.6 ;
T_13.3 ;
    %pushi/vec4 1, 0, 32;
    %store/vec4 v0x7c50903c0_0, 0, 32;
T_13.8 ; Top of for-loop
    %load/vec4 v0x7c50903c0_0;
    %cmpi/s 1, 0, 32;
    %flag_get/vec4 5;
    %jmp/0 T_13.11, 5;
    %load/vec4 v0x7c50903c0_0;
    %cmpi/s 4, 0, 32;
    %flag_get/vec4 5;
    %and;
T_13.11;
    %flag_set/vec4 8;
	  %jmp/0xz T_13.9, 8;
    %load/vec4 v0x7c50903c0_0;
    %subi 1, 0, 32;
    %ix/vec4/s 4;
    %load/vec4a v0x7c5090500, 4;
    %ix/getv/s 3, v0x7c50903c0_0;
    %ix/load 4, 0, 0; Constant delay
    %assign/vec4/a/d v0x7c5090500, 0, 4;
T_13.10 ; for-loop step statement
    %load/vec4 v0x7c50903c0_0;
    %addi 1, 0, 32;
    %store/vec4 v0x7c50903c0_0, 0, 32;
    %jmp T_13.8;
T_13.9 ; for-loop exit label
T_13.0 ;
    %jmp T_13;
    .thread T_13;
    .scope S_0x7c4ce0300;
T_14 ;
    %pushi/vec4 0, 0, 32;
    %store/vec4 v0x7c5090f00_0, 0, 32;
T_14.0 ; Top of for-loop
    %load/vec4 v0x7c5090f00_0;
    %pad/s 66;
    %cmpi/s 71, 0, 66;
	  %jmp/0xz T_14.1, 5;
    %pushi/vec4 0, 0, 8;
    %ix/getv/s 4, v0x7c5090f00_0;
    %store/vec4a v0x7c5091040, 4, 0;
T_14.2 ; for-loop step statement
    %load/vec4 v0x7c5090f00_0;
    %addi 1, 0, 32;
    %store/vec4 v0x7c5090f00_0, 0, 32;
    %jmp T_14.0;
T_14.1 ; for-loop exit label
    %end;
    .thread T_14;
    .scope S_0x7c4ce0300;
T_15 ;
    %wait E_0x7c4cc5500;
    %load/vec4 v0x7c5090dc0_0;
    %flag_set/vec4 9;
    %flag_get/vec4 9;
    %jmp/0 T_15.2, 9;
    %load/vec4 v0x7c5091220_0;
    %and;
T_15.2;
    %flag_set/vec4 8;
    %jmp/0xz  T_15.0, 8;
    %load/vec4 v0x7c5090c80_0;
    %ix/getv 3, v0x7c5090a00_0;
    %ix/load 4, 0, 0; Constant delay
    %assign/vec4/a/d v0x7c5091040, 0, 4;
T_15.0 ;
    %jmp T_15;
    .thread T_15;
    .scope S_0x7c4ce0300;
T_16 ;
    %wait E_0x7c4cc5500;
    %load/vec4 v0x7c5090e60_0;
    %flag_set/vec4 8;
    %jmp/0xz  T_16.0, 8;
    %load/vec4 v0x7c5091180_0;
    %flag_set/vec4 9;
    %flag_get/vec4 9;
    %jmp/0 T_16.4, 9;
    %pushi/vec4 0, 0, 1;
    %and;
T_16.4;
    %flag_set/vec4 8;
    %jmp/0xz  T_16.2, 8;
    %ix/load 4, 0, 0;
    %flag_set/imm 4, 0;
    %load/vec4a v0x7c50910e0, 4;
    %ix/load 3, 0, 0;
    %flag_set/imm 4, 0;
    %ix/load 4, 0, 0; Constant delay
    %assign/vec4/a/d v0x7c50910e0, 0, 4;
    %jmp T_16.3;
T_16.2 ;
    %load/vec4 v0x7c5091180_0;
    %flag_set/vec4 9;
    %flag_get/vec4 9;
    %jmp/0 T_16.7, 9;
    %pushi/vec4 0, 0, 1;
    %and;
T_16.7;
    %flag_set/vec4 8;
    %jmp/0xz  T_16.5, 8;
    %load/vec4 v0x7c5090c80_0;
    %ix/load 3, 0, 0;
    %flag_set/imm 4, 0;
    %ix/load 4, 0, 0; Constant delay
    %assign/vec4/a/d v0x7c50910e0, 0, 4;
    %jmp T_16.6;
T_16.5 ;
    %ix/getv 4, v0x7c5090aa0_0;
    %load/vec4a v0x7c5091040, 4;
    %ix/load 3, 0, 0;
    %flag_set/imm 4, 0;
    %ix/load 4, 0, 0; Constant delay
    %assign/vec4/a/d v0x7c50910e0, 0, 4;
T_16.6 ;
T_16.3 ;
    %pushi/vec4 1, 0, 32;
    %store/vec4 v0x7c5090fa0_0, 0, 32;
T_16.8 ; Top of for-loop
    %load/vec4 v0x7c5090fa0_0;
    %cmpi/s 1, 0, 32;
    %flag_get/vec4 5;
    %jmp/0 T_16.11, 5;
    %load/vec4 v0x7c5090fa0_0;
    %cmpi/s 4, 0, 32;
    %flag_get/vec4 5;
    %and;
T_16.11;
    %flag_set/vec4 8;
	  %jmp/0xz T_16.9, 8;
    %load/vec4 v0x7c5090fa0_0;
    %subi 1, 0, 32;
    %ix/vec4/s 4;
    %load/vec4a v0x7c50910e0, 4;
    %ix/getv/s 3, v0x7c5090fa0_0;
    %ix/load 4, 0, 0; Constant delay
    %assign/vec4/a/d v0x7c50910e0, 0, 4;
T_16.10 ; for-loop step statement
    %load/vec4 v0x7c5090fa0_0;
    %addi 1, 0, 32;
    %store/vec4 v0x7c5090fa0_0, 0, 32;
    %jmp T_16.8;
T_16.9 ; for-loop exit label
T_16.0 ;
    %jmp T_16;
    .thread T_16;
    .scope S_0x7c4ce0600;
T_17 ;
    %pushi/vec4 0, 0, 32;
    %store/vec4 v0x7c5091ae0_0, 0, 32;
T_17.0 ; Top of for-loop
    %load/vec4 v0x7c5091ae0_0;
    %pad/s 66;
    %cmpi/s 71, 0, 66;
	  %jmp/0xz T_17.1, 5;
    %pushi/vec4 0, 0, 8;
    %ix/getv/s 4, v0x7c5091ae0_0;
    %store/vec4a v0x7c5091c20, 4, 0;
T_17.2 ; for-loop step statement
    %load/vec4 v0x7c5091ae0_0;
    %addi 1, 0, 32;
    %store/vec4 v0x7c5091ae0_0, 0, 32;
    %jmp T_17.0;
T_17.1 ; for-loop exit label
    %end;
    .thread T_17;
    .scope S_0x7c4ce0600;
T_18 ;
    %wait E_0x7c4cc5500;
    %load/vec4 v0x7c50919a0_0;
    %flag_set/vec4 9;
    %flag_get/vec4 9;
    %jmp/0 T_18.2, 9;
    %load/vec4 v0x7c5091e00_0;
    %and;
T_18.2;
    %flag_set/vec4 8;
    %jmp/0xz  T_18.0, 8;
    %load/vec4 v0x7c5091860_0;
    %ix/getv 3, v0x7c50915e0_0;
    %ix/load 4, 0, 0; Constant delay
    %assign/vec4/a/d v0x7c5091c20, 0, 4;
T_18.0 ;
    %jmp T_18;
    .thread T_18;
    .scope S_0x7c4ce0600;
T_19 ;
    %wait E_0x7c4cc5500;
    %load/vec4 v0x7c5091a40_0;
    %flag_set/vec4 8;
    %jmp/0xz  T_19.0, 8;
    %load/vec4 v0x7c5091d60_0;
    %flag_set/vec4 9;
    %flag_get/vec4 9;
    %jmp/0 T_19.4, 9;
    %pushi/vec4 0, 0, 1;
    %and;
T_19.4;
    %flag_set/vec4 8;
    %jmp/0xz  T_19.2, 8;
    %ix/load 4, 0, 0;
    %flag_set/imm 4, 0;
    %load/vec4a v0x7c5091cc0, 4;
    %ix/load 3, 0, 0;
    %flag_set/imm 4, 0;
    %ix/load 4, 0, 0; Constant delay
    %assign/vec4/a/d v0x7c5091cc0, 0, 4;
    %jmp T_19.3;
T_19.2 ;
    %load/vec4 v0x7c5091d60_0;
    %flag_set/vec4 9;
    %flag_get/vec4 9;
    %jmp/0 T_19.7, 9;
    %pushi/vec4 0, 0, 1;
    %and;
T_19.7;
    %flag_set/vec4 8;
    %jmp/0xz  T_19.5, 8;
    %load/vec4 v0x7c5091860_0;
    %ix/load 3, 0, 0;
    %flag_set/imm 4, 0;
    %ix/load 4, 0, 0; Constant delay
    %assign/vec4/a/d v0x7c5091cc0, 0, 4;
    %jmp T_19.6;
T_19.5 ;
    %ix/getv 4, v0x7c5091680_0;
    %load/vec4a v0x7c5091c20, 4;
    %ix/load 3, 0, 0;
    %flag_set/imm 4, 0;
    %ix/load 4, 0, 0; Constant delay
    %assign/vec4/a/d v0x7c5091cc0, 0, 4;
T_19.6 ;
T_19.3 ;
    %pushi/vec4 1, 0, 32;
    %store/vec4 v0x7c5091b80_0, 0, 32;
T_19.8 ; Top of for-loop
    %load/vec4 v0x7c5091b80_0;
    %cmpi/s 1, 0, 32;
    %flag_get/vec4 5;
    %jmp/0 T_19.11, 5;
    %load/vec4 v0x7c5091b80_0;
    %cmpi/s 4, 0, 32;
    %flag_get/vec4 5;
    %and;
T_19.11;
    %flag_set/vec4 8;
	  %jmp/0xz T_19.9, 8;
    %load/vec4 v0x7c5091b80_0;
    %subi 1, 0, 32;
    %ix/vec4/s 4;
    %load/vec4a v0x7c5091cc0, 4;
    %ix/getv/s 3, v0x7c5091b80_0;
    %ix/load 4, 0, 0; Constant delay
    %assign/vec4/a/d v0x7c5091cc0, 0, 4;
T_19.10 ; for-loop step statement
    %load/vec4 v0x7c5091b80_0;
    %addi 1, 0, 32;
    %store/vec4 v0x7c5091b80_0, 0, 32;
    %jmp T_19.8;
T_19.9 ; for-loop exit label
T_19.0 ;
    %jmp T_19;
    .thread T_19;
    .scope S_0x7c4ce0900;
T_20 ;
    %pushi/vec4 0, 0, 32;
    %store/vec4 v0x7c50926c0_0, 0, 32;
T_20.0 ; Top of for-loop
    %load/vec4 v0x7c50926c0_0;
    %pad/s 66;
    %cmpi/s 71, 0, 66;
	  %jmp/0xz T_20.1, 5;
    %pushi/vec4 0, 0, 8;
    %ix/getv/s 4, v0x7c50926c0_0;
    %store/vec4a v0x7c5092800, 4, 0;
T_20.2 ; for-loop step statement
    %load/vec4 v0x7c50926c0_0;
    %addi 1, 0, 32;
    %store/vec4 v0x7c50926c0_0, 0, 32;
    %jmp T_20.0;
T_20.1 ; for-loop exit label
    %end;
    .thread T_20;
    .scope S_0x7c4ce0900;
T_21 ;
    %wait E_0x7c4cc5500;
    %load/vec4 v0x7c5092580_0;
    %flag_set/vec4 9;
    %flag_get/vec4 9;
    %jmp/0 T_21.2, 9;
    %load/vec4 v0x7c50929e0_0;
    %and;
T_21.2;
    %flag_set/vec4 8;
    %jmp/0xz  T_21.0, 8;
    %load/vec4 v0x7c5092440_0;
    %ix/getv 3, v0x7c50921c0_0;
    %ix/load 4, 0, 0; Constant delay
    %assign/vec4/a/d v0x7c5092800, 0, 4;
T_21.0 ;
    %jmp T_21;
    .thread T_21;
    .scope S_0x7c4ce0900;
T_22 ;
    %wait E_0x7c4cc5500;
    %load/vec4 v0x7c5092620_0;
    %flag_set/vec4 8;
    %jmp/0xz  T_22.0, 8;
    %load/vec4 v0x7c5092940_0;
    %flag_set/vec4 9;
    %flag_get/vec4 9;
    %jmp/0 T_22.4, 9;
    %pushi/vec4 0, 0, 1;
    %and;
T_22.4;
    %flag_set/vec4 8;
    %jmp/0xz  T_22.2, 8;
    %ix/load 4, 0, 0;
    %flag_set/imm 4, 0;
    %load/vec4a v0x7c50928a0, 4;
    %ix/load 3, 0, 0;
    %flag_set/imm 4, 0;
    %ix/load 4, 0, 0; Constant delay
    %assign/vec4/a/d v0x7c50928a0, 0, 4;
    %jmp T_22.3;
T_22.2 ;
    %load/vec4 v0x7c5092940_0;
    %flag_set/vec4 9;
    %flag_get/vec4 9;
    %jmp/0 T_22.7, 9;
    %pushi/vec4 0, 0, 1;
    %and;
T_22.7;
    %flag_set/vec4 8;
    %jmp/0xz  T_22.5, 8;
    %load/vec4 v0x7c5092440_0;
    %ix/load 3, 0, 0;
    %flag_set/imm 4, 0;
    %ix/load 4, 0, 0; Constant delay
    %assign/vec4/a/d v0x7c50928a0, 0, 4;
    %jmp T_22.6;
T_22.5 ;
    %ix/getv 4, v0x7c5092260_0;
    %load/vec4a v0x7c5092800, 4;
    %ix/load 3, 0, 0;
    %flag_set/imm 4, 0;
    %ix/load 4, 0, 0; Constant delay
    %assign/vec4/a/d v0x7c50928a0, 0, 4;
T_22.6 ;
T_22.3 ;
    %pushi/vec4 1, 0, 32;
    %store/vec4 v0x7c5092760_0, 0, 32;
T_22.8 ; Top of for-loop
    %load/vec4 v0x7c5092760_0;
    %cmpi/s 1, 0, 32;
    %flag_get/vec4 5;
    %jmp/0 T_22.11, 5;
    %load/vec4 v0x7c5092760_0;
    %cmpi/s 4, 0, 32;
    %flag_get/vec4 5;
    %and;
T_22.11;
    %flag_set/vec4 8;
	  %jmp/0xz T_22.9, 8;
    %load/vec4 v0x7c5092760_0;
    %subi 1, 0, 32;
    %ix/vec4/s 4;
    %load/vec4a v0x7c50928a0, 4;
    %ix/getv/s 3, v0x7c5092760_0;
    %ix/load 4, 0, 0; Constant delay
    %assign/vec4/a/d v0x7c50928a0, 0, 4;
T_22.10 ; for-loop step statement
    %load/vec4 v0x7c5092760_0;
    %addi 1, 0, 32;
    %store/vec4 v0x7c5092760_0, 0, 32;
    %jmp T_22.8;
T_22.9 ; for-loop exit label
T_22.0 ;
    %jmp T_22;
    .thread T_22;
    .scope S_0x7c4cb4300;
T_23 ;
    %wait E_0x7c4cc5680;
    %load/vec4 v0x7c5096300_0;
    %nor/r;
    %flag_set/vec4 8;
    %jmp/0xz  T_23.0, 8;
    %pushi/vec4 0, 0, 13;
    %assign/vec4 v0x7c50961c0_0, 0;
    %pushi/vec4 0, 0, 4;
    %assign/vec4 v0x7c50952c0_0, 0;
    %pushi/vec4 0, 0, 1;
    %assign/vec4 v0x7c5095540_0, 0;
    %jmp T_23.1;
T_23.0 ;
    %load/vec4 v0x7c50966c0_0;
    %nor/r;
    %flag_set/vec4 8;
    %jmp/0xz  T_23.2, 8;
    %load/vec4 v0x7c5096620_0;
    %flag_set/vec4 9;
    %flag_get/vec4 9;
    %jmp/0 T_23.6, 9;
    %load/vec4 v0x7c50964e0_0;
    %and;
T_23.6;
    %flag_set/vec4 8;
    %jmp/0xz  T_23.4, 8;
    %load/vec4 v0x7c5096580_0;
    %flag_set/vec4 8;
    %jmp/0xz  T_23.7, 8;
    %pushi/vec4 0, 0, 1;
    %assign/vec4 v0x7c5095540_0, 0;
T_23.7 ;
    %load/vec4 v0x7c5096440_0;
    %flag_set/vec4 8;
    %jmp/0xz  T_23.9, 8;
    %pushi/vec4 1, 0, 1;
    %assign/vec4 v0x7c5095540_0, 0;
T_23.9 ;
    %load/vec4 v0x7c50961c0_0;
    %pad/u 32;
    %cmpi/e 63, 0, 32;
    %jmp/0xz  T_23.11, 4;
    %pushi/vec4 0, 0, 13;
    %assign/vec4 v0x7c50961c0_0, 0;
    %pushi/vec4 7, 0, 4;
    %assign/vec4 v0x7c50952c0_0, 0;
    %jmp T_23.12;
T_23.11 ;
    %load/vec4 v0x7c50961c0_0;
    %addi 1, 0, 13;
    %assign/vec4 v0x7c50961c0_0, 0;
T_23.12 ;
    %jmp T_23.5;
T_23.4 ;
    %load/vec4 v0x7c50952c0_0;
    %cmpi/ne 0, 0, 4;
    %jmp/0xz  T_23.13, 4;
    %load/vec4 v0x7c50952c0_0;
    %subi 1, 0, 4;
    %assign/vec4 v0x7c50952c0_0, 0;
T_23.13 ;
T_23.5 ;
T_23.2 ;
T_23.1 ;
    %jmp T_23;
    .thread T_23;
    .scope S_0x7c4cb4300;
T_24 ;
    %wait E_0x7c4cc5680;
    %load/vec4 v0x7c5096300_0;
    %nor/r;
    %flag_set/vec4 8;
    %jmp/0xz  T_24.0, 8;
    %pushi/vec4 0, 0, 32;
    %store/vec4 v0x7c5095900_0, 0, 32;
T_24.2 ; Top of for-loop
    %load/vec4 v0x7c5095900_0;
    %cmpi/s 8, 0, 32;
	  %jmp/0xz T_24.3, 5;
    %pushi/vec4 0, 0, 8;
    %ix/getv/s 3, v0x7c5095900_0;
    %ix/load 4, 0, 0; Constant delay
    %assign/vec4/a/d v0x7c50957c0, 0, 4;
T_24.4 ; for-loop step statement
    %load/vec4 v0x7c5095900_0;
    %addi 1, 0, 32;
    %store/vec4 v0x7c5095900_0, 0, 32;
    %jmp T_24.2;
T_24.3 ; for-loop exit label
    %pushi/vec4 0, 0, 1;
    %assign/vec4 v0x7c5095860_0, 0;
    %jmp T_24.1;
T_24.0 ;
    %load/vec4 v0x7c50966c0_0;
    %nor/r;
    %flag_set/vec4 8;
    %jmp/0xz  T_24.5, 8;
    %load/vec4 v0x7c5096da0_0;
    %flag_set/vec4 8;
    %jmp/0xz  T_24.7, 8;
    %load/vec4 v0x7c5096d00_0;
    %ix/load 3, 0, 0;
    %flag_set/imm 4, 0;
    %ix/load 4, 0, 0; Constant delay
    %assign/vec4/a/d v0x7c50957c0, 0, 4;
    %pushi/vec4 1, 0, 32;
    %store/vec4 v0x7c5095900_0, 0, 32;
T_24.9 ; Top of for-loop
    %load/vec4 v0x7c5095900_0;
    %cmpi/s 8, 0, 32;
	  %jmp/0xz T_24.10, 5;
    %load/vec4 v0x7c5095900_0;
    %subi 1, 0, 32;
    %ix/vec4/s 4;
    %load/vec4a v0x7c50957c0, 4;
    %ix/getv/s 3, v0x7c5095900_0;
    %ix/load 4, 0, 0; Constant delay
    %assign/vec4/a/d v0x7c50957c0, 0, 4;
T_24.11 ; for-loop step statement
    %load/vec4 v0x7c5095900_0;
    %addi 1, 0, 32;
    %store/vec4 v0x7c5095900_0, 0, 32;
    %jmp T_24.9;
T_24.10 ; for-loop exit label
    %pushi/vec4 1, 0, 1;
    %assign/vec4 v0x7c5095860_0, 0;
    %jmp T_24.8;
T_24.7 ;
    %pushi/vec4 0, 0, 1;
    %assign/vec4 v0x7c5095860_0, 0;
T_24.8 ;
T_24.5 ;
T_24.1 ;
    %jmp T_24;
    .thread T_24;
    .scope S_0x7c4cb4300;
T_25 ;
    %wait E_0x7c4cc5680;
    %load/vec4 v0x7c5096300_0;
    %nor/r;
    %flag_set/vec4 8;
    %jmp/0xz  T_25.0, 8;
    %pushi/vec4 0, 0, 8;
    %assign/vec4 v0x7c5095680_0, 0;
    %pushi/vec4 0, 0, 1;
    %assign/vec4 v0x7c50955e0_0, 0;
    %jmp T_25.1;
T_25.0 ;
    %load/vec4 v0x7c50966c0_0;
    %nor/r;
    %flag_set/vec4 8;
    %jmp/0xz  T_25.2, 8;
    %ix/load 4, 7, 0;
    %flag_set/imm 4, 0;
    %load/vec4a v0x7c5096c60, 4;
    %assign/vec4 v0x7c5095680_0, 0;
    %load/vec4 v0x7c5095860_0;
    %assign/vec4 v0x7c50955e0_0, 0;
T_25.2 ;
T_25.1 ;
    %jmp T_25;
    .thread T_25;
    .scope S_0x7c4cb4300;
T_26 ;
    %wait E_0x7c4cc5680;
    %load/vec4 v0x7c5096300_0;
    %nor/r;
    %flag_set/vec4 8;
    %jmp/0xz  T_26.0, 8;
    %pushi/vec4 0, 0, 13;
    %assign/vec4 v0x7c5096760_0, 0;
    %pushi/vec4 0, 0, 13;
    %assign/vec4 v0x7c5096b20_0, 0;
    %pushi/vec4 0, 0, 4;
    %assign/vec4 v0x7c5096260_0, 0;
    %pushi/vec4 0, 0, 4;
    %assign/vec4 v0x7c5095360_0, 0;
    %pushi/vec4 0, 0, 4;
    %assign/vec4 v0x7c5095400_0, 0;
    %pushi/vec4 0, 0, 4;
    %assign/vec4 v0x7c50954a0_0, 0;
    %pushi/vec4 0, 0, 8;
    %assign/vec4 v0x7c5095720_0, 0;
    %pushi/vec4 0, 0, 13;
    %assign/vec4 v0x7c5096800_0, 0;
    %pushi/vec4 0, 0, 1;
    %assign/vec4 v0x7c5096a80_0, 0;
    %pushi/vec4 0, 0, 1;
    %assign/vec4 v0x7c5095220_0, 0;
    %jmp T_26.1;
T_26.0 ;
    %load/vec4 v0x7c50966c0_0;
    %nor/r;
    %flag_set/vec4 8;
    %jmp/0xz  T_26.2, 8;
    %load/vec4 v0x7c5095680_0;
    %assign/vec4 v0x7c5095720_0, 0;
    %load/vec4 v0x7c5096760_0;
    %assign/vec4 v0x7c5096800_0, 0;
    %load/vec4 v0x7c50969e0_0;
    %assign/vec4 v0x7c5096a80_0, 0;
    %load/vec4 v0x7c5095400_0;
    %assign/vec4 v0x7c50954a0_0, 0;
    %load/vec4 v0x7c50955e0_0;
    %flag_set/vec4 11;
    %flag_get/vec4 11;
    %jmp/0 T_26.8, 11;
    %load/vec4 v0x7c5096b20_0;
    %pad/u 32;
    %pushi/vec4 47, 0, 32;
    %cmp/e;
    %flag_get/vec4 4;
    %and;
T_26.8;
    %flag_set/vec4 10;
    %flag_get/vec4 10;
    %jmp/0 T_26.7, 10;
    %load/vec4 v0x7c5096760_0;
    %pad/u 34;
    %pushi/vec4 69, 0, 34;
    %cmp/e;
    %flag_get/vec4 4;
    %and;
T_26.7;
    %flag_set/vec4 9;
    %flag_get/vec4 9;
    %jmp/0 T_26.6, 9;
    %load/vec4 v0x7c5095540_0;
    %and;
T_26.6;
    %flag_set/vec4 8;
    %jmp/0xz  T_26.4, 8;
    %pushi/vec4 7, 0, 4;
    %assign/vec4 v0x7c5095360_0, 0;
    %pushi/vec4 1, 0, 1;
    %assign/vec4 v0x7c5095220_0, 0;
T_26.4 ;
    %load/vec4 v0x7c50955e0_0;
    %flag_set/vec4 8;
    %jmp/1 T_26.11, 8;
    %load/vec4 v0x7c5095400_0;
    %cmpi/ne 0, 0, 4;
    %flag_or 8, 4;
T_26.11;
    %jmp/0xz  T_26.9, 8;
    %load/vec4 v0x7c5096760_0;
    %pad/u 34;
    %cmpi/e 70, 0, 34;
    %jmp/0xz  T_26.12, 4;
    %pushi/vec4 0, 0, 13;
    %assign/vec4 v0x7c5096760_0, 0;
    %load/vec4 v0x7c5096260_0;
    %pad/u 32;
    %cmpi/e 6, 0, 32;
    %flag_mov 8, 4;
    %jmp/0 T_26.14, 8;
    %pushi/vec4 0, 0, 4;
    %jmp/1 T_26.15, 8;
T_26.14 ; End of true expr.
    %load/vec4 v0x7c5096260_0;
    %addi 1, 0, 4;
    %jmp/0 T_26.15, 8;
 ; End of false expr.
    %blend;
T_26.15;
    %assign/vec4 v0x7c5096260_0, 0;
    %load/vec4 v0x7c5096b20_0;
    %pad/u 32;
    %cmpi/e 54, 0, 32;
    %jmp/0xz  T_26.16, 4;
    %pushi/vec4 0, 0, 13;
    %assign/vec4 v0x7c5096b20_0, 0;
    %pushi/vec4 0, 0, 4;
    %assign/vec4 v0x7c5096260_0, 0;
    %pushi/vec4 0, 0, 1;
    %assign/vec4 v0x7c5095220_0, 0;
    %jmp T_26.17;
T_26.16 ;
    %load/vec4 v0x7c5096b20_0;
    %addi 1, 0, 13;
    %assign/vec4 v0x7c5096b20_0, 0;
T_26.17 ;
    %load/vec4 v0x7c5095360_0;
    %cmpi/ne 0, 0, 4;
    %jmp/0xz  T_26.18, 4;
    %load/vec4 v0x7c5095360_0;
    %subi 1, 0, 4;
    %assign/vec4 v0x7c5095360_0, 0;
T_26.18 ;
    %load/vec4 v0x7c5095360_0;
    %assign/vec4 v0x7c5095400_0, 0;
    %jmp T_26.13;
T_26.12 ;
    %load/vec4 v0x7c5096760_0;
    %addi 1, 0, 13;
    %assign/vec4 v0x7c5096760_0, 0;
T_26.13 ;
T_26.9 ;
T_26.2 ;
T_26.1 ;
    %jmp T_26;
    .thread T_26;
    .scope S_0x7c4cb4300;
T_27 ;
    %wait E_0x7c4cc5680;
    %load/vec4 v0x7c5096300_0;
    %nor/r;
    %flag_set/vec4 8;
    %jmp/0xz  T_27.0, 8;
    %pushi/vec4 0, 0, 8;
    %assign/vec4 v0x7c5095f40_0, 0;
    %pushi/vec4 0, 0, 1;
    %assign/vec4 v0x7c5096120_0, 0;
    %pushi/vec4 0, 0, 13;
    %assign/vec4 v0x7c5096080_0, 0;
    %pushi/vec4 0, 0, 13;
    %assign/vec4 v0x7c5095e00_0, 0;
    %jmp T_27.1;
T_27.0 ;
    %load/vec4 v0x7c50966c0_0;
    %nor/r;
    %flag_set/vec4 8;
    %jmp/0xz  T_27.2, 8;
    %ix/load 4, 7, 0;
    %flag_set/imm 4, 0;
    %load/vec4a v0x7c5096f80, 4;
    %assign/vec4 v0x7c5095f40_0, 0;
    %load/vec4 v0x7c5096b20_0;
    %assign/vec4 v0x7c5096080_0, 0;
    %load/vec4 v0x7c5096760_0;
    %assign/vec4 v0x7c5095e00_0, 0;
    %load/vec4 v0x7c50969e0_0;
    %assign/vec4 v0x7c5096120_0, 0;
T_27.2 ;
T_27.1 ;
    %jmp T_27;
    .thread T_27;
    .scope S_0x7c4cb4300;
T_28 ;
    %wait E_0x7c4cc5680;
    %load/vec4 v0x7c5096300_0;
    %nor/r;
    %flag_set/vec4 8;
    %jmp/0xz  T_28.0, 8;
    %pushi/vec4 0, 0, 13;
    %assign/vec4 v0x7c5095fe0_0, 0;
    %pushi/vec4 0, 0, 13;
    %assign/vec4 v0x7c5095ea0_0, 0;
    %jmp T_28.1;
T_28.0 ;
    %load/vec4 v0x7c50966c0_0;
    %nor/r;
    %flag_set/vec4 9;
    %flag_get/vec4 9;
    %jmp/0 T_28.4, 9;
    %load/vec4 v0x7c5096bc0_0;
    %and;
T_28.4;
    %flag_set/vec4 8;
    %jmp/0xz  T_28.2, 8;
    %load/vec4 v0x7c5095ea0_0;
    %pad/u 32;
    %cmpi/e 63, 0, 32;
    %jmp/0xz  T_28.5, 4;
    %pushi/vec4 0, 0, 13;
    %assign/vec4 v0x7c5095ea0_0, 0;
    %load/vec4 v0x7c5095fe0_0;
    %pad/u 32;
    %cmpi/e 47, 0, 32;
    %flag_mov 8, 4;
    %jmp/0 T_28.7, 8;
    %pushi/vec4 0, 0, 13;
    %jmp/1 T_28.8, 8;
T_28.7 ; End of true expr.
    %load/vec4 v0x7c5095fe0_0;
    %addi 1, 0, 13;
    %jmp/0 T_28.8, 8;
 ; End of false expr.
    %blend;
T_28.8;
    %assign/vec4 v0x7c5095fe0_0, 0;
    %jmp T_28.6;
T_28.5 ;
    %load/vec4 v0x7c5095ea0_0;
    %addi 1, 0, 13;
    %assign/vec4 v0x7c5095ea0_0, 0;
T_28.6 ;
T_28.2 ;
T_28.1 ;
    %jmp T_28;
    .thread T_28;
    .scope S_0x1016dad10;
T_29 ;
    %delay 5000, 0;
    %load/vec4 v0x7c5097200_0;
    %inv;
    %store/vec4 v0x7c5097200_0, 0, 1;
    %jmp T_29;
    .thread T_29;
    .scope S_0x1016dad10;
T_30 ;
    %pushi/vec4 44257, 0, 16;
    %store/vec4 v0x7c5097520_0, 0, 16;
    %pushi/vec4 0, 0, 32;
    %store/vec4 v0x7c50973e0_0, 0, 32;
T_30.0 ; Top of for-loop
    %load/vec4 v0x7c50973e0_0;
    %cmpi/s 3072, 0, 32;
	  %jmp/0xz T_30.1, 5;
    %load/vec4 v0x7c5097520_0;
    %parti/s 15, 0, 2;
    %load/vec4 v0x7c5097520_0;
    %parti/s 1, 15, 5;
    %load/vec4 v0x7c5097520_0;
    %parti/s 1, 13, 5;
    %xor;
    %load/vec4 v0x7c5097520_0;
    %parti/s 1, 12, 5;
    %xor;
    %load/vec4 v0x7c5097520_0;
    %parti/s 1, 10, 5;
    %xor;
    %concat/vec4; draw_concat_vec4
    %store/vec4 v0x7c5097520_0, 0, 16;
    %load/vec4 v0x7c5097520_0;
    %parti/s 8, 0, 2;
    %load/vec4 v0x7c50973e0_0;
    %pushi/vec4 64, 0, 32;
    %div/s;
    %pad/s 39;
    %pad/s 45;
    %muli 64, 0, 45;
    %pad/s 46;
    %load/vec4 v0x7c50973e0_0;
    %pushi/vec4 64, 0, 32;
    %mod/s;
    %pad/s 46;
    %add;
    %ix/vec4/s 4;
    %store/vec4a v0x7c5097480, 4, 0;
T_30.2 ; for-loop step statement
    %load/vec4 v0x7c50973e0_0;
    %addi 1, 0, 32;
    %store/vec4 v0x7c50973e0_0, 0, 32;
    %jmp T_30.0;
T_30.1 ; for-loop exit label
    %end;
    .thread T_30;
    .scope S_0x1016dad10;
T_31 ;
    %wait E_0x7c4cc5680;
    %load/vec4 v0x7c5097980_0;
    %nor/r;
    %flag_set/vec4 8;
    %jmp/0xz  T_31.0, 8;
    %pushi/vec4 0, 0, 2;
    %assign/vec4 v0x7c50970c0_0, 0;
    %jmp T_31.1;
T_31.0 ;
    %load/vec4 v0x7c50970c0_0;
    %addi 1, 0, 2;
    %assign/vec4 v0x7c50970c0_0, 0;
T_31.1 ;
    %jmp T_31;
    .thread T_31;
    .scope S_0x1016dad10;
T_32 ;
    %wait E_0x7c4cc54c0;
    %load/vec4 v0x7c50970c0_0;
    %pushi/vec4 2, 0, 2;
    %cmp/ne;
    %flag_get/vec4 4;
    %store/vec4 v0x7c5097700_0, 0, 1;
    %jmp T_32;
    .thread T_32, $push;
    .scope S_0x1016dad10;
T_33 ;
    %pushi/vec4 0, 0, 1;
    %store/vec4 v0x7c5097200_0, 0, 1;
    %pushi/vec4 0, 0, 1;
    %store/vec4 v0x7c5097980_0, 0, 1;
    %pushi/vec4 0, 0, 1;
    %store/vec4 v0x7c5097ca0_0, 0, 1;
    %pushi/vec4 0, 0, 8;
    %store/vec4 v0x7c5097a20_0, 0, 8;
    %pushi/vec4 0, 0, 1;
    %store/vec4 v0x7c5097c00_0, 0, 1;
    %pushi/vec4 0, 0, 1;
    %store/vec4 v0x7c5097ac0_0, 0, 1;
    %pushi/vec4 0, 0, 32;
    %store/vec4 v0x7c50972a0_0, 0, 32;
    %pushi/vec4 0, 0, 32;
    %store/vec4 v0x7c5097d40_0, 0, 32;
    %pushi/vec4 0, 0, 32;
    %store/vec4 v0x7c5098000_0, 0, 32;
    %pushi/vec4 0, 0, 32;
    %store/vec4 v0x7c5097e80_0, 0, 32;
    %fork TD_tb_sbm_alg8_spread.golden_build, S_0x7c4cb4000;
    %join;
    %pushi/vec4 10, 0, 32;
T_33.0 %dup/vec4;
    %cmpi/s 0, 0, 32;
    %jmp/1xz T_33.1, 5;
    %jmp/1 T_33.1, 4;
    %subi 1, 0, 32;
    %wait E_0x7c4cc5500;
    %jmp T_33.0;
T_33.1 ;
    %pop/vec4 1;
    %pushi/vec4 1, 0, 1;
    %store/vec4 v0x7c5097980_0, 0, 1;
    %fork TD_tb_sbm_alg8_spread.send_frame, S_0x7c4cb4180;
    %join;
    %fork TD_tb_sbm_alg8_spread.send_frame, S_0x7c4cb4180;
    %join;
    %fork t_1, S_0x7c4ce0a80;
    %jmp t_0;
    .scope S_0x7c4ce0a80;
t_1 ;
    %pushi/vec4 0, 0, 32;
    %store/vec4 v0x7c5097020_0, 0, 32;
T_33.2 ;
    %load/vec4 v0x7c5097d40_0;
    %cmpi/s 6144, 0, 32;
    %flag_get/vec4 5;
    %jmp/0 T_33.4, 5;
    %load/vec4 v0x7c5097020_0;
    %cmpi/s 200000, 0, 32;
    %flag_get/vec4 5;
    %and;
T_33.4;
    %flag_set/vec4 8;
    %jmp/0xz T_33.3, 8;
    %wait E_0x7c4cc5500;
    %load/vec4 v0x7c5097020_0;
    %addi 1, 0, 32;
    %store/vec4 v0x7c5097020_0, 0, 32;
    %jmp T_33.2;
T_33.3 ;
    %vpi_call/w 3 120 "$display", "DBG wcnt=%0d tot=%0d err=%0d tready=%0d tvalid=%0d", v0x7c5097020_0, v0x7c5097d40_0, v0x7c50972a0_0, v0x7c5097700_0, v0x7c5097840_0 {0 0 0};
    %pushi/vec4 50, 0, 32;
T_33.5 %dup/vec4;
    %cmpi/s 0, 0, 32;
    %jmp/1xz T_33.6, 5;
    %jmp/1 T_33.6, 4;
    %subi 1, 0, 32;
    %wait E_0x7c4cc5500;
    %jmp T_33.5;
T_33.6 ;
    %pop/vec4 1;
    %end;
    .scope S_0x1016dad10;
t_0 %join;
    %load/vec4 v0x7c50972a0_0;
    %cmpi/e 0, 0, 32;
    %flag_get/vec4 4;
    %jmp/0 T_33.9, 4;
    %load/vec4 v0x7c5097d40_0;
    %pushi/vec4 6144, 0, 32;
    %cmp/e;
    %flag_get/vec4 4;
    %and;
T_33.9;
    %flag_set/vec4 8;
    %jmp/0xz  T_33.7, 8;
    %vpi_call/w 3 124 "$display", "RESULT: PASS (alg8 stall backpressure + per-frame tuser, tot=%0d)", v0x7c5097d40_0 {0 0 0};
    %jmp T_33.8;
T_33.7 ;
    %vpi_call/w 3 126 "$display", "RESULT: FAIL err=%0d tot=%0d exp=%0d", v0x7c50972a0_0, v0x7c5097d40_0, 32'sb00000000000000000001100000000000 {0 0 0};
T_33.8 ;
    %vpi_call/w 3 127 "$finish" {0 0 0};
    %end;
    .thread T_33;
    .scope S_0x1016dad10;
T_34 ;
    %wait E_0x7c4cc5500;
    %load/vec4 v0x7c5097840_0;
    %flag_set/vec4 9;
    %flag_get/vec4 9;
    %jmp/0 T_34.2, 9;
    %load/vec4 v0x7c5097700_0;
    %and;
T_34.2;
    %flag_set/vec4 8;
    %jmp/0xz  T_34.0, 8;
    %load/vec4 v0x7c5097d40_0;
    %addi 1, 0, 32;
    %store/vec4 v0x7c5097d40_0, 0, 32;
    %load/vec4 v0x7c5098000_0;
    %cmpi/s 42, 0, 32;
    %flag_inv 5; GE is !LT
    %jmp/0xz  T_34.3, 5;
    %load/vec4 v0x7c5098000_0;
    %pad/s 39;
    %pad/s 45;
    %muli 64, 0, 45;
    %pad/s 46;
    %load/vec4 v0x7c5097e80_0;
    %pad/s 46;
    %add;
    %ix/vec4/s 4;
    %load/vec4a v0x7c5097340, 4;
    %vpi_call/w 3 134 "$display", "  DBG (y=%0d,x=%0d) act=%02X exp=%02X", v0x7c5098000_0, v0x7c5097e80_0, v0x7c50975c0_0, S<0,vec4,u8> {1 0 0};
T_34.3 ;
    %load/vec4 v0x7c50975c0_0;
    %load/vec4 v0x7c5098000_0;
    %pad/s 39;
    %pad/s 45;
    %muli 64, 0, 45;
    %pad/s 46;
    %load/vec4 v0x7c5097e80_0;
    %pad/s 46;
    %add;
    %ix/vec4/s 4;
    %load/vec4a v0x7c5097340, 4;
    %cmp/ne;
    %jmp/0xz  T_34.5, 6;
    %load/vec4 v0x7c50972a0_0;
    %addi 1, 0, 32;
    %store/vec4 v0x7c50972a0_0, 0, 32;
    %load/vec4 v0x7c50972a0_0;
    %cmpi/s 10, 0, 32;
    %flag_or 5, 4;
    %jmp/0xz  T_34.7, 5;
    %load/vec4 v0x7c5098000_0;
    %pad/s 39;
    %pad/s 45;
    %muli 64, 0, 45;
    %pad/s 46;
    %load/vec4 v0x7c5097e80_0;
    %pad/s 46;
    %add;
    %ix/vec4/s 4;
    %load/vec4a v0x7c5097340, 4;
    %vpi_call/w 3 137 "$display", "  DATA ERR (y=%0d,x=%0d) exp=%02X act=%02X", v0x7c5098000_0, v0x7c5097e80_0, S<0,vec4,u8>, v0x7c50975c0_0 {1 0 0};
T_34.7 ;
T_34.5 ;
    %load/vec4 v0x7c50977a0_0;
    %load/vec4 v0x7c5098000_0;
    %cmpi/e 0, 0, 32;
    %flag_get/vec4 4;
    %jmp/0 T_34.11, 4;
    %load/vec4 v0x7c5097e80_0;
    %pushi/vec4 0, 0, 32;
    %cmp/e;
    %flag_get/vec4 4;
    %and;
T_34.11;
    %cmp/ne;
    %jmp/0xz  T_34.9, 6;
    %load/vec4 v0x7c50972a0_0;
    %addi 1, 0, 32;
    %store/vec4 v0x7c50972a0_0, 0, 32;
    %load/vec4 v0x7c50972a0_0;
    %cmpi/s 10, 0, 32;
    %flag_or 5, 4;
    %jmp/0xz  T_34.12, 5;
    %vpi_call/w 3 142 "$display", "  TUSER ERR (y=%0d,x=%0d) act=%0d", v0x7c5098000_0, v0x7c5097e80_0, v0x7c50977a0_0 {0 0 0};
T_34.12 ;
T_34.9 ;
    %load/vec4 v0x7c5097660_0;
    %load/vec4 v0x7c5097e80_0;
    %pushi/vec4 63, 0, 32;
    %cmp/e;
    %flag_get/vec4 4;
    %cmp/ne;
    %jmp/0xz  T_34.14, 6;
    %load/vec4 v0x7c50972a0_0;
    %addi 1, 0, 32;
    %store/vec4 v0x7c50972a0_0, 0, 32;
    %load/vec4 v0x7c50972a0_0;
    %cmpi/s 10, 0, 32;
    %flag_or 5, 4;
    %jmp/0xz  T_34.16, 5;
    %vpi_call/w 3 146 "$display", "  TLAST ERR (y=%0d,x=%0d) act=%0d", v0x7c5098000_0, v0x7c5097e80_0, v0x7c5097660_0 {0 0 0};
T_34.16 ;
T_34.14 ;
    %load/vec4 v0x7c5097e80_0;
    %cmpi/e 63, 0, 32;
    %jmp/0xz  T_34.18, 4;
    %pushi/vec4 0, 0, 32;
    %store/vec4 v0x7c5097e80_0, 0, 32;
    %load/vec4 v0x7c5098000_0;
    %cmpi/e 47, 0, 32;
    %flag_mov 8, 4;
    %jmp/0 T_34.20, 8;
    %pushi/vec4 0, 0, 32;
    %jmp/1 T_34.21, 8;
T_34.20 ; End of true expr.
    %load/vec4 v0x7c5098000_0;
    %addi 1, 0, 32;
    %jmp/0 T_34.21, 8;
 ; End of false expr.
    %blend;
T_34.21;
    %store/vec4 v0x7c5098000_0, 0, 32;
    %jmp T_34.19;
T_34.18 ;
    %load/vec4 v0x7c5097e80_0;
    %addi 1, 0, 32;
    %store/vec4 v0x7c5097e80_0, 0, 32;
T_34.19 ;
T_34.0 ;
    %jmp T_34;
    .thread T_34;
# The file index is used to find the file name in the following table.
:file_names 6;
    "N/A";
    "<interactive>";
    "-";
    "tb_sbm_alg8_spread.v";
    "sbm_alg8_spread.v";
    "xpm_memory_sdpram_beh.v";
