#! /opt/homebrew/Cellar/icarus-verilog/13.0/bin/vvp
:ivl_version "13.0 (stable)" "(v13_0)";
:ivl_delay_selection "TYPICAL";
:vpi_time_precision - 12;
:vpi_module "/opt/homebrew/Cellar/icarus-verilog/13.0/lib/ivl/system.vpi";
:vpi_module "/opt/homebrew/Cellar/icarus-verilog/13.0/lib/ivl/vhdl_sys.vpi";
:vpi_module "/opt/homebrew/Cellar/icarus-verilog/13.0/lib/ivl/vhdl_textio.vpi";
:vpi_module "/opt/homebrew/Cellar/icarus-verilog/13.0/lib/ivl/v2005_math.vpi";
:vpi_module "/opt/homebrew/Cellar/icarus-verilog/13.0/lib/ivl/va_math.vpi";
:vpi_module "/opt/homebrew/Cellar/icarus-verilog/13.0/lib/ivl/v2009.vpi";
S_0x101825190 .scope package, "$unit" "$unit" 2 1;
 .timescale 0 0;
S_0x101825310 .scope module, "tb_sbm_alg3_quantize" "tb_sbm_alg3_quantize" 3 49;
 .timescale -9 -12;
P_0x10182ac00 .param/l "IMG_H" 0 3 52, +C4<0000000000000000000000000000000000000000000000000000000000000000000000000000000000000000000000000000000000000000000000000010000000>;
P_0x10182ac40 .param/l "IMG_W" 0 3 51, +C4<0000000000000000000000000000000000000000000000000000000000000000000000000000000000000000000000000000000000000000000000000010000000>;
P_0x10182ac80 .param/l "NFRAMES" 0 3 53, +C4<00000000000000000000000000000010>;
P_0x10182acc0 .param/l "NPX" 1 3 54, +C4<00000000000000000000000000000000000000000000000000000000000000000000000000000000000000000000000000000000000000000000000000000000000000000000000000000000000000000000000000000000000000000000000000000000000000000000000000000000000000000000000000000100000000000000>;
v0xc02cbdd60_0 .var "clk", 0 0;
v0xc02cbde00_0 .var/i "err", 31 0;
v0xc02cbdea0_0 .var "exp_data", 7 0;
v0xc02cbdf40_0 .net "m_axis_tdata", 7 0, L_0xc02c80fc0;  1 drivers
v0xc02cbdfe0_0 .net "m_axis_tlast", 0 0, L_0xc0302bcd0;  1 drivers
v0xc02cbe080_0 .net "m_axis_tuser", 0 0, L_0xc0302bc60;  1 drivers
v0xc02cbe120_0 .net "m_axis_tvalid", 0 0, L_0xc02c80f50;  1 drivers
v0xc02cbe1c0_0 .var/i "m_col", 31 0;
v0xc02cbe260_0 .var/i "m_frame", 31 0;
v0xc02cbe300_0 .var/i "m_row", 31 0;
v0xc02cbe3a0_0 .var "rst_n", 0 0;
v0xc02cbe440_0 .var "s_axis_angle", 15 0;
v0xc02cbe4e0_0 .var "s_axis_mag2", 21 0;
v0xc02cbe580_0 .var "s_axis_tlast", 0 0;
v0xc02cbe620_0 .net "s_axis_tready", 0 0, L_0xc02cbe8a0;  1 drivers
v0xc02cbe6c0_0 .var "s_axis_tuser", 0 0;
v0xc02cbe760_0 .var "s_axis_tvalid", 0 0;
v0xc02cbe800_0 .var/i "total", 31 0;
S_0x101821c10 .scope autofunction.vec4.u32, "clampi" "clampi" 3 122, 3 122 0, S_0x101825310;
 .timescale -9 -12;
; Variable clampi is vec4 return value of scope S_0x101821c10
v0xc02c90fa0_0 .var/i "hi", 31 0;
v0xc02c91040_0 .var/i "lo", 31 0;
v0xc02c910e0_0 .var/i "v", 31 0;
TD_tb_sbm_alg3_quantize.clampi ;
    %load/vec4 v0xc02c910e0_0;
    %load/vec4 v0xc02c91040_0;
    %cmp/s;
    %jmp/0xz  T_0.0, 5;
    %load/vec4 v0xc02c91040_0;
    %ret/vec4 0, 0, 32;  Assign to clampi (store_vec4_to_lval)
    %jmp T_0.1;
T_0.0 ;
    %load/vec4 v0xc02c90fa0_0;
    %load/vec4 v0xc02c910e0_0;
    %cmp/s;
    %jmp/0xz  T_0.2, 5;
    %load/vec4 v0xc02c90fa0_0;
    %ret/vec4 0, 0, 32;  Assign to clampi (store_vec4_to_lval)
    %jmp T_0.3;
T_0.2 ;
    %load/vec4 v0xc02c910e0_0;
    %ret/vec4 0, 0, 32;  Assign to clampi (store_vec4_to_lval)
T_0.3 ;
T_0.1 ;
    %end;
S_0x101821d90 .scope autofunction.vec4.u32, "g_best" "g_best" 3 161, 3 161 0, S_0x101825310;
 .timescale -9 -12;
v0xc02c91180_0 .var/i "C", 31 0;
v0xc02c91220_0 .var/i "R", 31 0;
v0xc02c912c0_0 .var/i "bd", 31 0;
v0xc02c91360_0 .var/i "bv", 31 0;
v0xc02c91400_0 .var/i "d", 31 0;
v0xc02c914a0_0 .var/i "f", 31 0;
; Variable g_best is vec4 return value of scope S_0x101821d90
v0xc02c915e0_0 .var/i "v", 31 0;
TD_tb_sbm_alg3_quantize.g_best ;
    %pushi/vec4 0, 0, 32;
    %store/vec4 v0xc02c912c0_0, 0, 32;
    %alloc S_0x10182e780;
    %load/vec4 v0xc02c914a0_0;
    %load/vec4 v0xc02c91220_0;
    %load/vec4 v0xc02c91180_0;
    %pushi/vec4 0, 0, 32;
    %store/vec4 v0xc02c92080_0, 0, 32;
    %store/vec4 v0xc02c91e00_0, 0, 32;
    %store/vec4 v0xc02c91ea0_0, 0, 32;
    %store/vec4 v0xc02c92120_0, 0, 32;
    %callf/vec4 TD_tb_sbm_alg3_quantize.g_votes, S_0x10182e780;
    %free S_0x10182e780;
    %store/vec4 v0xc02c91360_0, 0, 32;
    %pushi/vec4 1, 0, 32;
    %store/vec4 v0xc02c91400_0, 0, 32;
T_1.4 ; Top of for-loop
    %load/vec4 v0xc02c91400_0;
    %cmpi/s 8, 0, 32;
	  %jmp/0xz T_1.5, 5;
    %alloc S_0x10182e780;
    %load/vec4 v0xc02c914a0_0;
    %load/vec4 v0xc02c91220_0;
    %load/vec4 v0xc02c91180_0;
    %load/vec4 v0xc02c91400_0;
    %store/vec4 v0xc02c92080_0, 0, 32;
    %store/vec4 v0xc02c91e00_0, 0, 32;
    %store/vec4 v0xc02c91ea0_0, 0, 32;
    %store/vec4 v0xc02c92120_0, 0, 32;
    %callf/vec4 TD_tb_sbm_alg3_quantize.g_votes, S_0x10182e780;
    %free S_0x10182e780;
    %store/vec4 v0xc02c915e0_0, 0, 32;
    %load/vec4 v0xc02c91360_0;
    %load/vec4 v0xc02c915e0_0;
    %cmp/s;
    %jmp/0xz  T_1.7, 5;
    %load/vec4 v0xc02c91400_0;
    %store/vec4 v0xc02c912c0_0, 0, 32;
    %load/vec4 v0xc02c915e0_0;
    %store/vec4 v0xc02c91360_0, 0, 32;
T_1.7 ;
T_1.6 ; for-loop step statement
    %load/vec4 v0xc02c91400_0;
    %addi 1, 0, 32;
    %store/vec4 v0xc02c91400_0, 0, 32;
    %jmp T_1.4;
T_1.5 ; for-loop exit label
    %load/vec4 v0xc02c912c0_0;
    %ret/vec4 0, 0, 32;  Assign to g_best (store_vec4_to_lval)
    %end;
S_0x101818d50 .scope autofunction.vec4.s3, "g_label" "g_label" 3 131, 3 131 0, S_0x101825310;
 .timescale -9 -12;
v0xc02c91680_0 .var "ang", 15 0;
v0xc02c91720_0 .var/i "c", 31 0;
v0xc02c917c0_0 .var/i "f", 31 0;
; Variable g_label is vec4 return value of scope S_0x101818d50
v0xc02c91900_0 .var "q16", 3 0;
v0xc02c919a0_0 .var/i "r", 31 0;
TD_tb_sbm_alg3_quantize.g_label ;
    %load/vec4 v0xc02c919a0_0;
    %cmpi/e 0, 0, 32;
    %jmp/1 T_2.13, 4;
    %flag_mov 8, 4;
    %load/vec4 v0xc02c919a0_0;
    %pad/s 130;
    %cmpi/e 127, 0, 130;
    %flag_or 4, 8;
T_2.13;
    %jmp/1 T_2.12, 4;
    %flag_mov 8, 4;
    %load/vec4 v0xc02c91720_0;
    %cmpi/e 0, 0, 32;
    %flag_or 4, 8;
T_2.12;
    %jmp/1 T_2.11, 4;
    %flag_mov 8, 4;
    %load/vec4 v0xc02c91720_0;
    %pad/s 130;
    %cmpi/e 127, 0, 130;
    %flag_or 4, 8;
T_2.11;
    %jmp/0xz  T_2.9, 4;
    %pushi/vec4 0, 0, 3;
    %ret/vec4 0, 0, 3;  Assign to g_label (store_vec4_to_lval)
    %jmp T_2.10;
T_2.9 ;
    %alloc S_0x10182ea80;
    %load/vec4 v0xc02c917c0_0;
    %load/vec4 v0xc02c919a0_0;
    %load/vec4 v0xc02c91720_0;
    %store/vec4 v0xc02c924e0_0, 0, 32;
    %store/vec4 v0xc02c92620_0, 0, 32;
    %store/vec4 v0xc02c92580_0, 0, 32;
    %callf/vec4 TD_tb_sbm_alg3_quantize.stim_angle, S_0x10182ea80;
    %free S_0x10182ea80;
    %store/vec4 v0xc02c91680_0, 0, 16;
    %load/vec4 v0xc02c91680_0;
    %addi 2048, 0, 16;
    %ix/load 4, 12, 0;
    %flag_set/imm 4, 0;
    %shiftr 4;
    %pad/u 4;
    %store/vec4 v0xc02c91900_0, 0, 4;
    %load/vec4 v0xc02c91900_0;
    %parti/s 3, 0, 2;
    %ret/vec4 0, 0, 3;  Assign to g_label (store_vec4_to_lval)
T_2.10 ;
    %end;
S_0x101818ed0 .scope autofunction.vec4.s8, "g_out" "g_out" 3 175, 3 175 0, S_0x101825310;
 .timescale -9 -12;
v0xc02c91a40_0 .var/i "C", 31 0;
v0xc02c91ae0_0 .var/i "R", 31 0;
v0xc02c91b80_0 .var/i "bd", 31 0;
v0xc02c91c20_0 .var/i "bv", 31 0;
v0xc02c91cc0_0 .var/i "f", 31 0;
; Variable g_out is vec4 return value of scope S_0x101818ed0
TD_tb_sbm_alg3_quantize.g_out ;
    %load/vec4 v0xc02c91ae0_0;
    %cmpi/e 0, 0, 32;
    %jmp/1 T_3.18, 4;
    %flag_mov 8, 4;
    %load/vec4 v0xc02c91ae0_0;
    %pad/s 130;
    %cmpi/e 127, 0, 130;
    %flag_or 4, 8;
T_3.18;
    %jmp/1 T_3.17, 4;
    %flag_mov 8, 4;
    %load/vec4 v0xc02c91a40_0;
    %cmpi/e 0, 0, 32;
    %flag_or 4, 8;
T_3.17;
    %jmp/1 T_3.16, 4;
    %flag_mov 8, 4;
    %load/vec4 v0xc02c91a40_0;
    %pad/s 130;
    %cmpi/e 127, 0, 130;
    %flag_or 4, 8;
T_3.16;
    %jmp/0xz  T_3.14, 4;
    %pushi/vec4 0, 0, 8;
    %ret/vec4 0, 0, 8;  Assign to g_out (store_vec4_to_lval)
    %jmp T_3.15;
T_3.14 ;
    %alloc S_0x101821d90;
    %load/vec4 v0xc02c91cc0_0;
    %load/vec4 v0xc02c91ae0_0;
    %load/vec4 v0xc02c91a40_0;
    %store/vec4 v0xc02c91180_0, 0, 32;
    %store/vec4 v0xc02c91220_0, 0, 32;
    %store/vec4 v0xc02c914a0_0, 0, 32;
    %callf/vec4 TD_tb_sbm_alg3_quantize.g_best, S_0x101821d90;
    %free S_0x101821d90;
    %store/vec4 v0xc02c91b80_0, 0, 32;
    %alloc S_0x10182e780;
    %load/vec4 v0xc02c91cc0_0;
    %load/vec4 v0xc02c91ae0_0;
    %load/vec4 v0xc02c91a40_0;
    %load/vec4 v0xc02c91b80_0;
    %store/vec4 v0xc02c92080_0, 0, 32;
    %store/vec4 v0xc02c91e00_0, 0, 32;
    %store/vec4 v0xc02c91ea0_0, 0, 32;
    %store/vec4 v0xc02c92120_0, 0, 32;
    %callf/vec4 TD_tb_sbm_alg3_quantize.g_votes, S_0x10182e780;
    %free S_0x10182e780;
    %store/vec4 v0xc02c91c20_0, 0, 32;
    %alloc S_0x10182ec00;
    %load/vec4 v0xc02c91cc0_0;
    %load/vec4 v0xc02c91ae0_0;
    %load/vec4 v0xc02c91a40_0;
    %store/vec4 v0xc02c92760_0, 0, 32;
    %store/vec4 v0xc02c928a0_0, 0, 32;
    %store/vec4 v0xc02c92800_0, 0, 32;
    %callf/vec4 TD_tb_sbm_alg3_quantize.stim_mag2, S_0x10182ec00;
    %free S_0x10182ec00;
    %cmpi/u 900, 0, 22;
    %flag_or 5, 4; GT is !LE
    %flag_inv 5;
    %flag_get/vec4 5;
    %jmp/0 T_3.21, 5;
    %pushi/vec4 5, 0, 32;
    %load/vec4 v0xc02c91c20_0;
    %cmp/s;
    %flag_get/vec4 4;
    %flag_get/vec4 5;
    %or;
    %and;
T_3.21;
    %flag_set/vec4 8;
    %jmp/0xz  T_3.19, 8;
    %pushi/vec4 1, 0, 8;
    %load/vec4 v0xc02c91b80_0;
    %ix/vec4 4;
    %shiftl 4;
    %ret/vec4 0, 0, 8;  Assign to g_out (store_vec4_to_lval)
    %jmp T_3.20;
T_3.19 ;
    %pushi/vec4 0, 0, 8;
    %ret/vec4 0, 0, 8;  Assign to g_out (store_vec4_to_lval)
T_3.20 ;
T_3.15 ;
    %end;
S_0x10182e780 .scope autofunction.vec4.u32, "g_votes" "g_votes" 3 148, 3 148 0, S_0x101825310;
 .timescale -9 -12;
v0xc02c91e00_0 .var/i "C", 31 0;
v0xc02c91ea0_0 .var/i "R", 31 0;
v0xc02c91f40_0 .var/i "cc", 31 0;
v0xc02c91fe0_0 .var/i "cnt", 31 0;
v0xc02c92080_0 .var/i "d", 31 0;
v0xc02c92120_0 .var/i "f", 31 0;
; Variable g_votes is vec4 return value of scope S_0x10182e780
v0xc02c92260_0 .var/i "rr", 31 0;
TD_tb_sbm_alg3_quantize.g_votes ;
    %pushi/vec4 0, 0, 32;
    %store/vec4 v0xc02c91fe0_0, 0, 32;
    %load/vec4 v0xc02c91ea0_0;
    %subi 1, 0, 32;
    %store/vec4 v0xc02c92260_0, 0, 32;
T_4.22 ; Top of for-loop
    %load/vec4 v0xc02c92260_0;
    %load/vec4 v0xc02c91ea0_0;
    %addi 1, 0, 32;
    %cmp/s;
    %flag_or 5, 4;
	  %jmp/0xz T_4.23, 5;
    %load/vec4 v0xc02c91e00_0;
    %subi 1, 0, 32;
    %store/vec4 v0xc02c91f40_0, 0, 32;
T_4.25 ; Top of for-loop
    %load/vec4 v0xc02c91f40_0;
    %load/vec4 v0xc02c91e00_0;
    %addi 1, 0, 32;
    %cmp/s;
    %flag_or 5, 4;
	  %jmp/0xz T_4.26, 5;
    %alloc S_0x101818d50;
    %load/vec4 v0xc02c92120_0;
    %alloc S_0x101821c10;
    %load/vec4 v0xc02c92260_0;
    %pushi/vec4 0, 0, 32;
    %pushi/vec4 127, 0, 32;
    %store/vec4 v0xc02c90fa0_0, 0, 32;
    %store/vec4 v0xc02c91040_0, 0, 32;
    %store/vec4 v0xc02c910e0_0, 0, 32;
    %callf/vec4 TD_tb_sbm_alg3_quantize.clampi, S_0x101821c10;
    %free S_0x101821c10;
    %alloc S_0x101821c10;
    %load/vec4 v0xc02c91f40_0;
    %pushi/vec4 0, 0, 32;
    %pushi/vec4 127, 0, 32;
    %store/vec4 v0xc02c90fa0_0, 0, 32;
    %store/vec4 v0xc02c91040_0, 0, 32;
    %store/vec4 v0xc02c910e0_0, 0, 32;
    %callf/vec4 TD_tb_sbm_alg3_quantize.clampi, S_0x101821c10;
    %free S_0x101821c10;
    %store/vec4 v0xc02c91720_0, 0, 32;
    %store/vec4 v0xc02c919a0_0, 0, 32;
    %store/vec4 v0xc02c917c0_0, 0, 32;
    %callf/vec4 TD_tb_sbm_alg3_quantize.g_label, S_0x101818d50;
    %free S_0x101818d50;
    %load/vec4 v0xc02c92080_0;
    %parti/s 3, 0, 2;
    %cmp/e;
    %jmp/0xz  T_4.28, 4;
    %load/vec4 v0xc02c91fe0_0;
    %addi 1, 0, 32;
    %store/vec4 v0xc02c91fe0_0, 0, 32;
T_4.28 ;
T_4.27 ; for-loop step statement
    %load/vec4 v0xc02c91f40_0;
    %addi 1, 0, 32;
    %store/vec4 v0xc02c91f40_0, 0, 32;
    %jmp T_4.25;
T_4.26 ; for-loop exit label
T_4.24 ; for-loop step statement
    %load/vec4 v0xc02c92260_0;
    %addi 1, 0, 32;
    %store/vec4 v0xc02c92260_0, 0, 32;
    %jmp T_4.22;
T_4.23 ; for-loop exit label
    %load/vec4 v0xc02c91fe0_0;
    %ret/vec4 0, 0, 32;  Assign to g_votes (store_vec4_to_lval)
    %end;
S_0x10182e900 .scope task, "send_frame" "send_frame" 3 193, 3 193 0, S_0x101825310;
 .timescale -9 -12;
v0xc02c92300_0 .var/i "c", 31 0;
v0xc02c923a0_0 .var/i "f", 31 0;
v0xc02c92440_0 .var/i "r", 31 0;
E_0xc02ca5800 .event posedge, v0xc02c92b20_0;
E_0xc02ca5840 .event negedge, v0xc02c92b20_0;
TD_tb_sbm_alg3_quantize.send_frame ;
    %pushi/vec4 0, 0, 32;
    %store/vec4 v0xc02c92440_0, 0, 32;
T_5.30 ; Top of for-loop
    %load/vec4 v0xc02c92440_0;
    %pad/s 130;
    %cmpi/s 128, 0, 130;
	  %jmp/0xz T_5.31, 5;
    %pushi/vec4 0, 0, 32;
    %store/vec4 v0xc02c92300_0, 0, 32;
T_5.33 ; Top of for-loop
    %load/vec4 v0xc02c92300_0;
    %pad/s 130;
    %cmpi/s 128, 0, 130;
	  %jmp/0xz T_5.34, 5;
    %wait E_0xc02ca5840;
    %alloc S_0x10182ec00;
    %load/vec4 v0xc02c923a0_0;
    %load/vec4 v0xc02c92440_0;
    %load/vec4 v0xc02c92300_0;
    %store/vec4 v0xc02c92760_0, 0, 32;
    %store/vec4 v0xc02c928a0_0, 0, 32;
    %store/vec4 v0xc02c92800_0, 0, 32;
    %callf/vec4 TD_tb_sbm_alg3_quantize.stim_mag2, S_0x10182ec00;
    %free S_0x10182ec00;
    %assign/vec4 v0xc02cbe4e0_0, 0;
    %alloc S_0x10182ea80;
    %load/vec4 v0xc02c923a0_0;
    %load/vec4 v0xc02c92440_0;
    %load/vec4 v0xc02c92300_0;
    %store/vec4 v0xc02c924e0_0, 0, 32;
    %store/vec4 v0xc02c92620_0, 0, 32;
    %store/vec4 v0xc02c92580_0, 0, 32;
    %callf/vec4 TD_tb_sbm_alg3_quantize.stim_angle, S_0x10182ea80;
    %free S_0x10182ea80;
    %assign/vec4 v0xc02cbe440_0, 0;
    %load/vec4 v0xc02c92440_0;
    %cmpi/e 0, 0, 32;
    %flag_get/vec4 4;
    %jmp/0 T_5.36, 4;
    %load/vec4 v0xc02c92300_0;
    %pushi/vec4 0, 0, 32;
    %cmp/e;
    %flag_get/vec4 4;
    %and;
T_5.36;
    %assign/vec4 v0xc02cbe6c0_0, 0;
    %load/vec4 v0xc02c92440_0;
    %pad/s 130;
    %cmpi/e 127, 0, 130;
    %flag_get/vec4 4;
    %jmp/0 T_5.37, 4;
    %load/vec4 v0xc02c92300_0;
    %pad/s 130;
    %pushi/vec4 127, 0, 130;
    %cmp/e;
    %flag_get/vec4 4;
    %and;
T_5.37;
    %assign/vec4 v0xc02cbe580_0, 0;
    %pushi/vec4 1, 0, 1;
    %assign/vec4 v0xc02cbe760_0, 0;
T_5.38 ;
    %wait E_0xc02ca5800;
T_5.39 ;
    %load/vec4 v0xc02cbe620_0;
    %nor/r;
    %flag_set/vec4 8;
    %jmp/1 T_5.38, 8;
T_5.40 ;
T_5.35 ; for-loop step statement
    %load/vec4 v0xc02c92300_0;
    %addi 1, 0, 32;
    %store/vec4 v0xc02c92300_0, 0, 32;
    %jmp T_5.33;
T_5.34 ; for-loop exit label
    %wait E_0xc02ca5840;
    %pushi/vec4 0, 0, 1;
    %assign/vec4 v0xc02cbe760_0, 0;
    %pushi/vec4 0, 0, 1;
    %assign/vec4 v0xc02cbe6c0_0, 0;
    %pushi/vec4 0, 0, 1;
    %assign/vec4 v0xc02cbe580_0, 0;
    %pushi/vec4 3, 0, 32;
T_5.41 %dup/vec4;
    %cmpi/s 0, 0, 32;
    %jmp/1xz T_5.42, 5;
    %jmp/1 T_5.42, 4;
    %subi 1, 0, 32;
    %wait E_0xc02ca5800;
    %jmp T_5.41;
T_5.42 ;
    %pop/vec4 1;
T_5.32 ; for-loop step statement
    %load/vec4 v0xc02c92440_0;
    %addi 1, 0, 32;
    %store/vec4 v0xc02c92440_0, 0, 32;
    %jmp T_5.30;
T_5.31 ; for-loop exit label
    %end;
S_0x10182ea80 .scope autofunction.vec4.s16, "stim_angle" "stim_angle" 3 85, 3 85 0, S_0x101825310;
 .timescale -9 -12;
v0xc02c924e0_0 .var/i "c", 31 0;
v0xc02c92580_0 .var/i "f", 31 0;
v0xc02c92620_0 .var/i "r", 31 0;
; Variable stim_angle is vec4 return value of scope S_0x10182ea80
TD_tb_sbm_alg3_quantize.stim_angle ;
    %load/vec4 v0xc02c92620_0;
    %cmpi/s 8, 0, 32;
    %flag_inv 5; GE is !LT
    %flag_get/vec4 5;
    %jmp/0 T_6.47, 5;
    %load/vec4 v0xc02c92620_0;
    %cmpi/s 24, 0, 32;
    %flag_get/vec4 5;
    %and;
T_6.47;
    %flag_set/vec4 10;
    %flag_get/vec4 10;
    %jmp/0 T_6.46, 10;
    %pushi/vec4 8, 0, 32;
    %load/vec4 v0xc02c924e0_0;
    %cmp/s;
    %flag_get/vec4 4;
    %flag_get/vec4 5;
    %or;
    %and;
T_6.46;
    %flag_set/vec4 9;
    %flag_get/vec4 9;
    %jmp/0 T_6.45, 9;
    %load/vec4 v0xc02c924e0_0;
    %cmpi/s 24, 0, 32;
    %flag_get/vec4 5;
    %and;
T_6.45;
    %flag_set/vec4 8;
    %jmp/0xz  T_6.43, 8;
    %pushi/vec4 12288, 0, 16;
    %ret/vec4 0, 0, 16;  Assign to stim_angle (store_vec4_to_lval)
    %jmp T_6.44;
T_6.43 ;
    %load/vec4 v0xc02c92620_0;
    %cmpi/s 8, 0, 32;
    %flag_inv 5; GE is !LT
    %flag_get/vec4 5;
    %jmp/0 T_6.52, 5;
    %load/vec4 v0xc02c92620_0;
    %cmpi/s 24, 0, 32;
    %flag_get/vec4 5;
    %and;
T_6.52;
    %flag_set/vec4 10;
    %flag_get/vec4 10;
    %jmp/0 T_6.51, 10;
    %pushi/vec4 40, 0, 32;
    %load/vec4 v0xc02c924e0_0;
    %cmp/s;
    %flag_get/vec4 4;
    %flag_get/vec4 5;
    %or;
    %and;
T_6.51;
    %flag_set/vec4 9;
    %flag_get/vec4 9;
    %jmp/0 T_6.50, 9;
    %load/vec4 v0xc02c924e0_0;
    %cmpi/s 56, 0, 32;
    %flag_get/vec4 5;
    %and;
T_6.50;
    %flag_set/vec4 8;
    %jmp/0xz  T_6.48, 8;
    %load/vec4 v0xc02c924e0_0;
    %parti/s 1, 0, 2;
    %flag_set/vec4 8;
    %jmp/0 T_6.53, 8;
    %pushi/vec4 53248, 0, 16;
    %jmp/1 T_6.54, 8;
T_6.53 ; End of true expr.
    %pushi/vec4 20480, 0, 16;
    %jmp/0 T_6.54, 8;
 ; End of false expr.
    %blend;
T_6.54;
    %ret/vec4 0, 0, 16;  Assign to stim_angle (store_vec4_to_lval)
    %jmp T_6.49;
T_6.48 ;
    %load/vec4 v0xc02c92620_0;
    %cmpi/s 40, 0, 32;
    %flag_inv 5; GE is !LT
    %flag_get/vec4 5;
    %jmp/0 T_6.59, 5;
    %load/vec4 v0xc02c92620_0;
    %cmpi/s 64, 0, 32;
    %flag_get/vec4 5;
    %and;
T_6.59;
    %flag_set/vec4 10;
    %flag_get/vec4 10;
    %jmp/0 T_6.58, 10;
    %pushi/vec4 8, 0, 32;
    %load/vec4 v0xc02c924e0_0;
    %cmp/s;
    %flag_get/vec4 4;
    %flag_get/vec4 5;
    %or;
    %and;
T_6.58;
    %flag_set/vec4 9;
    %flag_get/vec4 9;
    %jmp/0 T_6.57, 9;
    %load/vec4 v0xc02c924e0_0;
    %cmpi/s 64, 0, 32;
    %flag_get/vec4 5;
    %and;
T_6.57;
    %flag_set/vec4 8;
    %jmp/0xz  T_6.55, 8;
    %load/vec4 v0xc02c92620_0;
    %load/vec4 v0xc02c924e0_0;
    %add;
    %pushi/vec4 1, 0, 32;
    %and;
    %cmpi/ne 0, 0, 32;
    %flag_mov 8, 4;
    %jmp/0 T_6.60, 8;
    %pushi/vec4 24576, 0, 16;
    %jmp/1 T_6.61, 8;
T_6.60 ; End of true expr.
    %pushi/vec4 4096, 0, 16;
    %jmp/0 T_6.61, 8;
 ; End of false expr.
    %blend;
T_6.61;
    %ret/vec4 0, 0, 16;  Assign to stim_angle (store_vec4_to_lval)
    %jmp T_6.56;
T_6.55 ;
    %load/vec4 v0xc02c92620_0;
    %cmpi/s 70, 0, 32;
    %flag_inv 5; GE is !LT
    %flag_get/vec4 5;
    %jmp/0 T_6.66, 5;
    %load/vec4 v0xc02c92620_0;
    %cmpi/s 80, 0, 32;
    %flag_get/vec4 5;
    %and;
T_6.66;
    %flag_set/vec4 10;
    %flag_get/vec4 10;
    %jmp/0 T_6.65, 10;
    %pushi/vec4 8, 0, 32;
    %load/vec4 v0xc02c924e0_0;
    %cmp/s;
    %flag_get/vec4 4;
    %flag_get/vec4 5;
    %or;
    %and;
T_6.65;
    %flag_set/vec4 9;
    %flag_get/vec4 9;
    %jmp/0 T_6.64, 9;
    %load/vec4 v0xc02c924e0_0;
    %cmpi/s 32, 0, 32;
    %flag_get/vec4 5;
    %and;
T_6.64;
    %flag_set/vec4 8;
    %jmp/0xz  T_6.62, 8;
    %pushi/vec4 16384, 0, 16;
    %ret/vec4 0, 0, 16;  Assign to stim_angle (store_vec4_to_lval)
    %jmp T_6.63;
T_6.62 ;
    %load/vec4 v0xc02c92620_0;
    %cmpi/s 70, 0, 32;
    %flag_inv 5; GE is !LT
    %flag_get/vec4 5;
    %jmp/0 T_6.71, 5;
    %load/vec4 v0xc02c92620_0;
    %cmpi/s 80, 0, 32;
    %flag_get/vec4 5;
    %and;
T_6.71;
    %flag_set/vec4 10;
    %flag_get/vec4 10;
    %jmp/0 T_6.70, 10;
    %pushi/vec4 40, 0, 32;
    %load/vec4 v0xc02c924e0_0;
    %cmp/s;
    %flag_get/vec4 4;
    %flag_get/vec4 5;
    %or;
    %and;
T_6.70;
    %flag_set/vec4 9;
    %flag_get/vec4 9;
    %jmp/0 T_6.69, 9;
    %load/vec4 v0xc02c924e0_0;
    %cmpi/s 64, 0, 32;
    %flag_get/vec4 5;
    %and;
T_6.69;
    %flag_set/vec4 8;
    %jmp/0xz  T_6.67, 8;
    %pushi/vec4 61440, 0, 16;
    %ret/vec4 0, 0, 16;  Assign to stim_angle (store_vec4_to_lval)
    %jmp T_6.68;
T_6.67 ;
    %load/vec4 v0xc02c92620_0;
    %muli 3, 0, 32;
    %load/vec4 v0xc02c924e0_0;
    %muli 5, 0, 32;
    %add;
    %load/vec4 v0xc02c92580_0;
    %muli 7, 0, 32;
    %add;
    %pushi/vec4 8, 0, 32;
    %mod/s;
    %load/vec4 v0xc02c92620_0;
    %load/vec4 v0xc02c924e0_0;
    %xor;
    %load/vec4 v0xc02c92580_0;
    %xor;
    %pushi/vec4 1, 0, 32;
    %and;
    %ix/load 4, 3, 0;
    %flag_set/imm 4, 0;
    %shiftl 4;
    %add;
    %ix/load 4, 12, 0;
    %flag_set/imm 4, 0;
    %shiftl 4;
    %pad/s 16;
    %ret/vec4 0, 0, 16;  Assign to stim_angle (store_vec4_to_lval)
T_6.68 ;
T_6.63 ;
T_6.56 ;
T_6.49 ;
T_6.44 ;
    %end;
S_0x10182ec00 .scope autofunction.vec4.s22, "stim_mag2" "stim_mag2" 3 104, 3 104 0, S_0x101825310;
 .timescale -9 -12;
v0xc02c92760_0 .var/i "c", 31 0;
v0xc02c92800_0 .var/i "f", 31 0;
v0xc02c928a0_0 .var/i "r", 31 0;
; Variable stim_mag2 is vec4 return value of scope S_0x10182ec00
TD_tb_sbm_alg3_quantize.stim_mag2 ;
    %load/vec4 v0xc02c928a0_0;
    %cmpi/s 8, 0, 32;
    %flag_inv 5; GE is !LT
    %flag_get/vec4 5;
    %jmp/0 T_7.76, 5;
    %load/vec4 v0xc02c928a0_0;
    %cmpi/s 24, 0, 32;
    %flag_get/vec4 5;
    %and;
T_7.76;
    %flag_set/vec4 10;
    %flag_get/vec4 10;
    %jmp/0 T_7.75, 10;
    %pushi/vec4 8, 0, 32;
    %load/vec4 v0xc02c92760_0;
    %cmp/s;
    %flag_get/vec4 4;
    %flag_get/vec4 5;
    %or;
    %and;
T_7.75;
    %flag_set/vec4 9;
    %flag_get/vec4 9;
    %jmp/0 T_7.74, 9;
    %load/vec4 v0xc02c92760_0;
    %cmpi/s 24, 0, 32;
    %flag_get/vec4 5;
    %and;
T_7.74;
    %flag_set/vec4 8;
    %jmp/0xz  T_7.72, 8;
    %pushi/vec4 2000, 0, 22;
    %ret/vec4 0, 0, 22;  Assign to stim_mag2 (store_vec4_to_lval)
    %jmp T_7.73;
T_7.72 ;
    %load/vec4 v0xc02c928a0_0;
    %cmpi/s 8, 0, 32;
    %flag_inv 5; GE is !LT
    %flag_get/vec4 5;
    %jmp/0 T_7.81, 5;
    %load/vec4 v0xc02c928a0_0;
    %cmpi/s 24, 0, 32;
    %flag_get/vec4 5;
    %and;
T_7.81;
    %flag_set/vec4 10;
    %flag_get/vec4 10;
    %jmp/0 T_7.80, 10;
    %pushi/vec4 40, 0, 32;
    %load/vec4 v0xc02c92760_0;
    %cmp/s;
    %flag_get/vec4 4;
    %flag_get/vec4 5;
    %or;
    %and;
T_7.80;
    %flag_set/vec4 9;
    %flag_get/vec4 9;
    %jmp/0 T_7.79, 9;
    %load/vec4 v0xc02c92760_0;
    %cmpi/s 56, 0, 32;
    %flag_get/vec4 5;
    %and;
T_7.79;
    %flag_set/vec4 8;
    %jmp/0xz  T_7.77, 8;
    %pushi/vec4 800, 0, 22;
    %ret/vec4 0, 0, 22;  Assign to stim_mag2 (store_vec4_to_lval)
    %jmp T_7.78;
T_7.77 ;
    %load/vec4 v0xc02c928a0_0;
    %cmpi/s 40, 0, 32;
    %flag_inv 5; GE is !LT
    %flag_get/vec4 5;
    %jmp/0 T_7.86, 5;
    %load/vec4 v0xc02c928a0_0;
    %cmpi/s 64, 0, 32;
    %flag_get/vec4 5;
    %and;
T_7.86;
    %flag_set/vec4 10;
    %flag_get/vec4 10;
    %jmp/0 T_7.85, 10;
    %pushi/vec4 8, 0, 32;
    %load/vec4 v0xc02c92760_0;
    %cmp/s;
    %flag_get/vec4 4;
    %flag_get/vec4 5;
    %or;
    %and;
T_7.85;
    %flag_set/vec4 9;
    %flag_get/vec4 9;
    %jmp/0 T_7.84, 9;
    %load/vec4 v0xc02c92760_0;
    %cmpi/s 64, 0, 32;
    %flag_get/vec4 5;
    %and;
T_7.84;
    %flag_set/vec4 8;
    %jmp/0xz  T_7.82, 8;
    %pushi/vec4 1500, 0, 22;
    %ret/vec4 0, 0, 22;  Assign to stim_mag2 (store_vec4_to_lval)
    %jmp T_7.83;
T_7.82 ;
    %load/vec4 v0xc02c928a0_0;
    %cmpi/s 70, 0, 32;
    %flag_inv 5; GE is !LT
    %flag_get/vec4 5;
    %jmp/0 T_7.91, 5;
    %load/vec4 v0xc02c928a0_0;
    %cmpi/s 80, 0, 32;
    %flag_get/vec4 5;
    %and;
T_7.91;
    %flag_set/vec4 10;
    %flag_get/vec4 10;
    %jmp/0 T_7.90, 10;
    %pushi/vec4 8, 0, 32;
    %load/vec4 v0xc02c92760_0;
    %cmp/s;
    %flag_get/vec4 4;
    %flag_get/vec4 5;
    %or;
    %and;
T_7.90;
    %flag_set/vec4 9;
    %flag_get/vec4 9;
    %jmp/0 T_7.89, 9;
    %load/vec4 v0xc02c92760_0;
    %cmpi/s 32, 0, 32;
    %flag_get/vec4 5;
    %and;
T_7.89;
    %flag_set/vec4 8;
    %jmp/0xz  T_7.87, 8;
    %pushi/vec4 900, 0, 22;
    %load/vec4 v0xc02c92760_0;
    %parti/s 1, 0, 2;
    %pad/u 22;
    %add;
    %ret/vec4 0, 0, 22;  Assign to stim_mag2 (store_vec4_to_lval)
    %jmp T_7.88;
T_7.87 ;
    %load/vec4 v0xc02c928a0_0;
    %cmpi/s 70, 0, 32;
    %flag_inv 5; GE is !LT
    %flag_get/vec4 5;
    %jmp/0 T_7.96, 5;
    %load/vec4 v0xc02c928a0_0;
    %cmpi/s 80, 0, 32;
    %flag_get/vec4 5;
    %and;
T_7.96;
    %flag_set/vec4 10;
    %flag_get/vec4 10;
    %jmp/0 T_7.95, 10;
    %pushi/vec4 40, 0, 32;
    %load/vec4 v0xc02c92760_0;
    %cmp/s;
    %flag_get/vec4 4;
    %flag_get/vec4 5;
    %or;
    %and;
T_7.95;
    %flag_set/vec4 9;
    %flag_get/vec4 9;
    %jmp/0 T_7.94, 9;
    %load/vec4 v0xc02c92760_0;
    %cmpi/s 64, 0, 32;
    %flag_get/vec4 5;
    %and;
T_7.94;
    %flag_set/vec4 8;
    %jmp/0xz  T_7.92, 8;
    %pushi/vec4 901, 0, 22;
    %ret/vec4 0, 0, 22;  Assign to stim_mag2 (store_vec4_to_lval)
    %jmp T_7.93;
T_7.92 ;
    %load/vec4 v0xc02c928a0_0;
    %muli 13, 0, 32;
    %load/vec4 v0xc02c92760_0;
    %muli 17, 0, 32;
    %add;
    %load/vec4 v0xc02c92800_0;
    %muli 29, 0, 32;
    %add;
    %pushi/vec4 3, 0, 32;
    %mod/s;
    %muli 700, 0, 32;
    %pad/s 22;
    %ret/vec4 0, 0, 22;  Assign to stim_mag2 (store_vec4_to_lval)
T_7.93 ;
T_7.88 ;
T_7.83 ;
T_7.78 ;
T_7.73 ;
    %end;
S_0x10182db80 .scope module, "u_dut" "sbm_alg3_quantize" 3 68, 4 40 0, S_0x101825310;
 .timescale -9 -12;
    .port_info 0 /INPUT 1 "clk";
    .port_info 1 /INPUT 1 "rst_n";
    .port_info 2 /INPUT 1 "s_axis_tvalid";
    .port_info 3 /OUTPUT 1 "s_axis_tready";
    .port_info 4 /INPUT 22 "s_axis_mag2";
    .port_info 5 /INPUT 16 "s_axis_angle";
    .port_info 6 /INPUT 1 "s_axis_tuser";
    .port_info 7 /INPUT 1 "s_axis_tlast";
    .port_info 8 /OUTPUT 1 "m_axis_tvalid";
    .port_info 9 /INPUT 1 "m_axis_tready";
    .port_info 10 /OUTPUT 8 "m_axis_tdata";
    .port_info 11 /OUTPUT 1 "m_axis_tuser";
    .port_info 12 /OUTPUT 1 "m_axis_tlast";
P_0xc02c55ec0 .param/l "IMG_H" 0 4 42, +C4<0000000000000000000000000000000000000000000000000000000000000000000000000000000000000000000000000000000000000000000000000010000000>;
P_0xc02c55f00 .param/l "IMG_W" 0 4 41, +C4<0000000000000000000000000000000000000000000000000000000000000000000000000000000000000000000000000000000000000000000000000010000000>;
P_0xc02c55f40 .param/l "STRONG_DLY" 0 4 43, +C4<00000000000000000000000000000011>;
L_0xc0302b8e0 .functor AND 1, v0xc02cbe760_0, L_0xc02cbe8a0, C4<1>, C4<1>;
L_0xc0302b950 .functor OR 1, v0xc02cbc0a0_0, v0xc02cbe6c0_0, C4<0>, C4<0>;
L_0xc0302b330 .functor AND 1, L_0xc0302b8e0, L_0xc0302b950, C4<1>, C4<1>;
L_0xc0302b3a0 .functor OR 1, L_0xc0302b330, L_0xc02cbe940, C4<0>, C4<0>;
L_0xc0302b410 .functor OR 1, L_0xc0302b3a0, v0xc02cb77a0_0, C4<0>, C4<0>;
L_0xc0302b480 .functor OR 1, L_0xc02cbec60, L_0xc02cbeda0, C4<0>, C4<0>;
L_0xc0302b4f0 .functor OR 1, L_0xc0302b480, L_0xc02cbee40, C4<0>, C4<0>;
L_0xc0302b560 .functor OR 1, L_0xc0302b4f0, L_0xc02cbeee0, C4<0>, C4<0>;
L_0xc0302b640 .functor AND 1, v0xc02cbd180_0, L_0xc02cbf020, C4<1>, C4<1>;
L_0xc02878400 .functor BUFT 1, C4<0>, C4<0>, C4<0>, C4<0>;
L_0xc0302b6b0 .functor XNOR 1, L_0xc02cbf0c0, L_0xc02878400, C4<0>, C4<0>;
L_0xc0302b720 .functor AND 1, L_0xc0302b640, L_0xc0302b6b0, C4<1>, C4<1>;
L_0xc0302b250 .functor AND 1, v0xc02cbd180_0, L_0xc02cbf160, C4<1>, C4<1>;
L_0xc02878448 .functor BUFT 1, C4<1>, C4<0>, C4<0>, C4<0>;
L_0xc0302b2c0 .functor XNOR 1, L_0xc02cbf200, L_0xc02878448, C4<0>, C4<0>;
L_0xc0302b170 .functor AND 1, L_0xc0302b250, L_0xc0302b2c0, C4<1>, C4<1>;
L_0xc028786d0 .functor BUFT 1, C4<0>, C4<0>, C4<0>, C4<0>;
L_0xc0302b1e0 .functor XNOR 1, L_0xc02cbf2a0, L_0xc028786d0, C4<0>, C4<0>;
L_0xc02878718 .functor BUFT 1, C4<0>, C4<0>, C4<0>, C4<0>;
L_0xc0302afb0 .functor XNOR 1, L_0xc02cbf480, L_0xc02878718, C4<0>, C4<0>;
L_0xc02878760 .functor BUFT 1, C4<0>, C4<0>, C4<0>, C4<0>;
L_0xc0302b020 .functor XNOR 1, L_0xc02cbf660, L_0xc02878760, C4<0>, C4<0>;
L_0xc0302b9c0 .functor OR 1, L_0xc02cbf840, L_0xc02cbf8e0, C4<0>, C4<0>;
L_0xc0302ba30 .functor OR 1, L_0xc0302b9c0, L_0xc02cbf980, C4<0>, C4<0>;
L_0xc0302baa0 .functor OR 1, L_0xc0302ba30, L_0xc02cbfa20, C4<0>, C4<0>;
L_0xc0302bb10 .functor AND 1, v0xc02cbd0e0_0, L_0xc02cbfac0, C4<1>, C4<1>;
L_0xc0302bb80 .functor AND 1, L_0xc0302bb10, L_0xc02cbfb60, C4<1>, C4<1>;
L_0xc02c80f50 .functor BUFZ 1, L_0xc0302bb80, C4<0>, C4<0>, C4<0>;
L_0xc02c80fc0 .functor BUFZ 8, v0xc02cb7e80_0, C4<00000000>, C4<00000000>, C4<00000000>;
L_0xc0302bbf0 .functor AND 1, L_0xc0302bb80, L_0xc02cbfc00, C4<1>, C4<1>;
L_0xc0302bc60 .functor AND 1, L_0xc0302bbf0, L_0xc02cbfca0, C4<1>, C4<1>;
L_0xc0302bcd0 .functor AND 1, L_0xc0302bb80, L_0xc02cbfd40, C4<1>, C4<1>;
L_0xc02878010 .functor BUFT 1, C4<00>, C4<0>, C4<0>, C4<0>;
v0xc02c93a20_0 .net/2u *"_ivl_0", 1 0, L_0xc02878010;  1 drivers
L_0xc02878058 .functor BUFT 1, C4<00>, C4<0>, C4<0>, C4<0>;
v0xc02c93ac0_0 .net/2u *"_ivl_10", 1 0, L_0xc02878058;  1 drivers
v0xc02c93b60_0 .net *"_ivl_100", 0 0, L_0xc0302b2c0;  1 drivers
L_0xc028784d8 .functor BUFT 1, C4<0000000000000000000>, C4<0>, C4<0>, C4<0>;
v0xc02c93c00_0 .net *"_ivl_109", 18 0, L_0xc028784d8;  1 drivers
L_0xc02878568 .functor BUFT 1, C4<0000000000000000000>, C4<0>, C4<0>, C4<0>;
v0xc02c93ca0_0 .net *"_ivl_118", 18 0, L_0xc02878568;  1 drivers
v0xc02c93d40_0 .net *"_ivl_12", 0 0, L_0xc02cbe940;  1 drivers
L_0xc028785f8 .functor BUFT 1, C4<0000000000000000000>, C4<0>, C4<0>, C4<0>;
v0xc02c93de0_0 .net *"_ivl_125", 18 0, L_0xc028785f8;  1 drivers
L_0xc02878688 .functor BUFT 1, C4<0000000000000000000>, C4<0>, C4<0>, C4<0>;
v0xc02c93e80_0 .net *"_ivl_134", 18 0, L_0xc02878688;  1 drivers
v0xc02c93f20_0 .net *"_ivl_137", 0 0, L_0xc02cbf2a0;  1 drivers
v0xc02cb4000_0 .net/2u *"_ivl_138", 0 0, L_0xc028786d0;  1 drivers
v0xc02cb40a0_0 .net *"_ivl_140", 0 0, L_0xc0302b1e0;  1 drivers
v0xc02cb4140_0 .net *"_ivl_143", 2 0, L_0xc02cbf340;  1 drivers
v0xc02cb41e0_0 .net *"_ivl_145", 2 0, L_0xc02cbf3e0;  1 drivers
v0xc02cb4280_0 .net *"_ivl_149", 0 0, L_0xc02cbf480;  1 drivers
v0xc02cb4320_0 .net *"_ivl_15", 0 0, L_0xc0302b3a0;  1 drivers
v0xc02cb43c0_0 .net/2u *"_ivl_150", 0 0, L_0xc02878718;  1 drivers
v0xc02cb4460_0 .net *"_ivl_152", 0 0, L_0xc0302afb0;  1 drivers
v0xc02cb4500_0 .net *"_ivl_155", 2 0, L_0xc02cbf520;  1 drivers
v0xc02cb45a0_0 .net *"_ivl_157", 2 0, L_0xc02cbf5c0;  1 drivers
v0xc02cb4640_0 .net *"_ivl_161", 0 0, L_0xc02cbf660;  1 drivers
v0xc02cb46e0_0 .net/2u *"_ivl_162", 0 0, L_0xc02878760;  1 drivers
v0xc02cb4780_0 .net *"_ivl_164", 0 0, L_0xc0302b020;  1 drivers
v0xc02cb4820_0 .net *"_ivl_167", 0 0, L_0xc02cbf700;  1 drivers
v0xc02cb48c0_0 .net *"_ivl_169", 0 0, L_0xc02cbf7a0;  1 drivers
L_0xc028787a8 .functor BUFT 1, C4<0000000000001>, C4<0>, C4<0>, C4<0>;
v0xc02cb4960_0 .net/2u *"_ivl_172", 12 0, L_0xc028787a8;  1 drivers
v0xc02cb4a00_0 .net *"_ivl_174", 0 0, L_0xc02cbf840;  1 drivers
v0xc02cb4aa0_0 .net *"_ivl_176", 129 0, L_0xc02c428a0;  1 drivers
L_0xc028787f0 .functor BUFT 1, C4<000000000000000000000000000000000000000000000000000000000000000000000000000000000000000000000000000000000000000000000>, C4<0>, C4<0>, C4<0>;
v0xc02cb4b40_0 .net *"_ivl_179", 116 0, L_0xc028787f0;  1 drivers
L_0xc028780a0 .functor BUFT 1, C4<0000100000000000>, C4<0>, C4<0>, C4<0>;
v0xc02cb4be0_0 .net/2u *"_ivl_18", 15 0, L_0xc028780a0;  1 drivers
L_0xc02878838 .functor BUFT 1, C4<0000000000000000000000000000000000000000000000000000000000000000000000000000000000000000000000000000000000000000000000000010000000>, C4<0>, C4<0>, C4<0>;
v0xc02cb4c80_0 .net/2u *"_ivl_180", 129 0, L_0xc02878838;  1 drivers
v0xc02cb4d20_0 .net *"_ivl_182", 0 0, L_0xc02cbf8e0;  1 drivers
v0xc02cb4dc0_0 .net *"_ivl_185", 0 0, L_0xc0302b9c0;  1 drivers
L_0xc02878880 .functor BUFT 1, C4<0000000000001>, C4<0>, C4<0>, C4<0>;
v0xc02cb4e60_0 .net/2u *"_ivl_186", 12 0, L_0xc02878880;  1 drivers
v0xc02cb4f00_0 .net *"_ivl_188", 0 0, L_0xc02cbf980;  1 drivers
v0xc02cb4fa0_0 .net *"_ivl_191", 0 0, L_0xc0302ba30;  1 drivers
v0xc02cb5040_0 .net *"_ivl_192", 129 0, L_0xc02c42940;  1 drivers
L_0xc028788c8 .functor BUFT 1, C4<000000000000000000000000000000000000000000000000000000000000000000000000000000000000000000000000000000000000000000000>, C4<0>, C4<0>, C4<0>;
v0xc02cb50e0_0 .net *"_ivl_195", 116 0, L_0xc028788c8;  1 drivers
L_0xc02878910 .functor BUFT 1, C4<0000000000000000000000000000000000000000000000000000000000000000000000000000000000000000000000000000000000000000000000000010000000>, C4<0>, C4<0>, C4<0>;
v0xc02cb5180_0 .net/2u *"_ivl_196", 129 0, L_0xc02878910;  1 drivers
v0xc02cb5220_0 .net *"_ivl_198", 0 0, L_0xc02cbfa20;  1 drivers
v0xc02cb52c0_0 .net *"_ivl_20", 15 0, L_0xc03070e60;  1 drivers
L_0xc02878958 .functor BUFT 1, C4<0000000000001>, C4<0>, C4<0>, C4<0>;
v0xc02cb5360_0 .net/2u *"_ivl_202", 12 0, L_0xc02878958;  1 drivers
v0xc02cb5400_0 .net *"_ivl_204", 0 0, L_0xc02cbfac0;  1 drivers
v0xc02cb54a0_0 .net *"_ivl_207", 0 0, L_0xc0302bb10;  1 drivers
L_0xc028789a0 .functor BUFT 1, C4<0000000000001>, C4<0>, C4<0>, C4<0>;
v0xc02cb5540_0 .net/2u *"_ivl_208", 12 0, L_0xc028789a0;  1 drivers
v0xc02cb55e0_0 .net *"_ivl_210", 0 0, L_0xc02cbfb60;  1 drivers
L_0xc028789e8 .functor BUFT 1, C4<0000000000000>, C4<0>, C4<0>, C4<0>;
v0xc02cb5680_0 .net/2u *"_ivl_218", 12 0, L_0xc028789e8;  1 drivers
v0xc02cb5720_0 .net *"_ivl_22", 15 0, L_0xc02c42260;  1 drivers
v0xc02cb57c0_0 .net *"_ivl_220", 0 0, L_0xc02cbfc00;  1 drivers
v0xc02cb5860_0 .net *"_ivl_223", 0 0, L_0xc0302bbf0;  1 drivers
L_0xc02878a30 .functor BUFT 1, C4<0000000000000>, C4<0>, C4<0>, C4<0>;
v0xc02cb5900_0 .net/2u *"_ivl_224", 12 0, L_0xc02878a30;  1 drivers
v0xc02cb59a0_0 .net *"_ivl_226", 0 0, L_0xc02cbfca0;  1 drivers
v0xc02cb5a40_0 .net *"_ivl_230", 129 0, L_0xc02c42800;  1 drivers
L_0xc02878a78 .functor BUFT 1, C4<000000000000000000000000000000000000000000000000000000000000000000000000000000000000000000000000000000000000000000000>, C4<0>, C4<0>, C4<0>;
v0xc02cb5ae0_0 .net *"_ivl_233", 116 0, L_0xc02878a78;  1 drivers
L_0xc02878ac0 .functor BUFT 1, C4<0000000000000000000000000000000000000000000000000000000000000000000000000000000000000000000000000000000000000000000000000001111111>, C4<0>, C4<0>, C4<0>;
v0xc02cb5b80_0 .net/2u *"_ivl_234", 129 0, L_0xc02878ac0;  1 drivers
v0xc02cb5c20_0 .net *"_ivl_236", 0 0, L_0xc02cbfd40;  1 drivers
v0xc02cb5cc0_0 .net *"_ivl_24", 3 0, L_0xc02cbe9e0;  1 drivers
L_0xc028780e8 .functor BUFT 1, C4<000000000000>, C4<0>, C4<0>, C4<0>;
v0xc02cb5d60_0 .net *"_ivl_26", 11 0, L_0xc028780e8;  1 drivers
L_0xc02878130 .functor BUFT 1, C4<0000000000001110000100>, C4<0>, C4<0>, C4<0>;
v0xc02cb5e00_0 .net/2u *"_ivl_32", 21 0, L_0xc02878130;  1 drivers
L_0xc02878178 .functor BUFT 1, C4<0000000000000>, C4<0>, C4<0>, C4<0>;
v0xc02cb5ea0_0 .net/2u *"_ivl_36", 12 0, L_0xc02878178;  1 drivers
v0xc02cb5f40_0 .net *"_ivl_38", 0 0, L_0xc02cbec60;  1 drivers
v0xc02cb5fe0_0 .net *"_ivl_40", 129 0, L_0xc02c42300;  1 drivers
L_0xc028781c0 .functor BUFT 1, C4<000000000000000000000000000000000000000000000000000000000000000000000000000000000000000000000000000000000000000000000>, C4<0>, C4<0>, C4<0>;
v0xc02cb6080_0 .net *"_ivl_43", 116 0, L_0xc028781c0;  1 drivers
L_0xc02878208 .functor BUFT 1, C4<0000000000000000000000000000000000000000000000000000000000000000000000000000000000000000000000000000000000000000000000000001111111>, C4<0>, C4<0>, C4<0>;
v0xc02cb6120_0 .net/2u *"_ivl_44", 129 0, L_0xc02878208;  1 drivers
v0xc02cb61c0_0 .net *"_ivl_46", 0 0, L_0xc02cbeda0;  1 drivers
v0xc02cb6260_0 .net *"_ivl_49", 0 0, L_0xc0302b480;  1 drivers
v0xc02cb6300_0 .net *"_ivl_5", 0 0, L_0xc0302b8e0;  1 drivers
L_0xc02878250 .functor BUFT 1, C4<0000000000000>, C4<0>, C4<0>, C4<0>;
v0xc02cb63a0_0 .net/2u *"_ivl_50", 12 0, L_0xc02878250;  1 drivers
v0xc02cb6440_0 .net *"_ivl_52", 0 0, L_0xc02cbee40;  1 drivers
v0xc02cb64e0_0 .net *"_ivl_55", 0 0, L_0xc0302b4f0;  1 drivers
v0xc02cb6580_0 .net *"_ivl_56", 129 0, L_0xc02c423a0;  1 drivers
L_0xc02878298 .functor BUFT 1, C4<000000000000000000000000000000000000000000000000000000000000000000000000000000000000000000000000000000000000000000000>, C4<0>, C4<0>, C4<0>;
v0xc02cb6620_0 .net *"_ivl_59", 116 0, L_0xc02878298;  1 drivers
L_0xc028782e0 .functor BUFT 1, C4<0000000000000000000000000000000000000000000000000000000000000000000000000000000000000000000000000000000000000000000000000001111111>, C4<0>, C4<0>, C4<0>;
v0xc02cb66c0_0 .net/2u *"_ivl_60", 129 0, L_0xc028782e0;  1 drivers
v0xc02cb6760_0 .net *"_ivl_62", 0 0, L_0xc02cbeee0;  1 drivers
L_0xc02878328 .functor BUFT 1, C4<00>, C4<0>, C4<0>, C4<0>;
v0xc02cb6800_0 .net/2u *"_ivl_66", 1 0, L_0xc02878328;  1 drivers
v0xc02cb68a0_0 .net *"_ivl_68", 0 0, L_0xc02cbef80;  1 drivers
v0xc02cb6940_0 .net *"_ivl_7", 0 0, L_0xc0302b950;  1 drivers
L_0xc02878370 .functor BUFT 1, C4<000>, C4<0>, C4<0>, C4<0>;
v0xc02cb69e0_0 .net/2u *"_ivl_70", 2 0, L_0xc02878370;  1 drivers
L_0xc028783b8 .functor BUFT 1, C4<000>, C4<0>, C4<0>, C4<0>;
v0xc02cb6a80_0 .net/2u *"_ivl_72", 2 0, L_0xc028783b8;  1 drivers
v0xc02cb6b20_0 .net *"_ivl_74", 2 0, L_0xc03081860;  1 drivers
v0xc02cb6bc0_0 .net *"_ivl_76", 2 0, L_0xc03081900;  1 drivers
v0xc02cb6c60_0 .net *"_ivl_81", 0 0, L_0xc02cbf020;  1 drivers
v0xc02cb6d00_0 .net *"_ivl_83", 0 0, L_0xc0302b640;  1 drivers
v0xc02cb6da0_0 .net *"_ivl_85", 0 0, L_0xc02cbf0c0;  1 drivers
v0xc02cb6e40_0 .net/2u *"_ivl_86", 0 0, L_0xc02878400;  1 drivers
v0xc02cb6ee0_0 .net *"_ivl_88", 0 0, L_0xc0302b6b0;  1 drivers
v0xc02cb6f80_0 .net *"_ivl_9", 0 0, L_0xc0302b330;  1 drivers
v0xc02cb7020_0 .net *"_ivl_93", 0 0, L_0xc02cbf160;  1 drivers
v0xc02cb70c0_0 .net *"_ivl_95", 0 0, L_0xc0302b250;  1 drivers
v0xc02cb7160_0 .net *"_ivl_97", 0 0, L_0xc02cbf200;  1 drivers
v0xc02cb7200_0 .net/2u *"_ivl_98", 0 0, L_0xc02878448;  1 drivers
v0xc02cb72a0_0 .var "best_dir", 2 0;
v0xc02cb7340_0 .var "best_dir_r", 2 0;
v0xc02cb73e0_0 .var "best_votes", 3 0;
v0xc02cb7480_0 .var "best_votes_r", 3 0;
v0xc02cb7520_0 .var/i "c", 31 0;
v0xc02cb75c0_0 .net "clk", 0 0, v0xc02cbdd60_0;  1 drivers
v0xc02cb7660_0 .var/i "d", 31 0;
v0xc02cb7700_0 .var "flush_c", 1 0;
v0xc02cb77a0_0 .var "flush_row", 0 0;
v0xc02cb7840_0 .var "label_s1", 2 0;
v0xc02cb78e0_0 .var "last_label", 2 0;
v0xc02c930c0_0 .array/port v0xc02c930c0, 0;
v0xc02cb7980_0 .net "lb1_out", 3 0, v0xc02c930c0_0;  1 drivers
v0xc02c938e0_0 .array/port v0xc02c938e0, 0;
v0xc02cb7a20_0 .net "lb2_out", 3 0, v0xc02c938e0_0;  1 drivers
v0xc02cb7ac0_0 .net "m_axis_tdata", 7 0, L_0xc02c80fc0;  alias, 1 drivers
v0xc02cb7b60_0 .net "m_axis_tlast", 0 0, L_0xc0302bcd0;  alias, 1 drivers
L_0xc02878b08 .functor BUFT 1, C4<1>, C4<0>, C4<0>, C4<0>;
v0xc02cb7c00_0 .net "m_axis_tready", 0 0, L_0xc02878b08;  1 drivers
v0xc02cb7ca0_0 .net "m_axis_tuser", 0 0, L_0xc0302bc60;  alias, 1 drivers
v0xc02cb7d40_0 .net "m_axis_tvalid", 0 0, L_0xc02c80f50;  alias, 1 drivers
v0xc02cb7de0_0 .var "out_pix", 12 0;
v0xc02cb7e80_0 .var "out_r", 7 0;
v0xc02cb7f20_0 .var "out_row", 12 0;
v0xc02cbc000_0 .var/i "r", 31 0;
v0xc02cbc0a0_0 .var "row_active", 0 0;
v0xc02cbc140_0 .var "row_start_d", 0 0;
v0xc02cbc1e0_0 .net "rst_n", 0 0, v0xc02cbe3a0_0;  1 drivers
v0xc02cbc280_0 .net "s_axis_angle", 15 0, v0xc02cbe440_0;  1 drivers
v0xc02cbc320_0 .net "s_axis_mag2", 21 0, v0xc02cbe4e0_0;  1 drivers
v0xc02cbc3c0_0 .net "s_axis_tlast", 0 0, v0xc02cbe580_0;  1 drivers
v0xc02cbc460_0 .net "s_axis_tready", 0 0, L_0xc02cbe8a0;  alias, 1 drivers
v0xc02cbc500_0 .net "s_axis_tuser", 0 0, v0xc02cbe6c0_0;  1 drivers
v0xc02cbc5a0_0 .net "s_axis_tvalid", 0 0, v0xc02cbe760_0;  1 drivers
v0xc02cbc640_0 .var "s_col", 12 0;
v0xc02cbc6e0_0 .var "s_col_d", 12 0;
v0xc02cbc780_0 .var "s_col_w", 12 0;
v0xc02cbc820_0 .var "s_col_w2", 12 0;
v0xc02cbc8c0_0 .var "s_col_w3", 12 0;
v0xc02cbc960_0 .var "s_col_w4", 12 0;
v0xc02cbca00_0 .var "s_row", 12 0;
v0xc02cbcaa0_0 .var "s_row_d", 12 0;
v0xc02cbcb40_0 .var "s_row_w", 12 0;
v0xc02cbcbe0_0 .var "s_row_w2", 12 0;
v0xc02cbcc80_0 .var "s_row_w3", 12 0;
v0xc02cbcd20_0 .var "s_row_w4", 12 0;
v0xc02cbcdc0_0 .var "sc_d", 3 0;
v0xc02cbce60_0 .var "strong_s1", 0 0;
v0xc02cbcf00_0 .var "strong_s3", 0 0;
v0xc02cbcfa0_0 .var "strong_s4", 0 0;
v0xc02cbd040_0 .var "strong_s5", 0 0;
v0xc02cbd0e0_0 .var "vld_out", 0 0;
v0xc02cbd180_0 .var "vld_s1", 0 0;
v0xc02cbd220_0 .var "vld_s3", 0 0;
v0xc02cbd2c0_0 .var "vld_s4", 0 0;
v0xc02cbd360_0 .var "vld_s5", 0 0;
v0xc02cbd400 .array "votes", 7 0, 3 0;
v0xc02cbd4a0_0 .net "w_border", 0 0, L_0xc0302b560;  1 drivers
v0xc02cbd540_0 .net "w_border_out", 0 0, L_0xc0302baa0;  1 drivers
v0xc02cbd5e0_0 .net "w_emit", 0 0, L_0xc0302bb80;  1 drivers
v0xc02cbd680_0 .net "w_in_valid", 0 0, L_0xc0302b410;  1 drivers
v0xc02cbd720_0 .net "w_label", 2 0, L_0xc02cbeb20;  1 drivers
v0xc02cbd7c0_0 .net "w_label_in", 2 0, L_0xc03081a40;  1 drivers
v0xc02cbd860_0 .net "w_q16", 3 0, L_0xc02cbea80;  1 drivers
v0xc02cbd900_0 .net "w_row_p1", 2 0, L_0xc030819a0;  1 drivers
v0xc02cbd9a0_0 .net "w_row_p2", 2 0, L_0xc03081e00;  1 drivers
v0xc02cbda40_0 .net "w_strong", 0 0, L_0xc02cbebc0;  1 drivers
v0xc02cbdae0_0 .net "w_strong_ctr", 0 0, L_0xc03081ea0;  1 drivers
v0xc02cbdb80_0 .net "w_we0", 0 0, L_0xc0302b720;  1 drivers
v0xc02cbdc20_0 .net "w_we1", 0 0, L_0xc0302b170;  1 drivers
v0xc02cbdcc0 .array "win", 8 0, 2 0;
E_0xc02ca5900/0 .event negedge, v0xc02cbc1e0_0;
E_0xc02ca5900/1 .event posedge, v0xc02c92b20_0;
E_0xc02ca5900 .event/or E_0xc02ca5900/0, E_0xc02ca5900/1;
v0xc02cbd400_0 .array/port v0xc02cbd400, 0;
v0xc02cbd400_1 .array/port v0xc02cbd400, 1;
v0xc02cbd400_2 .array/port v0xc02cbd400, 2;
v0xc02cbd400_3 .array/port v0xc02cbd400, 3;
E_0xc02ca5940/0 .event anyedge, v0xc02cbd400_0, v0xc02cbd400_1, v0xc02cbd400_2, v0xc02cbd400_3;
v0xc02cbd400_4 .array/port v0xc02cbd400, 4;
v0xc02cbd400_5 .array/port v0xc02cbd400, 5;
v0xc02cbd400_6 .array/port v0xc02cbd400, 6;
v0xc02cbd400_7 .array/port v0xc02cbd400, 7;
E_0xc02ca5940/1 .event anyedge, v0xc02cbd400_4, v0xc02cbd400_5, v0xc02cbd400_6, v0xc02cbd400_7;
E_0xc02ca5940/2 .event anyedge, v0xc02cb73e0_0;
E_0xc02ca5940 .event/or E_0xc02ca5940/0, E_0xc02ca5940/1, E_0xc02ca5940/2;
L_0xc02cbe8a0 .cmp/eq 2, v0xc02cb7700_0, L_0xc02878010;
L_0xc02cbe940 .cmp/ne 2, v0xc02cb7700_0, L_0xc02878058;
L_0xc03070e60 .arith/sum 16, v0xc02cbe440_0, L_0xc028780a0;
L_0xc02cbe9e0 .part L_0xc03070e60, 12, 4;
L_0xc02c42260 .concat [ 4 12 0 0], L_0xc02cbe9e0, L_0xc028780e8;
L_0xc02cbea80 .part L_0xc02c42260, 0, 4;
L_0xc02cbeb20 .part L_0xc02cbea80, 0, 3;
L_0xc02cbebc0 .cmp/gt 22, v0xc02cbe4e0_0, L_0xc02878130;
L_0xc02cbec60 .cmp/eq 13, v0xc02cbc640_0, L_0xc02878178;
L_0xc02c42300 .concat [ 13 117 0 0], v0xc02cbc640_0, L_0xc028781c0;
L_0xc02cbeda0 .cmp/eq 130, L_0xc02c42300, L_0xc02878208;
L_0xc02cbee40 .cmp/eq 13, v0xc02cbca00_0, L_0xc02878250;
L_0xc02c423a0 .concat [ 13 117 0 0], v0xc02cbca00_0, L_0xc02878298;
L_0xc02cbeee0 .cmp/eq 130, L_0xc02c423a0, L_0xc028782e0;
L_0xc02cbef80 .cmp/ne 2, v0xc02cb7700_0, L_0xc02878328;
L_0xc03081860 .functor MUXZ 3, L_0xc028783b8, L_0xc02cbeb20, v0xc02cbe760_0, C4<>;
L_0xc03081900 .functor MUXZ 3, L_0xc03081860, L_0xc02878370, v0xc02cb77a0_0, C4<>;
L_0xc03081a40 .functor MUXZ 3, L_0xc03081900, v0xc02cb78e0_0, L_0xc02cbef80, C4<>;
L_0xc02cbf020 .reduce/nor v0xc02cb77a0_0;
L_0xc02cbf0c0 .part v0xc02cbca00_0, 0, 1;
L_0xc02cbf160 .reduce/nor v0xc02cb77a0_0;
L_0xc02cbf200 .part v0xc02cbca00_0, 0, 1;
L_0xc02c42440 .concat [ 13 19 0 0], v0xc02cbc6e0_0, L_0xc028784d8;
L_0xc02c424e0 .concat [ 3 1 0 0], v0xc02cb7840_0, v0xc02cbce60_0;
L_0xc02c42580 .concat [ 13 19 0 0], v0xc02cbc640_0, L_0xc02878568;
L_0xc02c42620 .concat [ 13 19 0 0], v0xc02cbc6e0_0, L_0xc028785f8;
L_0xc02c426c0 .concat [ 3 1 0 0], v0xc02cb7840_0, v0xc02cbce60_0;
L_0xc02c42760 .concat [ 13 19 0 0], v0xc02cbc640_0, L_0xc02878688;
L_0xc02cbf2a0 .part v0xc02cbca00_0, 0, 1;
L_0xc02cbf340 .part v0xc02c938e0_0, 0, 3;
L_0xc02cbf3e0 .part v0xc02c930c0_0, 0, 3;
L_0xc030819a0 .functor MUXZ 3, L_0xc02cbf3e0, L_0xc02cbf340, L_0xc0302b1e0, C4<>;
L_0xc02cbf480 .part v0xc02cbca00_0, 0, 1;
L_0xc02cbf520 .part v0xc02c930c0_0, 0, 3;
L_0xc02cbf5c0 .part v0xc02c938e0_0, 0, 3;
L_0xc03081e00 .functor MUXZ 3, L_0xc02cbf5c0, L_0xc02cbf520, L_0xc0302afb0, C4<>;
L_0xc02cbf660 .part v0xc02cbca00_0, 0, 1;
L_0xc02cbf700 .part v0xc02c938e0_0, 3, 1;
L_0xc02cbf7a0 .part v0xc02c930c0_0, 3, 1;
L_0xc03081ea0 .functor MUXZ 1, L_0xc02cbf7a0, L_0xc02cbf700, L_0xc0302b020, C4<>;
L_0xc02cbf840 .cmp/eq 13, v0xc02cbcc80_0, L_0xc028787a8;
L_0xc02c428a0 .concat [ 13 117 0 0], v0xc02cbcc80_0, L_0xc028787f0;
L_0xc02cbf8e0 .cmp/eq 130, L_0xc02c428a0, L_0xc02878838;
L_0xc02cbf980 .cmp/eq 13, v0xc02cbc8c0_0, L_0xc02878880;
L_0xc02c42940 .concat [ 13 117 0 0], v0xc02cbc8c0_0, L_0xc028788c8;
L_0xc02cbfa20 .cmp/eq 130, L_0xc02c42940, L_0xc02878910;
L_0xc02cbfac0 .cmp/ge 13, v0xc02cbcd20_0, L_0xc02878958;
L_0xc02cbfb60 .cmp/ge 13, v0xc02cbc960_0, L_0xc028789a0;
L_0xc02cbfc00 .cmp/eq 13, v0xc02cb7f20_0, L_0xc028789e8;
L_0xc02cbfca0 .cmp/eq 13, v0xc02cb7de0_0, L_0xc02878a30;
L_0xc02c42800 .concat [ 13 117 0 0], v0xc02cb7de0_0, L_0xc02878a78;
L_0xc02cbfd40 .cmp/eq 130, L_0xc02c42800, L_0xc02878ac0;
S_0x10182dec0 .scope module, "u_buf0" "xpm_memory_sdpram" 4 146, 5 16 0, S_0x10182db80;
 .timescale -9 -12;
    .port_info 0 /INPUT 1 "clka";
    .port_info 1 /INPUT 1 "ena";
    .port_info 2 /INPUT 1 "wea";
    .port_info 3 /INPUT 32 "addra";
    .port_info 4 /INPUT 4 "dina";
    .port_info 5 /INPUT 1 "clkb";
    .port_info 6 /INPUT 1 "enb";
    .port_info 7 /INPUT 32 "addrb";
    .port_info 8 /OUTPUT 4 "doutb";
P_0x10182cf80 .param/l "DEPTH" 1 5 35, +C4<000000000000000000000000000000000000000000000000000000000000000000000000000000000000000000000000000000000000000000000000000000000000000000000000000000000010000000>;
P_0x10182cfc0 .param/str "MEMORY_PRIMITIVE" 0 5 18, "auto";
P_0x10182d000 .param/l "MEMORY_SIZE" 0 5 17, +C4<000000000000000000000000000000000000000000000000000000000000000000000000000000000000000000000000000000000000000000000000000000000000000000000000000000001000000000>;
P_0x10182d040 .param/l "READ_DATA_WIDTH_B" 0 5 20, +C4<00000000000000000000000000000100>;
P_0x10182d080 .param/l "READ_LATENCY_B" 0 5 21, +C4<00000000000000000000000000000001>;
P_0x10182d0c0 .param/l "SIM_ASSERT_CHK" 0 5 23, +C4<00000000000000000000000000000000>;
P_0x10182d100 .param/l "WRITE_DATA_WIDTH_A" 0 5 19, +C4<00000000000000000000000000000100>;
P_0x10182d140 .param/str "WRITE_MODE_A" 0 5 22, "read_first";
v0xc02c929e0_0 .net "addra", 31 0, L_0xc02c42440;  1 drivers
v0xc02c92a80_0 .net "addrb", 31 0, L_0xc02c42580;  1 drivers
v0xc02c92b20_0 .net "clka", 0 0, v0xc02cbdd60_0;  alias, 1 drivers
v0xc02c92bc0_0 .net "clkb", 0 0, v0xc02cbdd60_0;  alias, 1 drivers
v0xc02c92c60_0 .net "dina", 3 0, L_0xc02c424e0;  1 drivers
v0xc02c92d00_0 .net "doutb", 3 0, v0xc02c930c0_0;  alias, 1 drivers
L_0xc02878490 .functor BUFT 1, C4<1>, C4<0>, C4<0>, C4<0>;
v0xc02c92da0_0 .net "ena", 0 0, L_0xc02878490;  1 drivers
L_0xc02878520 .functor BUFT 1, C4<1>, C4<0>, C4<0>, C4<0>;
v0xc02c92e40_0 .net "enb", 0 0, L_0xc02878520;  1 drivers
v0xc02c92ee0_0 .var/i "i", 31 0;
v0xc02c92f80_0 .var/i "k", 31 0;
v0xc02c93020 .array "mem", 127 0, 3 0;
v0xc02c930c0 .array "pipe", 3 0, 3 0;
v0xc02c93160_0 .net "wea", 0 0, L_0xc0302b720;  alias, 1 drivers
S_0xc02cb0000 .scope module, "u_buf1" "xpm_memory_sdpram" 4 155, 5 16 0, S_0x10182db80;
 .timescale -9 -12;
    .port_info 0 /INPUT 1 "clka";
    .port_info 1 /INPUT 1 "ena";
    .port_info 2 /INPUT 1 "wea";
    .port_info 3 /INPUT 32 "addra";
    .port_info 4 /INPUT 4 "dina";
    .port_info 5 /INPUT 1 "clkb";
    .port_info 6 /INPUT 1 "enb";
    .port_info 7 /INPUT 32 "addrb";
    .port_info 8 /OUTPUT 4 "doutb";
P_0x10182d180 .param/l "DEPTH" 1 5 35, +C4<000000000000000000000000000000000000000000000000000000000000000000000000000000000000000000000000000000000000000000000000000000000000000000000000000000000010000000>;
P_0x10182d1c0 .param/str "MEMORY_PRIMITIVE" 0 5 18, "auto";
P_0x10182d200 .param/l "MEMORY_SIZE" 0 5 17, +C4<000000000000000000000000000000000000000000000000000000000000000000000000000000000000000000000000000000000000000000000000000000000000000000000000000000001000000000>;
P_0x10182d240 .param/l "READ_DATA_WIDTH_B" 0 5 20, +C4<00000000000000000000000000000100>;
P_0x10182d280 .param/l "READ_LATENCY_B" 0 5 21, +C4<00000000000000000000000000000001>;
P_0x10182d2c0 .param/l "SIM_ASSERT_CHK" 0 5 23, +C4<00000000000000000000000000000000>;
P_0x10182d300 .param/l "WRITE_DATA_WIDTH_A" 0 5 19, +C4<00000000000000000000000000000100>;
P_0x10182d340 .param/str "WRITE_MODE_A" 0 5 22, "read_first";
v0xc02c93200_0 .net "addra", 31 0, L_0xc02c42620;  1 drivers
v0xc02c932a0_0 .net "addrb", 31 0, L_0xc02c42760;  1 drivers
v0xc02c93340_0 .net "clka", 0 0, v0xc02cbdd60_0;  alias, 1 drivers
v0xc02c933e0_0 .net "clkb", 0 0, v0xc02cbdd60_0;  alias, 1 drivers
v0xc02c93480_0 .net "dina", 3 0, L_0xc02c426c0;  1 drivers
v0xc02c93520_0 .net "doutb", 3 0, v0xc02c938e0_0;  alias, 1 drivers
L_0xc028785b0 .functor BUFT 1, C4<1>, C4<0>, C4<0>, C4<0>;
v0xc02c935c0_0 .net "ena", 0 0, L_0xc028785b0;  1 drivers
L_0xc02878640 .functor BUFT 1, C4<1>, C4<0>, C4<0>, C4<0>;
v0xc02c93660_0 .net "enb", 0 0, L_0xc02878640;  1 drivers
v0xc02c93700_0 .var/i "i", 31 0;
v0xc02c937a0_0 .var/i "k", 31 0;
v0xc02c93840 .array "mem", 127 0, 3 0;
v0xc02c938e0 .array "pipe", 3 0, 3 0;
v0xc02c93980_0 .net "wea", 0 0, L_0xc0302b170;  alias, 1 drivers
    .scope S_0x10182dec0;
T_8 ;
    %pushi/vec4 0, 0, 32;
    %store/vec4 v0xc02c92ee0_0, 0, 32;
T_8.0 ; Top of for-loop
    %load/vec4 v0xc02c92ee0_0;
    %pad/s 162;
    %cmpi/s 128, 0, 162;
	  %jmp/0xz T_8.1, 5;
    %pushi/vec4 0, 0, 4;
    %ix/getv/s 4, v0xc02c92ee0_0;
    %store/vec4a v0xc02c93020, 4, 0;
T_8.2 ; for-loop step statement
    %load/vec4 v0xc02c92ee0_0;
    %addi 1, 0, 32;
    %store/vec4 v0xc02c92ee0_0, 0, 32;
    %jmp T_8.0;
T_8.1 ; for-loop exit label
    %end;
    .thread T_8;
    .scope S_0x10182dec0;
T_9 ;
    %wait E_0xc02ca5800;
    %load/vec4 v0xc02c92da0_0;
    %flag_set/vec4 9;
    %flag_get/vec4 9;
    %jmp/0 T_9.2, 9;
    %load/vec4 v0xc02c93160_0;
    %and;
T_9.2;
    %flag_set/vec4 8;
    %jmp/0xz  T_9.0, 8;
    %load/vec4 v0xc02c92c60_0;
    %ix/getv 3, v0xc02c929e0_0;
    %ix/load 4, 0, 0; Constant delay
    %assign/vec4/a/d v0xc02c93020, 0, 4;
T_9.0 ;
    %jmp T_9;
    .thread T_9;
    .scope S_0x10182dec0;
T_10 ;
    %wait E_0xc02ca5800;
    %load/vec4 v0xc02c92e40_0;
    %flag_set/vec4 8;
    %jmp/0xz  T_10.0, 8;
    %ix/getv 4, v0xc02c92a80_0;
    %load/vec4a v0xc02c93020, 4;
    %ix/load 3, 0, 0;
    %flag_set/imm 4, 0;
    %ix/load 4, 0, 0; Constant delay
    %assign/vec4/a/d v0xc02c930c0, 0, 4;
    %pushi/vec4 1, 0, 32;
    %store/vec4 v0xc02c92f80_0, 0, 32;
T_10.2 ; Top of for-loop
    %load/vec4 v0xc02c92f80_0;
    %cmpi/s 1, 0, 32;
    %flag_get/vec4 5;
    %jmp/0 T_10.5, 5;
    %load/vec4 v0xc02c92f80_0;
    %cmpi/s 4, 0, 32;
    %flag_get/vec4 5;
    %and;
T_10.5;
    %flag_set/vec4 8;
	  %jmp/0xz T_10.3, 8;
    %load/vec4 v0xc02c92f80_0;
    %subi 1, 0, 32;
    %ix/vec4/s 4;
    %load/vec4a v0xc02c930c0, 4;
    %ix/getv/s 3, v0xc02c92f80_0;
    %ix/load 4, 0, 0; Constant delay
    %assign/vec4/a/d v0xc02c930c0, 0, 4;
T_10.4 ; for-loop step statement
    %load/vec4 v0xc02c92f80_0;
    %addi 1, 0, 32;
    %store/vec4 v0xc02c92f80_0, 0, 32;
    %jmp T_10.2;
T_10.3 ; for-loop exit label
T_10.0 ;
    %jmp T_10;
    .thread T_10;
    .scope S_0xc02cb0000;
T_11 ;
    %pushi/vec4 0, 0, 32;
    %store/vec4 v0xc02c93700_0, 0, 32;
T_11.0 ; Top of for-loop
    %load/vec4 v0xc02c93700_0;
    %pad/s 162;
    %cmpi/s 128, 0, 162;
	  %jmp/0xz T_11.1, 5;
    %pushi/vec4 0, 0, 4;
    %ix/getv/s 4, v0xc02c93700_0;
    %store/vec4a v0xc02c93840, 4, 0;
T_11.2 ; for-loop step statement
    %load/vec4 v0xc02c93700_0;
    %addi 1, 0, 32;
    %store/vec4 v0xc02c93700_0, 0, 32;
    %jmp T_11.0;
T_11.1 ; for-loop exit label
    %end;
    .thread T_11;
    .scope S_0xc02cb0000;
T_12 ;
    %wait E_0xc02ca5800;
    %load/vec4 v0xc02c935c0_0;
    %flag_set/vec4 9;
    %flag_get/vec4 9;
    %jmp/0 T_12.2, 9;
    %load/vec4 v0xc02c93980_0;
    %and;
T_12.2;
    %flag_set/vec4 8;
    %jmp/0xz  T_12.0, 8;
    %load/vec4 v0xc02c93480_0;
    %ix/getv 3, v0xc02c93200_0;
    %ix/load 4, 0, 0; Constant delay
    %assign/vec4/a/d v0xc02c93840, 0, 4;
T_12.0 ;
    %jmp T_12;
    .thread T_12;
    .scope S_0xc02cb0000;
T_13 ;
    %wait E_0xc02ca5800;
    %load/vec4 v0xc02c93660_0;
    %flag_set/vec4 8;
    %jmp/0xz  T_13.0, 8;
    %ix/getv 4, v0xc02c932a0_0;
    %load/vec4a v0xc02c93840, 4;
    %ix/load 3, 0, 0;
    %flag_set/imm 4, 0;
    %ix/load 4, 0, 0; Constant delay
    %assign/vec4/a/d v0xc02c938e0, 0, 4;
    %pushi/vec4 1, 0, 32;
    %store/vec4 v0xc02c937a0_0, 0, 32;
T_13.2 ; Top of for-loop
    %load/vec4 v0xc02c937a0_0;
    %cmpi/s 1, 0, 32;
    %flag_get/vec4 5;
    %jmp/0 T_13.5, 5;
    %load/vec4 v0xc02c937a0_0;
    %cmpi/s 4, 0, 32;
    %flag_get/vec4 5;
    %and;
T_13.5;
    %flag_set/vec4 8;
	  %jmp/0xz T_13.3, 8;
    %load/vec4 v0xc02c937a0_0;
    %subi 1, 0, 32;
    %ix/vec4/s 4;
    %load/vec4a v0xc02c938e0, 4;
    %ix/getv/s 3, v0xc02c937a0_0;
    %ix/load 4, 0, 0; Constant delay
    %assign/vec4/a/d v0xc02c938e0, 0, 4;
T_13.4 ; for-loop step statement
    %load/vec4 v0xc02c937a0_0;
    %addi 1, 0, 32;
    %store/vec4 v0xc02c937a0_0, 0, 32;
    %jmp T_13.2;
T_13.3 ; for-loop exit label
T_13.0 ;
    %jmp T_13;
    .thread T_13;
    .scope S_0x10182db80;
T_14 ;
    %wait E_0xc02ca5900;
    %load/vec4 v0xc02cbc1e0_0;
    %nor/r;
    %flag_set/vec4 8;
    %jmp/0xz  T_14.0, 8;
    %pushi/vec4 0, 0, 13;
    %assign/vec4 v0xc02cbca00_0, 0;
    %pushi/vec4 0, 0, 13;
    %assign/vec4 v0xc02cbc640_0, 0;
    %pushi/vec4 0, 0, 1;
    %assign/vec4 v0xc02cbc0a0_0, 0;
    %pushi/vec4 0, 0, 2;
    %assign/vec4 v0xc02cb7700_0, 0;
    %pushi/vec4 0, 0, 1;
    %assign/vec4 v0xc02cb77a0_0, 0;
    %pushi/vec4 0, 0, 3;
    %assign/vec4 v0xc02cb78e0_0, 0;
    %jmp T_14.1;
T_14.0 ;
    %load/vec4 v0xc02cbc5a0_0;
    %flag_set/vec4 10;
    %flag_get/vec4 10;
    %jmp/0 T_14.5, 10;
    %load/vec4 v0xc02cbc460_0;
    %and;
T_14.5;
    %flag_set/vec4 9;
    %flag_get/vec4 9;
    %jmp/0 T_14.4, 9;
    %load/vec4 v0xc02cbc500_0;
    %and;
T_14.4;
    %flag_set/vec4 8;
    %jmp/0xz  T_14.2, 8;
    %pushi/vec4 1, 0, 1;
    %assign/vec4 v0xc02cbc0a0_0, 0;
    %pushi/vec4 0, 0, 2;
    %assign/vec4 v0xc02cb7700_0, 0;
    %pushi/vec4 0, 0, 1;
    %assign/vec4 v0xc02cb77a0_0, 0;
    %pushi/vec4 0, 0, 13;
    %assign/vec4 v0xc02cbca00_0, 0;
    %pushi/vec4 0, 0, 13;
    %assign/vec4 v0xc02cbc640_0, 0;
T_14.2 ;
    %load/vec4 v0xc02cbc5a0_0;
    %flag_set/vec4 10;
    %flag_get/vec4 10;
    %jmp/0 T_14.9, 10;
    %load/vec4 v0xc02cbc460_0;
    %and;
T_14.9;
    %flag_set/vec4 9;
    %flag_get/vec4 9;
    %jmp/0 T_14.8, 9;
    %load/vec4 v0xc02cbc3c0_0;
    %and;
T_14.8;
    %flag_set/vec4 8;
    %jmp/0xz  T_14.6, 8;
    %pushi/vec4 0, 0, 1;
    %assign/vec4 v0xc02cbc0a0_0, 0;
T_14.6 ;
    %load/vec4 v0xc02cbc5a0_0;
    %flag_set/vec4 11;
    %flag_get/vec4 11;
    %jmp/0 T_14.14, 11;
    %load/vec4 v0xc02cbc460_0;
    %and;
T_14.14;
    %flag_set/vec4 10;
    %flag_get/vec4 10;
    %jmp/0 T_14.13, 10;
    %load/vec4 v0xc02cbc0a0_0;
    %and;
T_14.13;
    %flag_set/vec4 9;
    %flag_get/vec4 9;
    %jmp/0 T_14.12, 9;
    %load/vec4 v0xc02cbc640_0;
    %pad/u 130;
    %pushi/vec4 127, 0, 130;
    %cmp/e;
    %flag_get/vec4 4;
    %and;
T_14.12;
    %flag_set/vec4 8;
    %jmp/0xz  T_14.10, 8;
    %pushi/vec4 1, 0, 2;
    %assign/vec4 v0xc02cb7700_0, 0;
    %load/vec4 v0xc02cbca00_0;
    %pad/u 130;
    %cmpi/e 127, 0, 130;
    %jmp/0xz  T_14.15, 4;
    %pushi/vec4 1, 0, 1;
    %assign/vec4 v0xc02cb77a0_0, 0;
T_14.15 ;
    %jmp T_14.11;
T_14.10 ;
    %load/vec4 v0xc02cb7700_0;
    %cmpi/ne 0, 0, 2;
    %jmp/0xz  T_14.17, 4;
    %load/vec4 v0xc02cb7700_0;
    %subi 1, 0, 2;
    %assign/vec4 v0xc02cb7700_0, 0;
T_14.17 ;
T_14.11 ;
    %load/vec4 v0xc02cb77a0_0;
    %flag_set/vec4 12;
    %flag_get/vec4 12;
    %jmp/0 T_14.24, 12;
    %load/vec4 v0xc02cbd680_0;
    %and;
T_14.24;
    %flag_set/vec4 11;
    %flag_get/vec4 11;
    %jmp/0 T_14.23, 11;
    %load/vec4 v0xc02cbc640_0;
    %pad/u 130;
    %pushi/vec4 128, 0, 130;
    %cmp/e;
    %flag_get/vec4 4;
    %and;
T_14.23;
    %flag_set/vec4 10;
    %flag_get/vec4 10;
    %jmp/0 T_14.22, 10;
    %load/vec4 v0xc02cbca00_0;
    %pad/u 130;
    %pushi/vec4 128, 0, 130;
    %cmp/e;
    %flag_get/vec4 4;
    %and;
T_14.22;
    %flag_set/vec4 9;
    %flag_get/vec4 9;
    %jmp/0 T_14.21, 9;
    %load/vec4 v0xc02cb7700_0;
    %pushi/vec4 0, 0, 2;
    %cmp/e;
    %flag_get/vec4 4;
    %and;
T_14.21;
    %flag_set/vec4 8;
    %jmp/0xz  T_14.19, 8;
    %pushi/vec4 0, 0, 1;
    %assign/vec4 v0xc02cb77a0_0, 0;
T_14.19 ;
    %load/vec4 v0xc02cbd680_0;
    %flag_set/vec4 8;
    %jmp/0xz  T_14.25, 8;
    %load/vec4 v0xc02cbc640_0;
    %pad/u 130;
    %cmpi/e 128, 0, 130;
    %jmp/0xz  T_14.27, 4;
    %pushi/vec4 0, 0, 13;
    %assign/vec4 v0xc02cbc640_0, 0;
    %load/vec4 v0xc02cbca00_0;
    %pad/u 130;
    %cmpi/e 128, 0, 130;
    %flag_mov 8, 4;
    %jmp/0 T_14.29, 8;
    %pushi/vec4 0, 0, 13;
    %jmp/1 T_14.30, 8;
T_14.29 ; End of true expr.
    %load/vec4 v0xc02cbca00_0;
    %addi 1, 0, 13;
    %jmp/0 T_14.30, 8;
 ; End of false expr.
    %blend;
T_14.30;
    %assign/vec4 v0xc02cbca00_0, 0;
    %jmp T_14.28;
T_14.27 ;
    %load/vec4 v0xc02cbc640_0;
    %addi 1, 0, 13;
    %assign/vec4 v0xc02cbc640_0, 0;
T_14.28 ;
T_14.25 ;
T_14.1 ;
    %jmp T_14;
    .thread T_14;
    .scope S_0x10182db80;
T_15 ;
    %wait E_0xc02ca5900;
    %load/vec4 v0xc02cbc1e0_0;
    %nor/r;
    %flag_set/vec4 8;
    %jmp/0xz  T_15.0, 8;
    %pushi/vec4 0, 0, 3;
    %assign/vec4 v0xc02cb7840_0, 0;
    %pushi/vec4 0, 0, 1;
    %assign/vec4 v0xc02cbce60_0, 0;
    %pushi/vec4 0, 0, 1;
    %assign/vec4 v0xc02cbd180_0, 0;
    %jmp T_15.1;
T_15.0 ;
    %load/vec4 v0xc02cbd4a0_0;
    %flag_set/vec4 8;
    %jmp/0 T_15.2, 8;
    %pushi/vec4 0, 0, 3;
    %jmp/1 T_15.3, 8;
T_15.2 ; End of true expr.
    %load/vec4 v0xc02cbd7c0_0;
    %jmp/0 T_15.3, 8;
 ; End of false expr.
    %blend;
T_15.3;
    %assign/vec4 v0xc02cb7840_0, 0;
    %load/vec4 v0xc02cbda40_0;
    %assign/vec4 v0xc02cbce60_0, 0;
    %load/vec4 v0xc02cbd680_0;
    %assign/vec4 v0xc02cbd180_0, 0;
    %load/vec4 v0xc02cbc5a0_0;
    %flag_set/vec4 9;
    %flag_get/vec4 9;
    %jmp/0 T_15.6, 9;
    %load/vec4 v0xc02cbc460_0;
    %and;
T_15.6;
    %flag_set/vec4 8;
    %jmp/0xz  T_15.4, 8;
    %load/vec4 v0xc02cbd4a0_0;
    %flag_set/vec4 8;
    %jmp/0 T_15.7, 8;
    %pushi/vec4 0, 0, 3;
    %jmp/1 T_15.8, 8;
T_15.7 ; End of true expr.
    %load/vec4 v0xc02cbd7c0_0;
    %jmp/0 T_15.8, 8;
 ; End of false expr.
    %blend;
T_15.8;
    %assign/vec4 v0xc02cb78e0_0, 0;
T_15.4 ;
T_15.1 ;
    %jmp T_15;
    .thread T_15;
    .scope S_0x10182db80;
T_16 ;
    %wait E_0xc02ca5900;
    %load/vec4 v0xc02cbc1e0_0;
    %nor/r;
    %flag_set/vec4 8;
    %jmp/0xz  T_16.0, 8;
    %pushi/vec4 0, 0, 13;
    %assign/vec4 v0xc02cbc6e0_0, 0;
    %pushi/vec4 0, 0, 13;
    %assign/vec4 v0xc02cbcaa0_0, 0;
    %jmp T_16.1;
T_16.0 ;
    %load/vec4 v0xc02cbc640_0;
    %assign/vec4 v0xc02cbc6e0_0, 0;
    %load/vec4 v0xc02cbca00_0;
    %assign/vec4 v0xc02cbcaa0_0, 0;
T_16.1 ;
    %jmp T_16;
    .thread T_16;
    .scope S_0x10182db80;
T_17 ;
    %wait E_0xc02ca5900;
    %load/vec4 v0xc02cbc1e0_0;
    %nor/r;
    %flag_set/vec4 8;
    %jmp/0xz  T_17.0, 8;
    %pushi/vec4 0, 0, 1;
    %assign/vec4 v0xc02cbc140_0, 0;
    %jmp T_17.1;
T_17.0 ;
    %load/vec4 v0xc02cbc640_0;
    %cmpi/e 0, 0, 13;
    %flag_get/vec4 4;
    %jmp/0 T_17.2, 4;
    %load/vec4 v0xc02cbd180_0;
    %and;
T_17.2;
    %assign/vec4 v0xc02cbc140_0, 0;
T_17.1 ;
    %jmp T_17;
    .thread T_17;
    .scope S_0x10182db80;
T_18 ;
    %wait E_0xc02ca5900;
    %load/vec4 v0xc02cbc1e0_0;
    %nor/r;
    %flag_set/vec4 8;
    %jmp/0xz  T_18.0, 8;
    %pushi/vec4 0, 0, 32;
    %store/vec4 v0xc02cbc000_0, 0, 32;
T_18.2 ; Top of for-loop
    %load/vec4 v0xc02cbc000_0;
    %cmpi/s 3, 0, 32;
	  %jmp/0xz T_18.3, 5;
    %pushi/vec4 0, 0, 32;
    %store/vec4 v0xc02cb7520_0, 0, 32;
T_18.5 ; Top of for-loop
    %load/vec4 v0xc02cb7520_0;
    %cmpi/s 3, 0, 32;
	  %jmp/0xz T_18.6, 5;
    %pushi/vec4 0, 0, 3;
    %load/vec4 v0xc02cbc000_0;
    %pad/s 34;
    %pad/s 36;
    %muli 3, 0, 36;
    %pad/s 37;
    %load/vec4 v0xc02cb7520_0;
    %pad/s 37;
    %add;
    %ix/vec4/s 3;
    %ix/load 4, 0, 0; Constant delay
    %assign/vec4/a/d v0xc02cbdcc0, 0, 4;
T_18.7 ; for-loop step statement
    %load/vec4 v0xc02cb7520_0;
    %addi 1, 0, 32;
    %store/vec4 v0xc02cb7520_0, 0, 32;
    %jmp T_18.5;
T_18.6 ; for-loop exit label
T_18.4 ; for-loop step statement
    %load/vec4 v0xc02cbc000_0;
    %addi 1, 0, 32;
    %store/vec4 v0xc02cbc000_0, 0, 32;
    %jmp T_18.2;
T_18.3 ; for-loop exit label
    %pushi/vec4 0, 0, 1;
    %assign/vec4 v0xc02cbcf00_0, 0;
    %pushi/vec4 0, 0, 1;
    %assign/vec4 v0xc02cbd220_0, 0;
    %pushi/vec4 0, 0, 13;
    %assign/vec4 v0xc02cbcb40_0, 0;
    %pushi/vec4 0, 0, 13;
    %assign/vec4 v0xc02cbc780_0, 0;
    %jmp T_18.1;
T_18.0 ;
    %load/vec4 v0xc02cbd180_0;
    %flag_set/vec4 8;
    %jmp/0xz  T_18.8, 8;
    %load/vec4 v0xc02cbc140_0;
    %flag_set/vec4 8;
    %jmp/0xz  T_18.10, 8;
    %load/vec4 v0xc02cbd9a0_0;
    %ix/load 3, 0, 0;
    %flag_set/imm 4, 0;
    %ix/load 4, 0, 0; Constant delay
    %assign/vec4/a/d v0xc02cbdcc0, 0, 4;
    %load/vec4 v0xc02cbd9a0_0;
    %ix/load 3, 1, 0;
    %flag_set/imm 4, 0;
    %ix/load 4, 0, 0; Constant delay
    %assign/vec4/a/d v0xc02cbdcc0, 0, 4;
    %load/vec4 v0xc02cbd9a0_0;
    %ix/load 3, 2, 0;
    %flag_set/imm 4, 0;
    %ix/load 4, 0, 0; Constant delay
    %assign/vec4/a/d v0xc02cbdcc0, 0, 4;
    %load/vec4 v0xc02cbd900_0;
    %ix/load 3, 3, 0;
    %flag_set/imm 4, 0;
    %ix/load 4, 0, 0; Constant delay
    %assign/vec4/a/d v0xc02cbdcc0, 0, 4;
    %load/vec4 v0xc02cbd900_0;
    %ix/load 3, 4, 0;
    %flag_set/imm 4, 0;
    %ix/load 4, 0, 0; Constant delay
    %assign/vec4/a/d v0xc02cbdcc0, 0, 4;
    %load/vec4 v0xc02cbd900_0;
    %ix/load 3, 5, 0;
    %flag_set/imm 4, 0;
    %ix/load 4, 0, 0; Constant delay
    %assign/vec4/a/d v0xc02cbdcc0, 0, 4;
    %load/vec4 v0xc02cb7840_0;
    %ix/load 3, 6, 0;
    %flag_set/imm 4, 0;
    %ix/load 4, 0, 0; Constant delay
    %assign/vec4/a/d v0xc02cbdcc0, 0, 4;
    %load/vec4 v0xc02cb7840_0;
    %ix/load 3, 7, 0;
    %flag_set/imm 4, 0;
    %ix/load 4, 0, 0; Constant delay
    %assign/vec4/a/d v0xc02cbdcc0, 0, 4;
    %load/vec4 v0xc02cb7840_0;
    %ix/load 3, 8, 0;
    %flag_set/imm 4, 0;
    %ix/load 4, 0, 0; Constant delay
    %assign/vec4/a/d v0xc02cbdcc0, 0, 4;
    %jmp T_18.11;
T_18.10 ;
    %pushi/vec4 0, 0, 32;
    %store/vec4 v0xc02cbc000_0, 0, 32;
T_18.12 ; Top of for-loop
    %load/vec4 v0xc02cbc000_0;
    %cmpi/s 3, 0, 32;
	  %jmp/0xz T_18.13, 5;
    %load/vec4 v0xc02cbc000_0;
    %pad/s 34;
    %pad/s 36;
    %muli 3, 0, 36;
    %pad/s 37;
    %pushi/vec4 1, 0, 2;
    %pad/s 37;
    %add;
    %ix/vec4/s 4;
    %load/vec4a v0xc02cbdcc0, 4;
    %load/vec4 v0xc02cbc000_0;
    %pad/s 34;
    %pad/s 36;
    %muli 3, 0, 36;
    %ix/vec4/s 3;
    %ix/load 4, 0, 0; Constant delay
    %assign/vec4/a/d v0xc02cbdcc0, 0, 4;
    %load/vec4 v0xc02cbc000_0;
    %pad/s 34;
    %pad/s 36;
    %muli 3, 0, 36;
    %pad/s 37;
    %pushi/vec4 2, 0, 3;
    %pad/s 37;
    %add;
    %ix/vec4/s 4;
    %load/vec4a v0xc02cbdcc0, 4;
    %load/vec4 v0xc02cbc000_0;
    %pad/s 34;
    %pad/s 36;
    %muli 3, 0, 36;
    %pad/s 37;
    %pushi/vec4 1, 0, 2;
    %pad/s 37;
    %add;
    %ix/vec4/s 3;
    %ix/load 4, 0, 0; Constant delay
    %assign/vec4/a/d v0xc02cbdcc0, 0, 4;
T_18.14 ; for-loop step statement
    %load/vec4 v0xc02cbc000_0;
    %addi 1, 0, 32;
    %store/vec4 v0xc02cbc000_0, 0, 32;
    %jmp T_18.12;
T_18.13 ; for-loop exit label
    %load/vec4 v0xc02cbd9a0_0;
    %ix/load 3, 2, 0;
    %flag_set/imm 4, 0;
    %ix/load 4, 0, 0; Constant delay
    %assign/vec4/a/d v0xc02cbdcc0, 0, 4;
    %load/vec4 v0xc02cbd900_0;
    %ix/load 3, 5, 0;
    %flag_set/imm 4, 0;
    %ix/load 4, 0, 0; Constant delay
    %assign/vec4/a/d v0xc02cbdcc0, 0, 4;
    %load/vec4 v0xc02cb7840_0;
    %ix/load 3, 8, 0;
    %flag_set/imm 4, 0;
    %ix/load 4, 0, 0; Constant delay
    %assign/vec4/a/d v0xc02cbdcc0, 0, 4;
T_18.11 ;
    %load/vec4 v0xc02cbce60_0;
    %assign/vec4 v0xc02cbcf00_0, 0;
    %pushi/vec4 1, 0, 1;
    %assign/vec4 v0xc02cbd220_0, 0;
    %load/vec4 v0xc02cbcaa0_0;
    %assign/vec4 v0xc02cbcb40_0, 0;
    %load/vec4 v0xc02cbc6e0_0;
    %assign/vec4 v0xc02cbc780_0, 0;
    %jmp T_18.9;
T_18.8 ;
    %pushi/vec4 0, 0, 1;
    %assign/vec4 v0xc02cbd220_0, 0;
T_18.9 ;
T_18.1 ;
    %jmp T_18;
    .thread T_18;
    .scope S_0x10182db80;
T_19 ;
    %wait E_0xc02ca5900;
    %load/vec4 v0xc02cbc1e0_0;
    %nor/r;
    %flag_set/vec4 8;
    %jmp/0xz  T_19.0, 8;
    %pushi/vec4 0, 0, 32;
    %store/vec4 v0xc02cb7660_0, 0, 32;
T_19.2 ; Top of for-loop
    %load/vec4 v0xc02cb7660_0;
    %cmpi/s 8, 0, 32;
	  %jmp/0xz T_19.3, 5;
    %pushi/vec4 0, 0, 4;
    %ix/getv/s 3, v0xc02cb7660_0;
    %ix/load 4, 0, 0; Constant delay
    %assign/vec4/a/d v0xc02cbd400, 0, 4;
T_19.4 ; for-loop step statement
    %load/vec4 v0xc02cb7660_0;
    %addi 1, 0, 32;
    %store/vec4 v0xc02cb7660_0, 0, 32;
    %jmp T_19.2;
T_19.3 ; for-loop exit label
    %pushi/vec4 0, 0, 1;
    %assign/vec4 v0xc02cbcfa0_0, 0;
    %pushi/vec4 0, 0, 1;
    %assign/vec4 v0xc02cbd2c0_0, 0;
    %jmp T_19.1;
T_19.0 ;
    %pushi/vec4 0, 0, 32;
    %store/vec4 v0xc02cb7660_0, 0, 32;
T_19.5 ; Top of for-loop
    %load/vec4 v0xc02cb7660_0;
    %cmpi/s 8, 0, 32;
	  %jmp/0xz T_19.6, 5;
    %ix/load 4, 0, 0;
    %flag_set/imm 4, 0;
    %load/vec4a v0xc02cbdcc0, 4;
    %pad/u 32;
    %load/vec4 v0xc02cb7660_0;
    %cmp/e;
    %flag_mov 8, 4;
    %jmp/0 T_19.8, 8;
    %pushi/vec4 1, 0, 4;
    %jmp/1 T_19.9, 8;
T_19.8 ; End of true expr.
    %pushi/vec4 0, 0, 4;
    %jmp/0 T_19.9, 8;
 ; End of false expr.
    %blend;
T_19.9;
    %ix/load 4, 1, 0;
    %flag_set/imm 4, 0;
    %load/vec4a v0xc02cbdcc0, 4;
    %pad/u 32;
    %load/vec4 v0xc02cb7660_0;
    %cmp/e;
    %flag_mov 8, 4;
    %jmp/0 T_19.10, 8;
    %pushi/vec4 1, 0, 4;
    %jmp/1 T_19.11, 8;
T_19.10 ; End of true expr.
    %pushi/vec4 0, 0, 4;
    %jmp/0 T_19.11, 8;
 ; End of false expr.
    %blend;
T_19.11;
    %add;
    %ix/load 4, 2, 0;
    %flag_set/imm 4, 0;
    %load/vec4a v0xc02cbdcc0, 4;
    %pad/u 32;
    %load/vec4 v0xc02cb7660_0;
    %cmp/e;
    %flag_mov 8, 4;
    %jmp/0 T_19.12, 8;
    %pushi/vec4 1, 0, 4;
    %jmp/1 T_19.13, 8;
T_19.12 ; End of true expr.
    %pushi/vec4 0, 0, 4;
    %jmp/0 T_19.13, 8;
 ; End of false expr.
    %blend;
T_19.13;
    %add;
    %ix/load 4, 3, 0;
    %flag_set/imm 4, 0;
    %load/vec4a v0xc02cbdcc0, 4;
    %pad/u 32;
    %load/vec4 v0xc02cb7660_0;
    %cmp/e;
    %flag_mov 8, 4;
    %jmp/0 T_19.14, 8;
    %pushi/vec4 1, 0, 4;
    %jmp/1 T_19.15, 8;
T_19.14 ; End of true expr.
    %pushi/vec4 0, 0, 4;
    %jmp/0 T_19.15, 8;
 ; End of false expr.
    %blend;
T_19.15;
    %add;
    %ix/load 4, 4, 0;
    %flag_set/imm 4, 0;
    %load/vec4a v0xc02cbdcc0, 4;
    %pad/u 32;
    %load/vec4 v0xc02cb7660_0;
    %cmp/e;
    %flag_mov 8, 4;
    %jmp/0 T_19.16, 8;
    %pushi/vec4 1, 0, 4;
    %jmp/1 T_19.17, 8;
T_19.16 ; End of true expr.
    %pushi/vec4 0, 0, 4;
    %jmp/0 T_19.17, 8;
 ; End of false expr.
    %blend;
T_19.17;
    %add;
    %ix/load 4, 5, 0;
    %flag_set/imm 4, 0;
    %load/vec4a v0xc02cbdcc0, 4;
    %pad/u 32;
    %load/vec4 v0xc02cb7660_0;
    %cmp/e;
    %flag_mov 8, 4;
    %jmp/0 T_19.18, 8;
    %pushi/vec4 1, 0, 4;
    %jmp/1 T_19.19, 8;
T_19.18 ; End of true expr.
    %pushi/vec4 0, 0, 4;
    %jmp/0 T_19.19, 8;
 ; End of false expr.
    %blend;
T_19.19;
    %add;
    %ix/load 4, 6, 0;
    %flag_set/imm 4, 0;
    %load/vec4a v0xc02cbdcc0, 4;
    %pad/u 32;
    %load/vec4 v0xc02cb7660_0;
    %cmp/e;
    %flag_mov 8, 4;
    %jmp/0 T_19.20, 8;
    %pushi/vec4 1, 0, 4;
    %jmp/1 T_19.21, 8;
T_19.20 ; End of true expr.
    %pushi/vec4 0, 0, 4;
    %jmp/0 T_19.21, 8;
 ; End of false expr.
    %blend;
T_19.21;
    %add;
    %ix/load 4, 7, 0;
    %flag_set/imm 4, 0;
    %load/vec4a v0xc02cbdcc0, 4;
    %pad/u 32;
    %load/vec4 v0xc02cb7660_0;
    %cmp/e;
    %flag_mov 8, 4;
    %jmp/0 T_19.22, 8;
    %pushi/vec4 1, 0, 4;
    %jmp/1 T_19.23, 8;
T_19.22 ; End of true expr.
    %pushi/vec4 0, 0, 4;
    %jmp/0 T_19.23, 8;
 ; End of false expr.
    %blend;
T_19.23;
    %add;
    %ix/load 4, 8, 0;
    %flag_set/imm 4, 0;
    %load/vec4a v0xc02cbdcc0, 4;
    %pad/u 32;
    %load/vec4 v0xc02cb7660_0;
    %cmp/e;
    %flag_mov 8, 4;
    %jmp/0 T_19.24, 8;
    %pushi/vec4 1, 0, 4;
    %jmp/1 T_19.25, 8;
T_19.24 ; End of true expr.
    %pushi/vec4 0, 0, 4;
    %jmp/0 T_19.25, 8;
 ; End of false expr.
    %blend;
T_19.25;
    %add;
    %ix/getv/s 3, v0xc02cb7660_0;
    %ix/load 4, 0, 0; Constant delay
    %assign/vec4/a/d v0xc02cbd400, 0, 4;
T_19.7 ; for-loop step statement
    %load/vec4 v0xc02cb7660_0;
    %addi 1, 0, 32;
    %store/vec4 v0xc02cb7660_0, 0, 32;
    %jmp T_19.5;
T_19.6 ; for-loop exit label
    %load/vec4 v0xc02cbcf00_0;
    %assign/vec4 v0xc02cbcfa0_0, 0;
    %load/vec4 v0xc02cbd220_0;
    %assign/vec4 v0xc02cbd2c0_0, 0;
T_19.1 ;
    %jmp T_19;
    .thread T_19;
    .scope S_0x10182db80;
T_20 ;
    %wait E_0xc02ca5940;
    %pushi/vec4 0, 0, 3;
    %store/vec4 v0xc02cb72a0_0, 0, 3;
    %ix/load 4, 0, 0;
    %flag_set/imm 4, 0;
    %load/vec4a v0xc02cbd400, 4;
    %store/vec4 v0xc02cb73e0_0, 0, 4;
    %pushi/vec4 1, 0, 32;
    %store/vec4 v0xc02cb7660_0, 0, 32;
T_20.0 ; Top of for-loop
    %load/vec4 v0xc02cb7660_0;
    %cmpi/s 8, 0, 32;
	  %jmp/0xz T_20.1, 5;
    %load/vec4 v0xc02cb73e0_0;
    %ix/getv/s 4, v0xc02cb7660_0;
    %load/vec4a v0xc02cbd400, 4;
    %cmp/u;
    %jmp/0xz  T_20.3, 5;
    %load/vec4 v0xc02cb7660_0;
    %parti/s 3, 0, 2;
    %store/vec4 v0xc02cb72a0_0, 0, 3;
    %ix/getv/s 4, v0xc02cb7660_0;
    %load/vec4a v0xc02cbd400, 4;
    %store/vec4 v0xc02cb73e0_0, 0, 4;
T_20.3 ;
T_20.2 ; for-loop step statement
    %load/vec4 v0xc02cb7660_0;
    %addi 1, 0, 32;
    %store/vec4 v0xc02cb7660_0, 0, 32;
    %jmp T_20.0;
T_20.1 ; for-loop exit label
    %jmp T_20;
    .thread T_20, $push;
    .scope S_0x10182db80;
T_21 ;
    %wait E_0xc02ca5900;
    %load/vec4 v0xc02cbc1e0_0;
    %nor/r;
    %flag_set/vec4 8;
    %jmp/0xz  T_21.0, 8;
    %pushi/vec4 0, 0, 3;
    %assign/vec4 v0xc02cb7340_0, 0;
    %pushi/vec4 0, 0, 4;
    %assign/vec4 v0xc02cb7480_0, 0;
    %pushi/vec4 0, 0, 1;
    %assign/vec4 v0xc02cbd040_0, 0;
    %pushi/vec4 0, 0, 1;
    %assign/vec4 v0xc02cbd360_0, 0;
    %pushi/vec4 0, 0, 13;
    %assign/vec4 v0xc02cbcbe0_0, 0;
    %pushi/vec4 0, 0, 13;
    %assign/vec4 v0xc02cbc820_0, 0;
    %pushi/vec4 0, 0, 13;
    %assign/vec4 v0xc02cbcc80_0, 0;
    %pushi/vec4 0, 0, 13;
    %assign/vec4 v0xc02cbc8c0_0, 0;
    %pushi/vec4 0, 0, 13;
    %assign/vec4 v0xc02cbcd20_0, 0;
    %pushi/vec4 0, 0, 13;
    %assign/vec4 v0xc02cbc960_0, 0;
    %jmp T_21.1;
T_21.0 ;
    %load/vec4 v0xc02cb72a0_0;
    %assign/vec4 v0xc02cb7340_0, 0;
    %load/vec4 v0xc02cb73e0_0;
    %assign/vec4 v0xc02cb7480_0, 0;
    %load/vec4 v0xc02cbcfa0_0;
    %assign/vec4 v0xc02cbd040_0, 0;
    %load/vec4 v0xc02cbd2c0_0;
    %assign/vec4 v0xc02cbd360_0, 0;
    %load/vec4 v0xc02cbcb40_0;
    %assign/vec4 v0xc02cbcbe0_0, 0;
    %load/vec4 v0xc02cbc780_0;
    %assign/vec4 v0xc02cbc820_0, 0;
    %load/vec4 v0xc02cbcbe0_0;
    %assign/vec4 v0xc02cbcc80_0, 0;
    %load/vec4 v0xc02cbc820_0;
    %assign/vec4 v0xc02cbc8c0_0, 0;
    %load/vec4 v0xc02cbcc80_0;
    %assign/vec4 v0xc02cbcd20_0, 0;
    %load/vec4 v0xc02cbc8c0_0;
    %assign/vec4 v0xc02cbc960_0, 0;
T_21.1 ;
    %jmp T_21;
    .thread T_21;
    .scope S_0x10182db80;
T_22 ;
    %wait E_0xc02ca5900;
    %load/vec4 v0xc02cbc1e0_0;
    %nor/r;
    %flag_set/vec4 8;
    %jmp/0xz  T_22.0, 8;
    %pushi/vec4 0, 0, 4;
    %assign/vec4 v0xc02cbcdc0_0, 0;
    %jmp T_22.1;
T_22.0 ;
    %load/vec4 v0xc02cbcdc0_0;
    %parti/s 3, 0, 2;
    %load/vec4 v0xc02cbdae0_0;
    %concat/vec4; draw_concat_vec4
    %assign/vec4 v0xc02cbcdc0_0, 0;
T_22.1 ;
    %jmp T_22;
    .thread T_22;
    .scope S_0x10182db80;
T_23 ;
    %wait E_0xc02ca5900;
    %load/vec4 v0xc02cbc1e0_0;
    %nor/r;
    %flag_set/vec4 8;
    %jmp/0xz  T_23.0, 8;
    %pushi/vec4 0, 0, 8;
    %assign/vec4 v0xc02cb7e80_0, 0;
    %pushi/vec4 0, 0, 1;
    %assign/vec4 v0xc02cbd0e0_0, 0;
    %jmp T_23.1;
T_23.0 ;
    %load/vec4 v0xc02cbcdc0_0;
    %parti/s 1, 3, 3;
    %flag_set/vec4 10;
    %flag_get/vec4 10;
    %jmp/0 T_23.5, 10;
    %load/vec4 v0xc02cbd540_0;
    %nor/r;
    %and;
T_23.5;
    %flag_set/vec4 9;
    %flag_get/vec4 9;
    %jmp/0 T_23.4, 9;
    %pushi/vec4 5, 0, 4;
    %load/vec4 v0xc02cb7480_0;
    %cmp/u;
    %flag_get/vec4 4;
    %flag_get/vec4 5;
    %or;
    %and;
T_23.4;
    %flag_set/vec4 8;
    %jmp/0xz  T_23.2, 8;
    %pushi/vec4 1, 0, 8;
    %ix/getv 4, v0xc02cb7340_0;
    %shiftl 4;
    %assign/vec4 v0xc02cb7e80_0, 0;
    %jmp T_23.3;
T_23.2 ;
    %pushi/vec4 0, 0, 8;
    %assign/vec4 v0xc02cb7e80_0, 0;
T_23.3 ;
    %load/vec4 v0xc02cbd360_0;
    %assign/vec4 v0xc02cbd0e0_0, 0;
T_23.1 ;
    %jmp T_23;
    .thread T_23;
    .scope S_0x10182db80;
T_24 ;
    %wait E_0xc02ca5900;
    %load/vec4 v0xc02cbc1e0_0;
    %nor/r;
    %flag_set/vec4 8;
    %jmp/0xz  T_24.0, 8;
    %pushi/vec4 0, 0, 13;
    %assign/vec4 v0xc02cb7f20_0, 0;
    %pushi/vec4 0, 0, 13;
    %assign/vec4 v0xc02cb7de0_0, 0;
    %jmp T_24.1;
T_24.0 ;
    %load/vec4 v0xc02cbd5e0_0;
    %flag_set/vec4 8;
    %jmp/0xz  T_24.2, 8;
    %load/vec4 v0xc02cb7de0_0;
    %pad/u 130;
    %cmpi/e 127, 0, 130;
    %jmp/0xz  T_24.4, 4;
    %pushi/vec4 0, 0, 13;
    %assign/vec4 v0xc02cb7de0_0, 0;
    %load/vec4 v0xc02cb7f20_0;
    %pad/u 130;
    %cmpi/e 127, 0, 130;
    %jmp/0xz  T_24.6, 4;
    %pushi/vec4 0, 0, 13;
    %assign/vec4 v0xc02cb7f20_0, 0;
    %jmp T_24.7;
T_24.6 ;
    %load/vec4 v0xc02cb7f20_0;
    %addi 1, 0, 13;
    %assign/vec4 v0xc02cb7f20_0, 0;
T_24.7 ;
    %jmp T_24.5;
T_24.4 ;
    %load/vec4 v0xc02cb7de0_0;
    %addi 1, 0, 13;
    %assign/vec4 v0xc02cb7de0_0, 0;
T_24.5 ;
T_24.2 ;
T_24.1 ;
    %jmp T_24;
    .thread T_24;
    .scope S_0x101825310;
T_25 ;
    %pushi/vec4 0, 0, 1;
    %store/vec4 v0xc02cbdd60_0, 0, 1;
    %pushi/vec4 0, 0, 1;
    %store/vec4 v0xc02cbe3a0_0, 0, 1;
    %pushi/vec4 0, 0, 1;
    %store/vec4 v0xc02cbe760_0, 0, 1;
    %pushi/vec4 0, 0, 22;
    %store/vec4 v0xc02cbe4e0_0, 0, 22;
    %pushi/vec4 0, 0, 16;
    %store/vec4 v0xc02cbe440_0, 0, 16;
    %pushi/vec4 0, 0, 1;
    %store/vec4 v0xc02cbe6c0_0, 0, 1;
    %pushi/vec4 0, 0, 1;
    %store/vec4 v0xc02cbe580_0, 0, 1;
    %pushi/vec4 0, 0, 32;
    %store/vec4 v0xc02cbde00_0, 0, 32;
    %pushi/vec4 0, 0, 32;
    %store/vec4 v0xc02cbe800_0, 0, 32;
    %pushi/vec4 0, 0, 32;
    %store/vec4 v0xc02cbe300_0, 0, 32;
    %pushi/vec4 0, 0, 32;
    %store/vec4 v0xc02cbe1c0_0, 0, 32;
    %pushi/vec4 0, 0, 32;
    %store/vec4 v0xc02cbe260_0, 0, 32;
    %end;
    .thread T_25, $init;
    .scope S_0x101825310;
T_26 ;
    %delay 5000, 0;
    %load/vec4 v0xc02cbdd60_0;
    %inv;
    %store/vec4 v0xc02cbdd60_0, 0, 1;
    %jmp T_26;
    .thread T_26;
    .scope S_0x101825310;
T_27 ;
    %wait E_0xc02ca5800;
    %load/vec4 v0xc02cbe3a0_0;
    %flag_set/vec4 9;
    %flag_get/vec4 9;
    %jmp/0 T_27.2, 9;
    %load/vec4 v0xc02cbe120_0;
    %and;
T_27.2;
    %flag_set/vec4 8;
    %jmp/0xz  T_27.0, 8;
    %load/vec4 v0xc02cbe080_0;
    %load/vec4 v0xc02cbe300_0;
    %cmpi/e 0, 0, 32;
    %flag_get/vec4 4;
    %jmp/0 T_27.5, 4;
    %load/vec4 v0xc02cbe1c0_0;
    %pushi/vec4 0, 0, 32;
    %cmp/e;
    %flag_get/vec4 4;
    %and;
T_27.5;
    %cmp/ne;
    %jmp/0xz  T_27.3, 6;
    %load/vec4 v0xc02cbde00_0;
    %addi 1, 0, 32;
    %store/vec4 v0xc02cbde00_0, 0, 32;
    %load/vec4 v0xc02cbde00_0;
    %cmpi/s 40, 0, 32;
    %flag_or 5, 4;
    %jmp/0xz  T_27.6, 5;
    %vpi_call/w 3 228 "$display", "ERR protocol tuser @ frame=%0d row=%0d col=%0d", v0xc02cbe260_0, v0xc02cbe300_0, v0xc02cbe1c0_0 {0 0 0};
T_27.6 ;
T_27.3 ;
    %load/vec4 v0xc02cbdfe0_0;
    %load/vec4 v0xc02cbe1c0_0;
    %pad/s 130;
    %pushi/vec4 127, 0, 130;
    %cmp/e;
    %flag_get/vec4 4;
    %cmp/ne;
    %jmp/0xz  T_27.8, 6;
    %load/vec4 v0xc02cbde00_0;
    %addi 1, 0, 32;
    %store/vec4 v0xc02cbde00_0, 0, 32;
    %load/vec4 v0xc02cbde00_0;
    %cmpi/s 40, 0, 32;
    %flag_or 5, 4;
    %jmp/0xz  T_27.10, 5;
    %vpi_call/w 3 233 "$display", "ERR protocol tlast @ frame=%0d row=%0d col=%0d", v0xc02cbe260_0, v0xc02cbe300_0, v0xc02cbe1c0_0 {0 0 0};
T_27.10 ;
T_27.8 ;
    %alloc S_0x101818ed0;
    %load/vec4 v0xc02cbe260_0;
    %load/vec4 v0xc02cbe300_0;
    %load/vec4 v0xc02cbe1c0_0;
    %store/vec4 v0xc02c91a40_0, 0, 32;
    %store/vec4 v0xc02c91ae0_0, 0, 32;
    %store/vec4 v0xc02c91cc0_0, 0, 32;
    %callf/vec4 TD_tb_sbm_alg3_quantize.g_out, S_0x101818ed0;
    %free S_0x101818ed0;
    %store/vec4 v0xc02cbdea0_0, 0, 8;
    %load/vec4 v0xc02cbdf40_0;
    %load/vec4 v0xc02cbdea0_0;
    %cmp/ne;
    %jmp/0xz  T_27.12, 6;
    %load/vec4 v0xc02cbde00_0;
    %addi 1, 0, 32;
    %store/vec4 v0xc02cbde00_0, 0, 32;
    %load/vec4 v0xc02cbde00_0;
    %cmpi/s 40, 0, 32;
    %flag_or 5, 4;
    %jmp/0xz  T_27.14, 5;
    %vpi_call/w 3 240 "$display", "ERR data @ frame=%0d row=%0d col=%0d: got=%b exp=%b", v0xc02cbe260_0, v0xc02cbe300_0, v0xc02cbe1c0_0, v0xc02cbdf40_0, v0xc02cbdea0_0 {0 0 0};
T_27.14 ;
T_27.12 ;
    %load/vec4 v0xc02cbe800_0;
    %addi 1, 0, 32;
    %store/vec4 v0xc02cbe800_0, 0, 32;
    %load/vec4 v0xc02cbe1c0_0;
    %pad/s 130;
    %cmpi/e 127, 0, 130;
    %jmp/0xz  T_27.16, 4;
    %pushi/vec4 0, 0, 32;
    %store/vec4 v0xc02cbe1c0_0, 0, 32;
    %load/vec4 v0xc02cbe300_0;
    %pad/s 130;
    %cmpi/e 127, 0, 130;
    %jmp/0xz  T_27.18, 4;
    %pushi/vec4 0, 0, 32;
    %store/vec4 v0xc02cbe300_0, 0, 32;
    %load/vec4 v0xc02cbe260_0;
    %addi 1, 0, 32;
    %store/vec4 v0xc02cbe260_0, 0, 32;
    %jmp T_27.19;
T_27.18 ;
    %load/vec4 v0xc02cbe300_0;
    %addi 1, 0, 32;
    %store/vec4 v0xc02cbe300_0, 0, 32;
T_27.19 ;
    %jmp T_27.17;
T_27.16 ;
    %load/vec4 v0xc02cbe1c0_0;
    %addi 1, 0, 32;
    %store/vec4 v0xc02cbe1c0_0, 0, 32;
T_27.17 ;
T_27.0 ;
    %jmp T_27;
    .thread T_27;
    .scope S_0x101825310;
T_28 ;
    %pushi/vec4 0, 0, 1;
    %store/vec4 v0xc02cbe3a0_0, 0, 1;
    %pushi/vec4 10, 0, 32;
T_28.0 %dup/vec4;
    %cmpi/s 0, 0, 32;
    %jmp/1xz T_28.1, 5;
    %jmp/1 T_28.1, 4;
    %subi 1, 0, 32;
    %wait E_0xc02ca5800;
    %jmp T_28.0;
T_28.1 ;
    %pop/vec4 1;
    %pushi/vec4 1, 0, 1;
    %store/vec4 v0xc02cbe3a0_0, 0, 1;
    %pushi/vec4 0, 0, 32;
    %store/vec4 v0xc02c923a0_0, 0, 32;
    %fork TD_tb_sbm_alg3_quantize.send_frame, S_0x10182e900;
    %join;
    %pushi/vec4 512, 0, 130;
T_28.2 %dup/vec4;
    %cmpi/s 0, 0, 130;
    %jmp/1xz T_28.3, 5;
    %jmp/1 T_28.3, 4;
    %subi 1, 0, 130;
    %wait E_0xc02ca5800;
    %jmp T_28.2;
T_28.3 ;
    %pop/vec4 1;
    %pushi/vec4 1, 0, 32;
    %store/vec4 v0xc02c923a0_0, 0, 32;
    %fork TD_tb_sbm_alg3_quantize.send_frame, S_0x10182e900;
    %join;
    %pushi/vec4 484, 0, 130;
T_28.4 %dup/vec4;
    %cmpi/s 0, 0, 130;
    %jmp/1xz T_28.5, 5;
    %jmp/1 T_28.5, 4;
    %subi 1, 0, 130;
    %wait E_0xc02ca5800;
    %jmp T_28.4;
T_28.5 ;
    %pop/vec4 1;
    %load/vec4 v0xc02cbe800_0;
    %pad/s 260;
    %cmpi/ne 32768, 0, 260;
    %jmp/0xz  T_28.6, 6;
    %vpi_call/w 3 273 "$display", "ERR output count: got=%0d exp=%0d", v0xc02cbe800_0, 260'sb00000000000000000000000000000000000000000000000000000000000000000000000000000000000000000000000000000000000000000000000000000000000000000000000000000000000000000000000000000000000000000000000000000000000000000000000000000000000000000000000000001000000000000000 {0 0 0};
    %load/vec4 v0xc02cbde00_0;
    %addi 1, 0, 32;
    %store/vec4 v0xc02cbde00_0, 0, 32;
T_28.6 ;
    %load/vec4 v0xc02cbde00_0;
    %cmpi/e 0, 0, 32;
    %flag_get/vec4 4;
    %jmp/0 T_28.10, 4;
    %load/vec4 v0xc02cbe800_0;
    %pad/s 260;
    %pushi/vec4 32768, 0, 260;
    %cmp/e;
    %flag_get/vec4 4;
    %and;
T_28.10;
    %flag_set/vec4 8;
    %jmp/0xz  T_28.8, 8;
    %vpi_call/w 3 277 "$display", "PASS: %0d pixels (quantized dir one-hot + protocol) matched", v0xc02cbe800_0 {0 0 0};
    %jmp T_28.9;
T_28.8 ;
    %vpi_call/w 3 279 "$display", "FAIL: err=%0d total=%0d (exp %0d)", v0xc02cbde00_0, v0xc02cbe800_0, 260'sb00000000000000000000000000000000000000000000000000000000000000000000000000000000000000000000000000000000000000000000000000000000000000000000000000000000000000000000000000000000000000000000000000000000000000000000000000000000000000000000000000001000000000000000 {0 0 0};
T_28.9 ;
    %vpi_call/w 3 280 "$finish" {0 0 0};
    %end;
    .thread T_28;
    .scope S_0x101825310;
T_29 ;
    %delay 2820130816, 4;
    %vpi_call/w 3 286 "$display", "FAIL: TIMEOUT (simulation watchdog)" {0 0 0};
    %vpi_call/w 3 287 "$finish" {0 0 0};
    %end;
    .thread T_29;
# The file index is used to find the file name in the following table.
:file_names 6;
    "N/A";
    "<interactive>";
    "-";
    "tb_sbm_alg3_quantize.v";
    "./sbm_alg3_quantize.v";
    "xpm_memory_sdpram_beh.v";
