#! /opt/homebrew/Cellar/icarus-verilog/13.0/bin/vvp
:ivl_version "13.0 (stable)" "(v13_0)";
:ivl_delay_selection "TYPICAL";
:vpi_time_precision - 12;
:vpi_module "/opt/homebrew/Cellar/icarus-verilog/13.0/lib/ivl/system.vpi";
:vpi_module "/opt/homebrew/Cellar/icarus-verilog/13.0/lib/ivl/vhdl_sys.vpi";
:vpi_module "/opt/homebrew/Cellar/icarus-verilog/13.0/lib/ivl/vhdl_textio.vpi";
:vpi_module "/opt/homebrew/Cellar/icarus-verilog/13.0/lib/ivl/v2005_math.vpi";
:vpi_module "/opt/homebrew/Cellar/icarus-verilog/13.0/lib/ivl/va_math.vpi";
:vpi_module "/opt/homebrew/Cellar/icarus-verilog/13.0/lib/ivl/v2009.vpi";
S_0x1032d02c0 .scope package, "$unit" "$unit" 2 1;
 .timescale 0 0;
S_0x1032cb420 .scope function.vec4.s16, "cordic_atan2_16" "cordic_atan2_16" 3 20, 3 20 0, S_0x1032d02c0;
 .timescale 0 0;
v0x8f90829e0 .array/s "atan", 15 0, 31 0;
; Variable cordic_atan2_16 is vec4 return value of scope S_0x1032cb420
v0x8f9082b20_0 .var/i "n", 31 0;
v0x8f9082bc0_0 .var/s "x", 31 0;
v0x8f9082c60_0 .var/s "xi", 31 0;
v0x8f9082d00_0 .var/s "xin", 15 0;
v0x8f9082da0_0 .var/s "y", 31 0;
v0x8f9082e40_0 .var/s "yi", 31 0;
v0x8f9080000_0 .var/s "yin", 15 0;
v0x8f9082f80_0 .var/s "z", 31 0;
TD_$unit.cordic_atan2_16 ;
    %pushi/vec4 8192, 0, 32;
    %ix/load 4, 0, 0;
    %flag_set/imm 4, 0;
    %store/vec4a v0x8f90829e0, 4, 0;
    %pushi/vec4 4836, 0, 32;
    %ix/load 4, 1, 0;
    %flag_set/imm 4, 0;
    %store/vec4a v0x8f90829e0, 4, 0;
    %pushi/vec4 2555, 0, 32;
    %ix/load 4, 2, 0;
    %flag_set/imm 4, 0;
    %store/vec4a v0x8f90829e0, 4, 0;
    %pushi/vec4 1297, 0, 32;
    %ix/load 4, 3, 0;
    %flag_set/imm 4, 0;
    %store/vec4a v0x8f90829e0, 4, 0;
    %pushi/vec4 651, 0, 32;
    %ix/load 4, 4, 0;
    %flag_set/imm 4, 0;
    %store/vec4a v0x8f90829e0, 4, 0;
    %pushi/vec4 326, 0, 32;
    %ix/load 4, 5, 0;
    %flag_set/imm 4, 0;
    %store/vec4a v0x8f90829e0, 4, 0;
    %pushi/vec4 163, 0, 32;
    %ix/load 4, 6, 0;
    %flag_set/imm 4, 0;
    %store/vec4a v0x8f90829e0, 4, 0;
    %pushi/vec4 81, 0, 32;
    %ix/load 4, 7, 0;
    %flag_set/imm 4, 0;
    %store/vec4a v0x8f90829e0, 4, 0;
    %pushi/vec4 41, 0, 32;
    %ix/load 4, 8, 0;
    %flag_set/imm 4, 0;
    %store/vec4a v0x8f90829e0, 4, 0;
    %pushi/vec4 20, 0, 32;
    %ix/load 4, 9, 0;
    %flag_set/imm 4, 0;
    %store/vec4a v0x8f90829e0, 4, 0;
    %pushi/vec4 10, 0, 32;
    %ix/load 4, 10, 0;
    %flag_set/imm 4, 0;
    %store/vec4a v0x8f90829e0, 4, 0;
    %pushi/vec4 5, 0, 32;
    %ix/load 4, 11, 0;
    %flag_set/imm 4, 0;
    %store/vec4a v0x8f90829e0, 4, 0;
    %pushi/vec4 3, 0, 32;
    %ix/load 4, 12, 0;
    %flag_set/imm 4, 0;
    %store/vec4a v0x8f90829e0, 4, 0;
    %pushi/vec4 1, 0, 32;
    %ix/load 4, 13, 0;
    %flag_set/imm 4, 0;
    %store/vec4a v0x8f90829e0, 4, 0;
    %pushi/vec4 1, 0, 32;
    %ix/load 4, 14, 0;
    %flag_set/imm 4, 0;
    %store/vec4a v0x8f90829e0, 4, 0;
    %pushi/vec4 0, 0, 32;
    %ix/load 4, 15, 0;
    %flag_set/imm 4, 0;
    %store/vec4a v0x8f90829e0, 4, 0;
    %load/vec4 v0x8f9082d00_0;
    %concati/vec4 0, 0, 16;
    %store/vec4 v0x8f9082bc0_0, 0, 32;
    %load/vec4 v0x8f9080000_0;
    %concati/vec4 0, 0, 16;
    %store/vec4 v0x8f9082da0_0, 0, 32;
    %pushi/vec4 0, 0, 32;
    %store/vec4 v0x8f9082f80_0, 0, 32;
    %pushi/vec4 0, 0, 32;
    %store/vec4 v0x8f9082b20_0, 0, 32;
T_0.0 ; Top of for-loop
    %load/vec4 v0x8f9082b20_0;
    %cmpi/s 16, 0, 32;
	  %jmp/0xz T_0.1, 5;
    %load/vec4 v0x8f9082da0_0;
    %cmpi/s 0, 0, 32;
    %flag_inv 5; GE is !LT
    %jmp/0xz  T_0.3, 5;
    %load/vec4 v0x8f9082bc0_0;
    %load/vec4 v0x8f9082da0_0;
    %load/vec4 v0x8f9082b20_0;
    %ix/vec4 4;
    %shiftr/s 4;
    %add;
    %store/vec4 v0x8f9082c60_0, 0, 32;
    %load/vec4 v0x8f9082da0_0;
    %load/vec4 v0x8f9082bc0_0;
    %load/vec4 v0x8f9082b20_0;
    %ix/vec4 4;
    %shiftr/s 4;
    %sub;
    %store/vec4 v0x8f9082e40_0, 0, 32;
    %load/vec4 v0x8f9082f80_0;
    %ix/getv/s 4, v0x8f9082b20_0;
    %load/vec4a v0x8f90829e0, 4;
    %sub;
    %store/vec4 v0x8f9082f80_0, 0, 32;
    %jmp T_0.4;
T_0.3 ;
    %load/vec4 v0x8f9082bc0_0;
    %load/vec4 v0x8f9082da0_0;
    %load/vec4 v0x8f9082b20_0;
    %ix/vec4 4;
    %shiftr/s 4;
    %sub;
    %store/vec4 v0x8f9082c60_0, 0, 32;
    %load/vec4 v0x8f9082da0_0;
    %load/vec4 v0x8f9082bc0_0;
    %load/vec4 v0x8f9082b20_0;
    %ix/vec4 4;
    %shiftr/s 4;
    %add;
    %store/vec4 v0x8f9082e40_0, 0, 32;
    %load/vec4 v0x8f9082f80_0;
    %ix/getv/s 4, v0x8f9082b20_0;
    %load/vec4a v0x8f90829e0, 4;
    %add;
    %store/vec4 v0x8f9082f80_0, 0, 32;
T_0.4 ;
    %load/vec4 v0x8f9082c60_0;
    %store/vec4 v0x8f9082bc0_0, 0, 32;
    %load/vec4 v0x8f9082e40_0;
    %store/vec4 v0x8f9082da0_0, 0, 32;
T_0.2 ; for-loop step statement
    %load/vec4 v0x8f9082b20_0;
    %addi 1, 0, 32;
    %store/vec4 v0x8f9082b20_0, 0, 32;
    %jmp T_0.0;
T_0.1 ; for-loop exit label
    %load/vec4 v0x8f9082f80_0;
    %parti/s 16, 0, 2;
    %ret/vec4 0, 0, 16;  Assign to cordic_atan2_16 (store_vec4_to_lval)
    %end;
S_0x1032cb2a0 .scope module, "tb_sbm_alg2_sobel" "tb_sbm_alg2_sobel" 4 47;
 .timescale -9 -12;
P_0x8f9096580 .param/l "DLAT" 1 4 194, +C4<00000000000000000000000000010101>;
P_0x8f90965c0 .param/l "IMG_H" 0 4 50, +C4<0000000000000000000000000000000000000000000000000000000000000000000000000000000000000000000000000000000000000000000000000010000000>;
P_0x8f9096600 .param/l "IMG_W" 0 4 49, +C4<0000000000000000000000000000000000000000000000000000000000000000000000000000000000000000000000000000000000000000000000000010000000>;
P_0x8f9096640 .param/l "NFRAMES" 0 4 51, +C4<00000000000000000000000000000010>;
P_0x8f9096680 .param/l "NPX" 1 4 52, +C4<00000000000000000000000000000000000000000000000000000000000000000000000000000000000000000000000000000000000000000000000000000000000000000000000000000000000000000000000000000000000000000000000000000000000000000000000000000000000000000000000000000100000000000000>;
v0x8f90de9e0_0 .var "base", 15 0;
v0x8f90dea80_0 .var "clk", 0 0;
v0x8f90deb20_0 .var/i "dli", 31 0;
v0x8f90debc0 .array/s "dx_dly", 20 0, 11 0;
v0x8f90dec60 .array/s "dy_dly", 20 0, 11 0;
v0x8f90ded00_0 .var/i "err", 31 0;
v0x8f90deda0_0 .var "exp_ang", 15 0;
v0x8f90dee40_0 .var/i "exp_dx", 31 0;
v0x8f90deee0_0 .var/i "exp_dy", 31 0;
v0x8f90def80_0 .var/i "exp_mag2", 31 0;
v0x8f90df020 .array "img", 32767 0, 7 0;
v0x8f90df0c0_0 .var/i "k", 31 0;
v0x8f90df160_0 .var/i "kc", 31 0;
v0x8f90df200_0 .var/i "kr", 31 0;
v0x8f90df2a0_0 .var "lcg_state", 31 0;
v0x8f90df340_0 .var "lv", 31 0;
v0x8f90df3e0_0 .net "m_axis_angle", 15 0, L_0x8f8c13e20;  1 drivers
v0x8f90df480_0 .net "m_axis_mag2", 21 0, L_0x8f8c13db0;  1 drivers
v0x8f90df520_0 .net "m_axis_tlast", 0 0, L_0x8f9059a40;  1 drivers
v0x8f90df5c0_0 .net "m_axis_tuser", 0 0, L_0x8f90599d0;  1 drivers
v0x8f90df660_0 .net "m_axis_tvalid", 0 0, L_0x8f8c13d40;  1 drivers
v0x8f90df700_0 .var/i "m_col", 31 0;
v0x8f90df7a0_0 .var/i "m_frame", 31 0;
v0x8f90df840_0 .var/i "m_row", 31 0;
v0x8f90df8e0_0 .var "rst_n", 0 0;
v0x8f90df980_0 .var "s_axis_tdata", 7 0;
v0x8f90dfa20_0 .var "s_axis_tlast", 0 0;
v0x8f90dfac0_0 .net "s_axis_tready", 0 0, L_0x8f8cb5a40;  1 drivers
v0x8f90dfb60_0 .var "s_axis_tuser", 0 0;
v0x8f90dfc00_0 .var "s_axis_tvalid", 0 0;
v0x8f90dfca0_0 .var/i "total", 31 0;
S_0x1032c8190 .scope function.vec4.u32, "clampi" "clampi" 4 112, 4 112 0, S_0x1032cb2a0;
 .timescale -9 -12;
; Variable clampi is vec4 return value of scope S_0x1032c8190
v0x8f90830c0_0 .var/i "hi", 31 0;
v0x8f9083160_0 .var/i "lo", 31 0;
v0x8f9083200_0 .var/i "v", 31 0;
TD_tb_sbm_alg2_sobel.clampi ;
    %load/vec4 v0x8f9083200_0;
    %load/vec4 v0x8f9083160_0;
    %cmp/s;
    %jmp/0xz  T_1.5, 5;
    %load/vec4 v0x8f9083160_0;
    %ret/vec4 0, 0, 32;  Assign to clampi (store_vec4_to_lval)
    %jmp T_1.6;
T_1.5 ;
    %load/vec4 v0x8f90830c0_0;
    %load/vec4 v0x8f9083200_0;
    %cmp/s;
    %jmp/0xz  T_1.7, 5;
    %load/vec4 v0x8f90830c0_0;
    %ret/vec4 0, 0, 32;  Assign to clampi (store_vec4_to_lval)
    %jmp T_1.8;
T_1.7 ;
    %load/vec4 v0x8f9083200_0;
    %ret/vec4 0, 0, 32;  Assign to clampi (store_vec4_to_lval)
T_1.8 ;
T_1.6 ;
    %end;
S_0x1032c8310 .scope function.vec4.u32, "g_dx" "g_dx" 4 126, 4 126 0, S_0x1032cb2a0;
 .timescale -9 -12;
v0x8f90832a0_0 .var/i "c", 31 0;
v0x8f9083340_0 .var/i "cc", 31 0;
v0x8f90833e0_0 .var/i "cr", 31 0;
v0x8f9083480_0 .var/i "f", 31 0;
; Variable g_dx is vec4 return value of scope S_0x1032c8310
v0x8f90835c0_0 .var/i "r", 31 0;
v0x8f9083660_0 .var/i "xn", 31 0;
v0x8f9083700_0 .var/i "xp", 31 0;
TD_tb_sbm_alg2_sobel.g_dx ;
    %load/vec4 v0x8f90835c0_0;
    %store/vec4 v0x8f90833e0_0, 0, 32;
    %load/vec4 v0x8f90832a0_0;
    %store/vec4 v0x8f9083340_0, 0, 32;
    %load/vec4 v0x8f9083480_0;
    %load/vec4 v0x8f90833e0_0;
    %subi 1, 0, 32;
    %pushi/vec4 0, 0, 32;
    %pushi/vec4 127, 0, 32;
    %store/vec4 v0x8f90830c0_0, 0, 32;
    %store/vec4 v0x8f9083160_0, 0, 32;
    %store/vec4 v0x8f9083200_0, 0, 32;
    %callf/vec4 TD_tb_sbm_alg2_sobel.clampi, S_0x1032c8190;
    %load/vec4 v0x8f9083340_0;
    %addi 1, 0, 32;
    %pushi/vec4 0, 0, 32;
    %pushi/vec4 127, 0, 32;
    %store/vec4 v0x8f90830c0_0, 0, 32;
    %store/vec4 v0x8f9083160_0, 0, 32;
    %store/vec4 v0x8f9083200_0, 0, 32;
    %callf/vec4 TD_tb_sbm_alg2_sobel.clampi, S_0x1032c8190;
    %store/vec4 v0x8f9083d40_0, 0, 32;
    %store/vec4 v0x8f9083f20_0, 0, 32;
    %store/vec4 v0x8f9083de0_0, 0, 32;
    %callf/vec4 TD_tb_sbm_alg2_sobel.pidx, S_0x8f8d00000;
    %ix/vec4/s 4;
    %load/vec4a v0x8f90df020, 4;
    %pad/u 32;
    %load/vec4 v0x8f9083480_0;
    %load/vec4 v0x8f90833e0_0;
    %load/vec4 v0x8f9083340_0;
    %addi 1, 0, 32;
    %pushi/vec4 0, 0, 32;
    %pushi/vec4 127, 0, 32;
    %store/vec4 v0x8f90830c0_0, 0, 32;
    %store/vec4 v0x8f9083160_0, 0, 32;
    %store/vec4 v0x8f9083200_0, 0, 32;
    %callf/vec4 TD_tb_sbm_alg2_sobel.clampi, S_0x1032c8190;
    %store/vec4 v0x8f9083d40_0, 0, 32;
    %store/vec4 v0x8f9083f20_0, 0, 32;
    %store/vec4 v0x8f9083de0_0, 0, 32;
    %callf/vec4 TD_tb_sbm_alg2_sobel.pidx, S_0x8f8d00000;
    %ix/vec4/s 4;
    %load/vec4a v0x8f90df020, 4;
    %pad/u 32;
    %muli 2, 0, 32;
    %add;
    %load/vec4 v0x8f9083480_0;
    %load/vec4 v0x8f90833e0_0;
    %addi 1, 0, 32;
    %pushi/vec4 0, 0, 32;
    %pushi/vec4 127, 0, 32;
    %store/vec4 v0x8f90830c0_0, 0, 32;
    %store/vec4 v0x8f9083160_0, 0, 32;
    %store/vec4 v0x8f9083200_0, 0, 32;
    %callf/vec4 TD_tb_sbm_alg2_sobel.clampi, S_0x1032c8190;
    %load/vec4 v0x8f9083340_0;
    %addi 1, 0, 32;
    %pushi/vec4 0, 0, 32;
    %pushi/vec4 127, 0, 32;
    %store/vec4 v0x8f90830c0_0, 0, 32;
    %store/vec4 v0x8f9083160_0, 0, 32;
    %store/vec4 v0x8f9083200_0, 0, 32;
    %callf/vec4 TD_tb_sbm_alg2_sobel.clampi, S_0x1032c8190;
    %store/vec4 v0x8f9083d40_0, 0, 32;
    %store/vec4 v0x8f9083f20_0, 0, 32;
    %store/vec4 v0x8f9083de0_0, 0, 32;
    %callf/vec4 TD_tb_sbm_alg2_sobel.pidx, S_0x8f8d00000;
    %ix/vec4/s 4;
    %load/vec4a v0x8f90df020, 4;
    %pad/u 32;
    %add;
    %store/vec4 v0x8f9083700_0, 0, 32;
    %load/vec4 v0x8f9083480_0;
    %load/vec4 v0x8f90833e0_0;
    %subi 1, 0, 32;
    %pushi/vec4 0, 0, 32;
    %pushi/vec4 127, 0, 32;
    %store/vec4 v0x8f90830c0_0, 0, 32;
    %store/vec4 v0x8f9083160_0, 0, 32;
    %store/vec4 v0x8f9083200_0, 0, 32;
    %callf/vec4 TD_tb_sbm_alg2_sobel.clampi, S_0x1032c8190;
    %load/vec4 v0x8f9083340_0;
    %subi 1, 0, 32;
    %pushi/vec4 0, 0, 32;
    %pushi/vec4 127, 0, 32;
    %store/vec4 v0x8f90830c0_0, 0, 32;
    %store/vec4 v0x8f9083160_0, 0, 32;
    %store/vec4 v0x8f9083200_0, 0, 32;
    %callf/vec4 TD_tb_sbm_alg2_sobel.clampi, S_0x1032c8190;
    %store/vec4 v0x8f9083d40_0, 0, 32;
    %store/vec4 v0x8f9083f20_0, 0, 32;
    %store/vec4 v0x8f9083de0_0, 0, 32;
    %callf/vec4 TD_tb_sbm_alg2_sobel.pidx, S_0x8f8d00000;
    %ix/vec4/s 4;
    %load/vec4a v0x8f90df020, 4;
    %pad/u 32;
    %load/vec4 v0x8f9083480_0;
    %load/vec4 v0x8f90833e0_0;
    %load/vec4 v0x8f9083340_0;
    %subi 1, 0, 32;
    %pushi/vec4 0, 0, 32;
    %pushi/vec4 127, 0, 32;
    %store/vec4 v0x8f90830c0_0, 0, 32;
    %store/vec4 v0x8f9083160_0, 0, 32;
    %store/vec4 v0x8f9083200_0, 0, 32;
    %callf/vec4 TD_tb_sbm_alg2_sobel.clampi, S_0x1032c8190;
    %store/vec4 v0x8f9083d40_0, 0, 32;
    %store/vec4 v0x8f9083f20_0, 0, 32;
    %store/vec4 v0x8f9083de0_0, 0, 32;
    %callf/vec4 TD_tb_sbm_alg2_sobel.pidx, S_0x8f8d00000;
    %ix/vec4/s 4;
    %load/vec4a v0x8f90df020, 4;
    %pad/u 32;
    %muli 2, 0, 32;
    %add;
    %load/vec4 v0x8f9083480_0;
    %load/vec4 v0x8f90833e0_0;
    %addi 1, 0, 32;
    %pushi/vec4 0, 0, 32;
    %pushi/vec4 127, 0, 32;
    %store/vec4 v0x8f90830c0_0, 0, 32;
    %store/vec4 v0x8f9083160_0, 0, 32;
    %store/vec4 v0x8f9083200_0, 0, 32;
    %callf/vec4 TD_tb_sbm_alg2_sobel.clampi, S_0x1032c8190;
    %load/vec4 v0x8f9083340_0;
    %subi 1, 0, 32;
    %pushi/vec4 0, 0, 32;
    %pushi/vec4 127, 0, 32;
    %store/vec4 v0x8f90830c0_0, 0, 32;
    %store/vec4 v0x8f9083160_0, 0, 32;
    %store/vec4 v0x8f9083200_0, 0, 32;
    %callf/vec4 TD_tb_sbm_alg2_sobel.clampi, S_0x1032c8190;
    %store/vec4 v0x8f9083d40_0, 0, 32;
    %store/vec4 v0x8f9083f20_0, 0, 32;
    %store/vec4 v0x8f9083de0_0, 0, 32;
    %callf/vec4 TD_tb_sbm_alg2_sobel.pidx, S_0x8f8d00000;
    %ix/vec4/s 4;
    %load/vec4a v0x8f90df020, 4;
    %pad/u 32;
    %add;
    %store/vec4 v0x8f9083660_0, 0, 32;
    %load/vec4 v0x8f9083700_0;
    %load/vec4 v0x8f9083660_0;
    %sub;
    %ret/vec4 0, 0, 32;  Assign to g_dx (store_vec4_to_lval)
    %end;
S_0x1032c0e10 .scope function.vec4.u32, "g_dy" "g_dy" 4 140, 4 140 0, S_0x1032cb2a0;
 .timescale -9 -12;
v0x8f90837a0_0 .var/i "c", 31 0;
v0x8f9083840_0 .var/i "cc", 31 0;
v0x8f90838e0_0 .var/i "cr", 31 0;
v0x8f9083980_0 .var/i "f", 31 0;
; Variable g_dy is vec4 return value of scope S_0x1032c0e10
v0x8f9083ac0_0 .var/i "r", 31 0;
v0x8f9083b60_0 .var/i "yn", 31 0;
v0x8f9083c00_0 .var/i "yp", 31 0;
TD_tb_sbm_alg2_sobel.g_dy ;
    %load/vec4 v0x8f9083ac0_0;
    %store/vec4 v0x8f90838e0_0, 0, 32;
    %load/vec4 v0x8f90837a0_0;
    %store/vec4 v0x8f9083840_0, 0, 32;
    %load/vec4 v0x8f9083980_0;
    %load/vec4 v0x8f90838e0_0;
    %addi 1, 0, 32;
    %pushi/vec4 0, 0, 32;
    %pushi/vec4 127, 0, 32;
    %store/vec4 v0x8f90830c0_0, 0, 32;
    %store/vec4 v0x8f9083160_0, 0, 32;
    %store/vec4 v0x8f9083200_0, 0, 32;
    %callf/vec4 TD_tb_sbm_alg2_sobel.clampi, S_0x1032c8190;
    %load/vec4 v0x8f9083840_0;
    %subi 1, 0, 32;
    %pushi/vec4 0, 0, 32;
    %pushi/vec4 127, 0, 32;
    %store/vec4 v0x8f90830c0_0, 0, 32;
    %store/vec4 v0x8f9083160_0, 0, 32;
    %store/vec4 v0x8f9083200_0, 0, 32;
    %callf/vec4 TD_tb_sbm_alg2_sobel.clampi, S_0x1032c8190;
    %store/vec4 v0x8f9083d40_0, 0, 32;
    %store/vec4 v0x8f9083f20_0, 0, 32;
    %store/vec4 v0x8f9083de0_0, 0, 32;
    %callf/vec4 TD_tb_sbm_alg2_sobel.pidx, S_0x8f8d00000;
    %ix/vec4/s 4;
    %load/vec4a v0x8f90df020, 4;
    %pad/u 32;
    %load/vec4 v0x8f9083980_0;
    %load/vec4 v0x8f90838e0_0;
    %addi 1, 0, 32;
    %pushi/vec4 0, 0, 32;
    %pushi/vec4 127, 0, 32;
    %store/vec4 v0x8f90830c0_0, 0, 32;
    %store/vec4 v0x8f9083160_0, 0, 32;
    %store/vec4 v0x8f9083200_0, 0, 32;
    %callf/vec4 TD_tb_sbm_alg2_sobel.clampi, S_0x1032c8190;
    %load/vec4 v0x8f9083840_0;
    %store/vec4 v0x8f9083d40_0, 0, 32;
    %store/vec4 v0x8f9083f20_0, 0, 32;
    %store/vec4 v0x8f9083de0_0, 0, 32;
    %callf/vec4 TD_tb_sbm_alg2_sobel.pidx, S_0x8f8d00000;
    %ix/vec4/s 4;
    %load/vec4a v0x8f90df020, 4;
    %pad/u 32;
    %muli 2, 0, 32;
    %add;
    %load/vec4 v0x8f9083980_0;
    %load/vec4 v0x8f90838e0_0;
    %addi 1, 0, 32;
    %pushi/vec4 0, 0, 32;
    %pushi/vec4 127, 0, 32;
    %store/vec4 v0x8f90830c0_0, 0, 32;
    %store/vec4 v0x8f9083160_0, 0, 32;
    %store/vec4 v0x8f9083200_0, 0, 32;
    %callf/vec4 TD_tb_sbm_alg2_sobel.clampi, S_0x1032c8190;
    %load/vec4 v0x8f9083840_0;
    %addi 1, 0, 32;
    %pushi/vec4 0, 0, 32;
    %pushi/vec4 127, 0, 32;
    %store/vec4 v0x8f90830c0_0, 0, 32;
    %store/vec4 v0x8f9083160_0, 0, 32;
    %store/vec4 v0x8f9083200_0, 0, 32;
    %callf/vec4 TD_tb_sbm_alg2_sobel.clampi, S_0x1032c8190;
    %store/vec4 v0x8f9083d40_0, 0, 32;
    %store/vec4 v0x8f9083f20_0, 0, 32;
    %store/vec4 v0x8f9083de0_0, 0, 32;
    %callf/vec4 TD_tb_sbm_alg2_sobel.pidx, S_0x8f8d00000;
    %ix/vec4/s 4;
    %load/vec4a v0x8f90df020, 4;
    %pad/u 32;
    %add;
    %store/vec4 v0x8f9083c00_0, 0, 32;
    %load/vec4 v0x8f9083980_0;
    %load/vec4 v0x8f90838e0_0;
    %subi 1, 0, 32;
    %pushi/vec4 0, 0, 32;
    %pushi/vec4 127, 0, 32;
    %store/vec4 v0x8f90830c0_0, 0, 32;
    %store/vec4 v0x8f9083160_0, 0, 32;
    %store/vec4 v0x8f9083200_0, 0, 32;
    %callf/vec4 TD_tb_sbm_alg2_sobel.clampi, S_0x1032c8190;
    %load/vec4 v0x8f9083840_0;
    %subi 1, 0, 32;
    %pushi/vec4 0, 0, 32;
    %pushi/vec4 127, 0, 32;
    %store/vec4 v0x8f90830c0_0, 0, 32;
    %store/vec4 v0x8f9083160_0, 0, 32;
    %store/vec4 v0x8f9083200_0, 0, 32;
    %callf/vec4 TD_tb_sbm_alg2_sobel.clampi, S_0x1032c8190;
    %store/vec4 v0x8f9083d40_0, 0, 32;
    %store/vec4 v0x8f9083f20_0, 0, 32;
    %store/vec4 v0x8f9083de0_0, 0, 32;
    %callf/vec4 TD_tb_sbm_alg2_sobel.pidx, S_0x8f8d00000;
    %ix/vec4/s 4;
    %load/vec4a v0x8f90df020, 4;
    %pad/u 32;
    %load/vec4 v0x8f9083980_0;
    %load/vec4 v0x8f90838e0_0;
    %subi 1, 0, 32;
    %pushi/vec4 0, 0, 32;
    %pushi/vec4 127, 0, 32;
    %store/vec4 v0x8f90830c0_0, 0, 32;
    %store/vec4 v0x8f9083160_0, 0, 32;
    %store/vec4 v0x8f9083200_0, 0, 32;
    %callf/vec4 TD_tb_sbm_alg2_sobel.clampi, S_0x1032c8190;
    %load/vec4 v0x8f9083840_0;
    %store/vec4 v0x8f9083d40_0, 0, 32;
    %store/vec4 v0x8f9083f20_0, 0, 32;
    %store/vec4 v0x8f9083de0_0, 0, 32;
    %callf/vec4 TD_tb_sbm_alg2_sobel.pidx, S_0x8f8d00000;
    %ix/vec4/s 4;
    %load/vec4a v0x8f90df020, 4;
    %pad/u 32;
    %muli 2, 0, 32;
    %add;
    %load/vec4 v0x8f9083980_0;
    %load/vec4 v0x8f90838e0_0;
    %subi 1, 0, 32;
    %pushi/vec4 0, 0, 32;
    %pushi/vec4 127, 0, 32;
    %store/vec4 v0x8f90830c0_0, 0, 32;
    %store/vec4 v0x8f9083160_0, 0, 32;
    %store/vec4 v0x8f9083200_0, 0, 32;
    %callf/vec4 TD_tb_sbm_alg2_sobel.clampi, S_0x1032c8190;
    %load/vec4 v0x8f9083840_0;
    %addi 1, 0, 32;
    %pushi/vec4 0, 0, 32;
    %pushi/vec4 127, 0, 32;
    %store/vec4 v0x8f90830c0_0, 0, 32;
    %store/vec4 v0x8f9083160_0, 0, 32;
    %store/vec4 v0x8f9083200_0, 0, 32;
    %callf/vec4 TD_tb_sbm_alg2_sobel.clampi, S_0x1032c8190;
    %store/vec4 v0x8f9083d40_0, 0, 32;
    %store/vec4 v0x8f9083f20_0, 0, 32;
    %store/vec4 v0x8f9083de0_0, 0, 32;
    %callf/vec4 TD_tb_sbm_alg2_sobel.pidx, S_0x8f8d00000;
    %ix/vec4/s 4;
    %load/vec4a v0x8f90df020, 4;
    %pad/u 32;
    %add;
    %store/vec4 v0x8f9083b60_0, 0, 32;
    %load/vec4 v0x8f9083c00_0;
    %load/vec4 v0x8f9083b60_0;
    %sub;
    %ret/vec4 0, 0, 32;  Assign to g_dy (store_vec4_to_lval)
    %end;
S_0x1032c0f90 .scope function.vec4.s32, "lcg_next" "lcg_next" 4 82, 4 82 0, S_0x1032cb2a0;
 .timescale -9 -12;
; Variable lcg_next is vec4 return value of scope S_0x1032c0f90
TD_tb_sbm_alg2_sobel.lcg_next ;
    %load/vec4 v0x8f90df2a0_0;
    %muli 1664525, 0, 32;
    %addi 1013904223, 0, 32;
    %store/vec4 v0x8f90df2a0_0, 0, 32;
    %load/vec4 v0x8f90df2a0_0;
    %ret/vec4 0, 0, 32;  Assign to lcg_next (store_vec4_to_lval)
    %end;
S_0x8f8d00000 .scope function.vec4.u32, "pidx" "pidx" 4 120, 4 120 0, S_0x1032cb2a0;
 .timescale -9 -12;
v0x8f9083d40_0 .var/i "c", 31 0;
v0x8f9083de0_0 .var/i "f", 31 0;
; Variable pidx is vec4 return value of scope S_0x8f8d00000
v0x8f9083f20_0 .var/i "r", 31 0;
TD_tb_sbm_alg2_sobel.pidx ;
    %load/vec4 v0x8f9083de0_0;
    %pad/s 130;
    %muli 128, 0, 130;
    %load/vec4 v0x8f9083f20_0;
    %pad/s 130;
    %add;
    %muli 128, 0, 130;
    %load/vec4 v0x8f9083d40_0;
    %pad/s 130;
    %add;
    %pad/s 32;
    %ret/vec4 0, 0, 32;  Assign to pidx (store_vec4_to_lval)
    %end;
S_0x8f8d00180 .scope task, "send_frame" "send_frame" 4 158, 4 158 0, S_0x1032cb2a0;
 .timescale -9 -12;
v0x8f90d0000_0 .var/i "c", 31 0;
v0x8f90d00a0_0 .var/i "f", 31 0;
v0x8f90d0140_0 .var/i "r", 31 0;
E_0x8f8ce6b40 .event posedge, v0x8f90d0460_0;
E_0x8f8ce6b80 .event negedge, v0x8f90d0460_0;
TD_tb_sbm_alg2_sobel.send_frame ;
    %pushi/vec4 0, 0, 32;
    %store/vec4 v0x8f90d0140_0, 0, 32;
T_6.9 ; Top of for-loop
    %load/vec4 v0x8f90d0140_0;
    %pad/s 130;
    %cmpi/s 128, 0, 130;
	  %jmp/0xz T_6.10, 5;
    %pushi/vec4 0, 0, 32;
    %store/vec4 v0x8f90d0000_0, 0, 32;
T_6.12 ; Top of for-loop
    %load/vec4 v0x8f90d0000_0;
    %pad/s 130;
    %cmpi/s 128, 0, 130;
	  %jmp/0xz T_6.13, 5;
    %wait E_0x8f8ce6b80;
    %load/vec4 v0x8f90d00a0_0;
    %load/vec4 v0x8f90d0140_0;
    %load/vec4 v0x8f90d0000_0;
    %store/vec4 v0x8f9083d40_0, 0, 32;
    %store/vec4 v0x8f9083f20_0, 0, 32;
    %store/vec4 v0x8f9083de0_0, 0, 32;
    %callf/vec4 TD_tb_sbm_alg2_sobel.pidx, S_0x8f8d00000;
    %ix/vec4/s 4;
    %load/vec4a v0x8f90df020, 4;
    %assign/vec4 v0x8f90df980_0, 0;
    %load/vec4 v0x8f90d0140_0;
    %cmpi/e 0, 0, 32;
    %flag_get/vec4 4;
    %jmp/0 T_6.15, 4;
    %load/vec4 v0x8f90d0000_0;
    %pushi/vec4 0, 0, 32;
    %cmp/e;
    %flag_get/vec4 4;
    %and;
T_6.15;
    %assign/vec4 v0x8f90dfb60_0, 0;
    %load/vec4 v0x8f90d0140_0;
    %pad/s 130;
    %cmpi/e 127, 0, 130;
    %flag_get/vec4 4;
    %jmp/0 T_6.16, 4;
    %load/vec4 v0x8f90d0000_0;
    %pad/s 130;
    %pushi/vec4 127, 0, 130;
    %cmp/e;
    %flag_get/vec4 4;
    %and;
T_6.16;
    %assign/vec4 v0x8f90dfa20_0, 0;
    %pushi/vec4 1, 0, 1;
    %assign/vec4 v0x8f90dfc00_0, 0;
T_6.17 ;
    %wait E_0x8f8ce6b40;
T_6.18 ;
    %load/vec4 v0x8f90dfac0_0;
    %nor/r;
    %flag_set/vec4 8;
    %jmp/1 T_6.17, 8;
T_6.19 ;
T_6.14 ; for-loop step statement
    %load/vec4 v0x8f90d0000_0;
    %addi 1, 0, 32;
    %store/vec4 v0x8f90d0000_0, 0, 32;
    %jmp T_6.12;
T_6.13 ; for-loop exit label
    %wait E_0x8f8ce6b80;
    %pushi/vec4 0, 0, 1;
    %assign/vec4 v0x8f90dfc00_0, 0;
    %pushi/vec4 0, 0, 1;
    %assign/vec4 v0x8f90dfb60_0, 0;
    %pushi/vec4 0, 0, 1;
    %assign/vec4 v0x8f90dfa20_0, 0;
    %pushi/vec4 3, 0, 32;
T_6.20 %dup/vec4;
    %cmpi/s 0, 0, 32;
    %jmp/1xz T_6.21, 5;
    %jmp/1 T_6.21, 4;
    %subi 1, 0, 32;
    %wait E_0x8f8ce6b40;
    %jmp T_6.20;
T_6.21 ;
    %pop/vec4 1;
T_6.11 ; for-loop step statement
    %load/vec4 v0x8f90d0140_0;
    %addi 1, 0, 32;
    %store/vec4 v0x8f90d0140_0, 0, 32;
    %jmp T_6.9;
T_6.10 ; for-loop exit label
    %end;
S_0x8f8d00300 .scope module, "u_dut" "sbm_alg2_sobel" 4 66, 5 42 0, S_0x1032cb2a0;
 .timescale -9 -12;
    .port_info 0 /INPUT 1 "clk";
    .port_info 1 /INPUT 1 "rst_n";
    .port_info 2 /INPUT 1 "s_axis_tvalid";
    .port_info 3 /OUTPUT 1 "s_axis_tready";
    .port_info 4 /INPUT 8 "s_axis_tdata";
    .port_info 5 /INPUT 1 "s_axis_tuser";
    .port_info 6 /INPUT 1 "s_axis_tlast";
    .port_info 7 /OUTPUT 1 "m_axis_tvalid";
    .port_info 8 /INPUT 1 "m_axis_tready";
    .port_info 9 /OUTPUT 22 "m_axis_mag2";
    .port_info 10 /OUTPUT 16 "m_axis_angle";
    .port_info 11 /OUTPUT 1 "m_axis_tuser";
    .port_info 12 /OUTPUT 1 "m_axis_tlast";
P_0x1032d0440 .param/l "CORDIC_IP_LATENCY" 0 5 45, +C4<00000000000000000000000000010101>;
P_0x1032d0480 .param/l "CORDIC_LAT" 1 5 331, +C4<000000000000000000000000000010100>;
P_0x1032d04c0 .param/l "IMG_H" 0 5 44, +C4<0000000000000000000000000000000000000000000000000000000000000000000000000000000000000000000000000000000000000000000000000010000000>;
P_0x1032d0500 .param/l "IMG_W" 0 5 43, +C4<0000000000000000000000000000000000000000000000000000000000000000000000000000000000000000000000000000000000000000000000000010000000>;
L_0x8f9058b60 .functor AND 1, v0x8f90dfc00_0, L_0x8f8cb5a40, C4<1>, C4<1>;
L_0x8f9058bd0 .functor OR 1, v0x8f90dc6e0_0, v0x8f90dfb60_0, C4<0>, C4<0>;
L_0x8f9058c40 .functor AND 1, L_0x8f9058b60, L_0x8f9058bd0, C4<1>, C4<1>;
L_0x8f9058cb0 .functor OR 1, L_0x8f9058c40, L_0x8f8cb5ae0, C4<0>, C4<0>;
L_0x8f9058d20 .functor OR 1, L_0x8f9058cb0, v0x8f90d7520_0, C4<0>, C4<0>;
L_0x8f9058d90 .functor AND 1, v0x8f90d7520_0, L_0x8f8cb54a0, C4<1>, C4<1>;
L_0x8f9058e00 .functor OR 1, L_0x8f8cb5cc0, L_0x8f9058d90, C4<0>, C4<0>;
L_0x8f9058e70 .functor AND 1, L_0x8f9058d20, L_0x8f90dfde0, C4<1>, C4<1>;
L_0x8f9058ee0 .functor AND 1, L_0x8f9058e70, L_0x8f90dfe80, C4<1>, C4<1>;
L_0x8f8878298 .functor BUFT 1, C4<0>, C4<0>, C4<0>, C4<0>;
L_0x8f9058f50 .functor XNOR 1, L_0x8f90dff20, L_0x8f8878298, C4<0>, C4<0>;
L_0x8f9058fc0 .functor OR 1, L_0x8f8cb5c20, L_0x8f9058f50, C4<0>, C4<0>;
L_0x8f9059030 .functor AND 1, L_0x8f9058ee0, L_0x8f9058fc0, C4<1>, C4<1>;
L_0x8f90590a0 .functor AND 1, L_0x8f9058d20, L_0x8f90e4000, C4<1>, C4<1>;
L_0x8f9059110 .functor AND 1, L_0x8f90590a0, L_0x8f90e40a0, C4<1>, C4<1>;
L_0x8f88782e0 .functor BUFT 1, C4<1>, C4<0>, C4<0>, C4<0>;
L_0x8f9059180 .functor XNOR 1, L_0x8f90e4140, L_0x8f88782e0, C4<0>, C4<0>;
L_0x8f90591f0 .functor OR 1, L_0x8f8cb5c20, L_0x8f9059180, C4<0>, C4<0>;
L_0x8f9059260 .functor AND 1, L_0x8f9059110, L_0x8f90591f0, C4<1>, C4<1>;
L_0x8f9059490 .functor AND 1, v0x8f90d7520_0, L_0x8f90e41e0, C4<1>, C4<1>;
L_0x8f9059500 .functor AND 1, L_0x8f9059490, L_0x8f8cb5680, C4<1>, C4<1>;
L_0x8f88785b0 .functor BUFT 1, C4<0>, C4<0>, C4<0>, C4<0>;
L_0x8f9059570 .functor XNOR 1, L_0x8f90e4280, L_0x8f88785b0, C4<0>, C4<0>;
L_0x8f88785f8 .functor BUFT 1, C4<0>, C4<0>, C4<0>, C4<0>;
L_0x8f90595e0 .functor XNOR 1, L_0x8f90e4320, L_0x8f88785f8, C4<0>, C4<0>;
L_0x8f8878640 .functor BUFT 1, C4<0>, C4<0>, C4<0>, C4<0>;
L_0x8f9059650 .functor XNOR 1, L_0x8f90e43c0, L_0x8f8878640, C4<0>, C4<0>;
L_0x8f8878688 .functor BUFT 1, C4<0>, C4<0>, C4<0>, C4<0>;
L_0x8f90596c0 .functor XNOR 1, L_0x8f90e4460, L_0x8f8878688, C4<0>, C4<0>;
L_0x8f88786d0 .functor BUFT 1, C4<0>, C4<0>, C4<0>, C4<0>;
L_0x8f9059730 .functor XNOR 1, L_0x8f90e4500, L_0x8f88786d0, C4<0>, C4<0>;
L_0x8f8878718 .functor BUFT 1, C4<0>, C4<0>, C4<0>, C4<0>;
L_0x8f90597a0 .functor XNOR 1, L_0x8f90e45a0, L_0x8f8878718, C4<0>, C4<0>;
L_0x8f8878760 .functor BUFT 1, C4<0>, C4<0>, C4<0>, C4<0>;
L_0x8f9059810 .functor XNOR 1, L_0x8f90e4640, L_0x8f8878760, C4<0>, C4<0>;
v0x8f90d1ea0_20 .array/port v0x8f90d1ea0, 20;
L_0x8f9059880 .functor AND 1, v0x8f90d1ea0_20, L_0x8f8cb6440, C4<1>, C4<1>;
L_0x8f90598f0 .functor AND 1, L_0x8f9059880, L_0x8f8cb64e0, C4<1>, C4<1>;
L_0x8f8c13d40 .functor BUFZ 1, L_0x8f90598f0, C4<0>, C4<0>, C4<0>;
v0x8f90d7d40_19 .array/port v0x8f90d7d40, 19;
L_0x8f8c13db0 .functor BUFZ 22, v0x8f90d7d40_19, C4<0000000000000000000000>, C4<0000000000000000000000>, C4<0000000000000000000000>;
L_0x8f8c13e20 .functor BUFZ 16, L_0x8f907ad00, C4<0000000000000000>, C4<0000000000000000>, C4<0000000000000000>;
L_0x8f9059960 .functor AND 1, L_0x8f90598f0, L_0x8f8cb6580, C4<1>, C4<1>;
L_0x8f90599d0 .functor AND 1, L_0x8f9059960, L_0x8f8cb6620, C4<1>, C4<1>;
L_0x8f9059a40 .functor AND 1, L_0x8f90598f0, L_0x8f8cb66c0, C4<1>, C4<1>;
L_0x8f8878010 .functor BUFT 1, C4<00>, C4<0>, C4<0>, C4<0>;
v0x8f90d1f40_0 .net/2u *"_ivl_0", 1 0, L_0x8f8878010;  1 drivers
L_0x8f8878058 .functor BUFT 1, C4<00>, C4<0>, C4<0>, C4<0>;
v0x8f90d1fe0_0 .net/2u *"_ivl_10", 1 0, L_0x8f8878058;  1 drivers
L_0x8f8878400 .functor BUFT 1, C4<0000000000000000000>, C4<0>, C4<0>, C4<0>;
v0x8f90d2080_0 .net *"_ivl_102", 18 0, L_0x8f8878400;  1 drivers
L_0x8f8878490 .functor BUFT 1, C4<0000000000000000000>, C4<0>, C4<0>, C4<0>;
v0x8f90d2120_0 .net *"_ivl_109", 18 0, L_0x8f8878490;  1 drivers
L_0x8f8878520 .functor BUFT 1, C4<0000000000000000000>, C4<0>, C4<0>, C4<0>;
v0x8f90d21c0_0 .net *"_ivl_116", 18 0, L_0x8f8878520;  1 drivers
v0x8f90d2260_0 .net *"_ivl_12", 0 0, L_0x8f8cb5ae0;  1 drivers
v0x8f90d2300_0 .net *"_ivl_121", 0 0, L_0x8f90e41e0;  1 drivers
v0x8f90d23a0_0 .net *"_ivl_123", 0 0, L_0x8f9059490;  1 drivers
L_0x8f8878568 .functor BUFT 1, C4<00>, C4<0>, C4<0>, C4<0>;
v0x8f90d2440_0 .net/2u *"_ivl_124", 1 0, L_0x8f8878568;  1 drivers
v0x8f90d24e0_0 .net *"_ivl_126", 0 0, L_0x8f8cb5680;  1 drivers
v0x8f90d2580_0 .net *"_ivl_129", 0 0, L_0x8f9059500;  1 drivers
v0x8f90d2620_0 .net *"_ivl_131", 0 0, L_0x8f90e4280;  1 drivers
v0x8f90d26c0_0 .net/2u *"_ivl_132", 0 0, L_0x8f88785b0;  1 drivers
v0x8f90d2760_0 .net *"_ivl_134", 0 0, L_0x8f9059570;  1 drivers
v0x8f90d2800_0 .net *"_ivl_136", 7 0, L_0x8f8cc12c0;  1 drivers
v0x8f90d28a0_0 .net *"_ivl_141", 0 0, L_0x8f90e4320;  1 drivers
v0x8f90d2940_0 .net/2u *"_ivl_142", 0 0, L_0x8f88785f8;  1 drivers
v0x8f90d29e0_0 .net *"_ivl_144", 0 0, L_0x8f90595e0;  1 drivers
v0x8f90d2a80_0 .net *"_ivl_149", 0 0, L_0x8f90e43c0;  1 drivers
v0x8f90d2b20_0 .net *"_ivl_15", 0 0, L_0x8f9058cb0;  1 drivers
v0x8f90d2bc0_0 .net/2u *"_ivl_150", 0 0, L_0x8f8878640;  1 drivers
v0x8f90d2c60_0 .net *"_ivl_152", 0 0, L_0x8f9059650;  1 drivers
v0x8f90d2d00_0 .net *"_ivl_157", 0 0, L_0x8f90e4460;  1 drivers
v0x8f90d2da0_0 .net/2u *"_ivl_158", 0 0, L_0x8f8878688;  1 drivers
v0x8f90d2e40_0 .net *"_ivl_160", 0 0, L_0x8f90596c0;  1 drivers
v0x8f90d2ee0_0 .net *"_ivl_165", 0 0, L_0x8f90e4500;  1 drivers
v0x8f90d2f80_0 .net/2u *"_ivl_166", 0 0, L_0x8f88786d0;  1 drivers
v0x8f90d3020_0 .net *"_ivl_168", 0 0, L_0x8f9059730;  1 drivers
v0x8f90d30c0_0 .net *"_ivl_177", 0 0, L_0x8f90e45a0;  1 drivers
v0x8f90d3160_0 .net/2u *"_ivl_178", 0 0, L_0x8f8878718;  1 drivers
L_0x8f88780a0 .functor BUFT 1, C4<00>, C4<0>, C4<0>, C4<0>;
v0x8f90d3200_0 .net/2u *"_ivl_18", 1 0, L_0x8f88780a0;  1 drivers
v0x8f90d32a0_0 .net *"_ivl_180", 0 0, L_0x8f90597a0;  1 drivers
v0x8f90d3340_0 .net *"_ivl_185", 0 0, L_0x8f90e4640;  1 drivers
v0x8f90d33e0_0 .net/2u *"_ivl_186", 0 0, L_0x8f8878760;  1 drivers
v0x8f90d3480_0 .net *"_ivl_188", 0 0, L_0x8f9059810;  1 drivers
v0x8f90d3520_0 .net *"_ivl_195", 9 0, L_0x8f9079cc0;  1 drivers
L_0x8f88787a8 .functor BUFT 1, C4<00>, C4<0>, C4<0>, C4<0>;
v0x8f90d35c0_0 .net *"_ivl_198", 1 0, L_0x8f88787a8;  1 drivers
v0x8f90d3660_0 .net *"_ivl_20", 0 0, L_0x8f8cb5b80;  1 drivers
L_0x8f88787f0 .functor BUFT 1, C4<0>, C4<0>, C4<0>, C4<0>;
v0x8f90d3700_0 .net/2u *"_ivl_200", 0 0, L_0x8f88787f0;  1 drivers
v0x8f90d37a0_0 .net *"_ivl_202", 8 0, L_0x8f9079fe0;  1 drivers
v0x8f90d3840_0 .net *"_ivl_204", 9 0, L_0x8f907a080;  1 drivers
L_0x8f8878838 .functor BUFT 1, C4<0>, C4<0>, C4<0>, C4<0>;
v0x8f90d38e0_0 .net *"_ivl_207", 0 0, L_0x8f8878838;  1 drivers
v0x8f90d3980_0 .net *"_ivl_208", 9 0, L_0x8f8cb5720;  1 drivers
v0x8f90d3a20_0 .net *"_ivl_211", 9 0, L_0x8f907a120;  1 drivers
L_0x8f8878880 .functor BUFT 1, C4<00>, C4<0>, C4<0>, C4<0>;
v0x8f90d3ac0_0 .net *"_ivl_214", 1 0, L_0x8f8878880;  1 drivers
v0x8f90d3b60_0 .net *"_ivl_218", 9 0, L_0x8f907a1c0;  1 drivers
L_0x8f88788c8 .functor BUFT 1, C4<00>, C4<0>, C4<0>, C4<0>;
v0x8f90d3c00_0 .net *"_ivl_221", 1 0, L_0x8f88788c8;  1 drivers
L_0x8f8878910 .functor BUFT 1, C4<0>, C4<0>, C4<0>, C4<0>;
v0x8f90d3ca0_0 .net/2u *"_ivl_223", 0 0, L_0x8f8878910;  1 drivers
v0x8f90d3d40_0 .net *"_ivl_225", 8 0, L_0x8f907a260;  1 drivers
v0x8f90d3de0_0 .net *"_ivl_227", 9 0, L_0x8f907a300;  1 drivers
L_0x8f8878958 .functor BUFT 1, C4<0>, C4<0>, C4<0>, C4<0>;
v0x8f90d3e80_0 .net *"_ivl_230", 0 0, L_0x8f8878958;  1 drivers
v0x8f90d3f20_0 .net *"_ivl_231", 9 0, L_0x8f8cb5860;  1 drivers
v0x8f90d4000_0 .net *"_ivl_234", 9 0, L_0x8f907a3a0;  1 drivers
L_0x8f88789a0 .functor BUFT 1, C4<00>, C4<0>, C4<0>, C4<0>;
v0x8f90d40a0_0 .net *"_ivl_237", 1 0, L_0x8f88789a0;  1 drivers
L_0x8f88780e8 .functor BUFT 1, C4<0000000000000>, C4<0>, C4<0>, C4<0>;
v0x8f90d4140_0 .net/2u *"_ivl_24", 12 0, L_0x8f88780e8;  1 drivers
v0x8f90d41e0_0 .net *"_ivl_241", 9 0, L_0x8f907a440;  1 drivers
L_0x8f88789e8 .functor BUFT 1, C4<00>, C4<0>, C4<0>, C4<0>;
v0x8f90d4280_0 .net *"_ivl_244", 1 0, L_0x8f88789e8;  1 drivers
L_0x8f8878a30 .functor BUFT 1, C4<0>, C4<0>, C4<0>, C4<0>;
v0x8f90d4320_0 .net/2u *"_ivl_246", 0 0, L_0x8f8878a30;  1 drivers
v0x8f90d43c0_0 .net *"_ivl_248", 8 0, L_0x8f907a4e0;  1 drivers
v0x8f90d4460_0 .net *"_ivl_250", 9 0, L_0x8f907a580;  1 drivers
L_0x8f8878a78 .functor BUFT 1, C4<0>, C4<0>, C4<0>, C4<0>;
v0x8f90d4500_0 .net *"_ivl_253", 0 0, L_0x8f8878a78;  1 drivers
v0x8f90d45a0_0 .net *"_ivl_254", 9 0, L_0x8f8cb5360;  1 drivers
v0x8f90d4640_0 .net *"_ivl_257", 9 0, L_0x8f907a620;  1 drivers
L_0x8f8878ac0 .functor BUFT 1, C4<00>, C4<0>, C4<0>, C4<0>;
v0x8f90d46e0_0 .net *"_ivl_260", 1 0, L_0x8f8878ac0;  1 drivers
v0x8f90d4780_0 .net *"_ivl_264", 9 0, L_0x8f907a6c0;  1 drivers
L_0x8f8878b08 .functor BUFT 1, C4<00>, C4<0>, C4<0>, C4<0>;
v0x8f90d4820_0 .net *"_ivl_267", 1 0, L_0x8f8878b08;  1 drivers
L_0x8f8878b50 .functor BUFT 1, C4<0>, C4<0>, C4<0>, C4<0>;
v0x8f90d48c0_0 .net/2u *"_ivl_269", 0 0, L_0x8f8878b50;  1 drivers
v0x8f90d4960_0 .net *"_ivl_271", 8 0, L_0x8f907a760;  1 drivers
v0x8f90d4a00_0 .net *"_ivl_273", 9 0, L_0x8f907a800;  1 drivers
L_0x8f8878b98 .functor BUFT 1, C4<0>, C4<0>, C4<0>, C4<0>;
v0x8f90d4aa0_0 .net *"_ivl_276", 0 0, L_0x8f8878b98;  1 drivers
v0x8f90d4b40_0 .net *"_ivl_277", 9 0, L_0x8f8cb41e0;  1 drivers
L_0x8f8878130 .functor BUFT 1, C4<00>, C4<0>, C4<0>, C4<0>;
v0x8f90d4be0_0 .net/2u *"_ivl_28", 1 0, L_0x8f8878130;  1 drivers
v0x8f90d4c80_0 .net *"_ivl_280", 9 0, L_0x8f907a8a0;  1 drivers
L_0x8f8878be0 .functor BUFT 1, C4<00>, C4<0>, C4<0>, C4<0>;
v0x8f90d4d20_0 .net *"_ivl_283", 1 0, L_0x8f8878be0;  1 drivers
L_0x8f8878c28 .functor BUFT 1, C4<00>, C4<0>, C4<0>, C4<0>;
v0x8f90d4dc0_0 .net/2u *"_ivl_286", 1 0, L_0x8f8878c28;  1 drivers
L_0x8f8878c70 .functor BUFT 1, C4<00>, C4<0>, C4<0>, C4<0>;
v0x8f90d4e60_0 .net/2u *"_ivl_290", 1 0, L_0x8f8878c70;  1 drivers
L_0x8f8878cb8 .functor BUFT 1, C4<00>, C4<0>, C4<0>, C4<0>;
v0x8f90d4f00_0 .net/2u *"_ivl_294", 1 0, L_0x8f8878cb8;  1 drivers
L_0x8f8878d00 .functor BUFT 1, C4<00>, C4<0>, C4<0>, C4<0>;
v0x8f90d4fa0_0 .net/2u *"_ivl_298", 1 0, L_0x8f8878d00;  1 drivers
v0x8f90d5040_0 .net *"_ivl_30", 0 0, L_0x8f8cb5cc0;  1 drivers
v0x8f90d50e0_0 .net/s *"_ivl_306", 23 0, L_0x8f8cb5f40;  1 drivers
v0x8f90d5180_0 .net/s *"_ivl_308", 23 0, L_0x8f8cb5fe0;  1 drivers
v0x8f90d5220_0 .net/s *"_ivl_312", 23 0, L_0x8f8cb6120;  1 drivers
v0x8f90d52c0_0 .net/s *"_ivl_314", 23 0, L_0x8f8cb61c0;  1 drivers
v0x8f90d5360_0 .net *"_ivl_32", 129 0, L_0x8f9079b80;  1 drivers
L_0x8f8878d48 .functor BUFT 1, C4<0000000000001>, C4<0>, C4<0>, C4<0>;
v0x8f90d5400_0 .net/2u *"_ivl_328", 12 0, L_0x8f8878d48;  1 drivers
v0x8f90d54a0_0 .net *"_ivl_330", 0 0, L_0x8f8cb6440;  1 drivers
v0x8f90d5540_0 .net *"_ivl_333", 0 0, L_0x8f9059880;  1 drivers
L_0x8f8878d90 .functor BUFT 1, C4<0000000000001>, C4<0>, C4<0>, C4<0>;
v0x8f90d55e0_0 .net/2u *"_ivl_334", 12 0, L_0x8f8878d90;  1 drivers
v0x8f90d5680_0 .net *"_ivl_336", 0 0, L_0x8f8cb64e0;  1 drivers
L_0x8f8878dd8 .functor BUFT 1, C4<0000000000000>, C4<0>, C4<0>, C4<0>;
v0x8f90d5720_0 .net/2u *"_ivl_347", 12 0, L_0x8f8878dd8;  1 drivers
v0x8f90d57c0_0 .net *"_ivl_349", 0 0, L_0x8f8cb6580;  1 drivers
L_0x8f8878178 .functor BUFT 1, C4<000000000000000000000000000000000000000000000000000000000000000000000000000000000000000000000000000000000000000000000>, C4<0>, C4<0>, C4<0>;
v0x8f90d5860_0 .net *"_ivl_35", 116 0, L_0x8f8878178;  1 drivers
v0x8f90d5900_0 .net *"_ivl_352", 0 0, L_0x8f9059960;  1 drivers
L_0x8f8878e20 .functor BUFT 1, C4<0000000000000>, C4<0>, C4<0>, C4<0>;
v0x8f90d59a0_0 .net/2u *"_ivl_353", 12 0, L_0x8f8878e20;  1 drivers
v0x8f90d5a40_0 .net *"_ivl_355", 0 0, L_0x8f8cb6620;  1 drivers
v0x8f90d5ae0_0 .net *"_ivl_359", 129 0, L_0x8f907ae40;  1 drivers
L_0x8f88781c0 .functor BUFT 1, C4<0000000000000000000000000000000000000000000000000000000000000000000000000000000000000000000000000000000000000000000000000010000000>, C4<0>, C4<0>, C4<0>;
v0x8f90d5b80_0 .net/2u *"_ivl_36", 129 0, L_0x8f88781c0;  1 drivers
L_0x8f8878e68 .functor BUFT 1, C4<000000000000000000000000000000000000000000000000000000000000000000000000000000000000000000000000000000000000000000000>, C4<0>, C4<0>, C4<0>;
v0x8f90d5c20_0 .net *"_ivl_362", 116 0, L_0x8f8878e68;  1 drivers
L_0x8f8878eb0 .functor BUFT 1, C4<0000000000000000000000000000000000000000000000000000000000000000000000000000000000000000000000000000000000000000000000000001111111>, C4<0>, C4<0>, C4<0>;
v0x8f90d5cc0_0 .net/2u *"_ivl_363", 129 0, L_0x8f8878eb0;  1 drivers
v0x8f90d5d60_0 .net *"_ivl_365", 0 0, L_0x8f8cb66c0;  1 drivers
v0x8f90d5e00_0 .net *"_ivl_38", 0 0, L_0x8f8cb54a0;  1 drivers
v0x8f90d5ea0_0 .net *"_ivl_41", 0 0, L_0x8f9058d90;  1 drivers
L_0x8f8878208 .functor BUFT 1, C4<0000000000000000000000000000000000000000000000000000000000000000000000000000000000000000000000000000000000000000000000000001111111>, C4<0>, C4<0>, C4<0>;
v0x8f90d5f40_0 .net/2u *"_ivl_44", 129 0, L_0x8f8878208;  1 drivers
v0x8f90d5fe0_0 .net *"_ivl_46", 129 0, L_0x8f9079c20;  1 drivers
L_0x8f8878250 .functor BUFT 1, C4<000000000000000000000000000000000000000000000000000000000000000000000000000000000000000000000000000000000000000000000>, C4<0>, C4<0>, C4<0>;
v0x8f90d6080_0 .net *"_ivl_49", 116 0, L_0x8f8878250;  1 drivers
v0x8f90d6120_0 .net *"_ivl_5", 0 0, L_0x8f9058b60;  1 drivers
v0x8f90d61c0_0 .net *"_ivl_50", 129 0, L_0x8f8cc0fa0;  1 drivers
v0x8f90d6260_0 .net *"_ivl_55", 0 0, L_0x8f90dfde0;  1 drivers
v0x8f90d6300_0 .net *"_ivl_57", 0 0, L_0x8f9058e70;  1 drivers
v0x8f90d63a0_0 .net *"_ivl_59", 0 0, L_0x8f90dfe80;  1 drivers
v0x8f90d6440_0 .net *"_ivl_61", 0 0, L_0x8f9058ee0;  1 drivers
v0x8f90d64e0_0 .net *"_ivl_63", 0 0, L_0x8f90dff20;  1 drivers
v0x8f90d6580_0 .net/2u *"_ivl_64", 0 0, L_0x8f8878298;  1 drivers
v0x8f90d6620_0 .net *"_ivl_66", 0 0, L_0x8f9058f50;  1 drivers
v0x8f90d66c0_0 .net *"_ivl_69", 0 0, L_0x8f9058fc0;  1 drivers
v0x8f90d6760_0 .net *"_ivl_7", 0 0, L_0x8f9058bd0;  1 drivers
v0x8f90d6800_0 .net *"_ivl_73", 0 0, L_0x8f90e4000;  1 drivers
v0x8f90d68a0_0 .net *"_ivl_75", 0 0, L_0x8f90590a0;  1 drivers
v0x8f90d6940_0 .net *"_ivl_77", 0 0, L_0x8f90e40a0;  1 drivers
v0x8f90d69e0_0 .net *"_ivl_79", 0 0, L_0x8f9059110;  1 drivers
v0x8f90d6a80_0 .net *"_ivl_81", 0 0, L_0x8f90e4140;  1 drivers
v0x8f90d6b20_0 .net/2u *"_ivl_82", 0 0, L_0x8f88782e0;  1 drivers
v0x8f90d6bc0_0 .net *"_ivl_84", 0 0, L_0x8f9059180;  1 drivers
v0x8f90d6c60_0 .net *"_ivl_87", 0 0, L_0x8f90591f0;  1 drivers
v0x8f90d6d00_0 .net *"_ivl_9", 0 0, L_0x8f9058c40;  1 drivers
L_0x8f8878370 .functor BUFT 1, C4<0000000000000000000>, C4<0>, C4<0>, C4<0>;
v0x8f90d6da0_0 .net *"_ivl_95", 18 0, L_0x8f8878370;  1 drivers
v0x8f90d6e40_0 .var/i "c", 31 0;
v0x8f90d6ee0_0 .net "clk", 0 0, v0x8f90dea80_0;  1 drivers
v0x8f90d6f80_0 .net "cordic_angle", 15 0, L_0x8f907ad00;  1 drivers
v0x8f90d7020_0 .net "cordic_out_valid", 0 0, v0x8f90d1ea0_20;  1 drivers
v0x8f90d70c0_0 .var "cur_d", 7 0;
v0x8f90d7160_0 .net "dbg_align_vld", 0 0, L_0x8f90e4820;  1 drivers
v0x8f90d7200_0 .var/s "dx_r", 11 0;
v0x8f90d72a0_0 .var/s "dy_r", 11 0;
v0x8f90d7340_0 .var "f2_align_armed", 0 0;
v0x8f90d73e0_0 .var "f2_align_err_d", 0 0;
v0x8f90d7480_0 .var "flush_c", 1 0;
v0x8f90d7520_0 .var "flush_row", 0 0;
v0x8f90d75c0_0 .var "frame_end", 0 0;
v0x8f90d7660_0 .var "last_pix", 7 0;
v0x8f90d0a00_0 .array/port v0x8f90d0a00, 0;
v0x8f90d7700_0 .net "lb_a", 7 0, v0x8f90d0a00_0;  1 drivers
v0x8f90d77a0_0 .var "lb_a_rs", 7 0;
v0x8f90d1400_0 .array/port v0x8f90d1400, 0;
v0x8f90d7840_0 .net "lb_b", 7 0, v0x8f90d1400_0;  1 drivers
v0x8f90d78e0_0 .var "lb_b_rs", 7 0;
v0x8f90d7980_0 .net "m_axis_angle", 15 0, L_0x8f8c13e20;  alias, 1 drivers
v0x8f90d7a20_0 .net "m_axis_mag2", 21 0, L_0x8f8c13db0;  alias, 1 drivers
v0x8f90d7ac0_0 .net "m_axis_tlast", 0 0, L_0x8f9059a40;  alias, 1 drivers
L_0x8f8878ef8 .functor BUFT 1, C4<1>, C4<0>, C4<0>, C4<0>;
v0x8f90d7b60_0 .net "m_axis_tready", 0 0, L_0x8f8878ef8;  1 drivers
v0x8f90d7c00_0 .net "m_axis_tuser", 0 0, L_0x8f90599d0;  alias, 1 drivers
v0x8f90d7ca0_0 .net "m_axis_tvalid", 0 0, L_0x8f8c13d40;  alias, 1 drivers
v0x8f90d7d40 .array "mag2_dly", 19 0, 21 0;
v0x8f90d7e80_0 .var "mag2_r", 21 0;
v0x8f90d7f20_0 .var "out_pix", 12 0;
v0x8f90dc500_19 .array/port v0x8f90dc500, 19;
v0x8f90dc000_0 .net "out_pix_cnt", 12 0, v0x8f90dc500_19;  1 drivers
v0x8f90dc0a0_0 .var "out_row", 12 0;
v0x8f90dc8c0_19 .array/port v0x8f90dc8c0, 19;
v0x8f90dc140_0 .net "out_row_cnt", 12 0, v0x8f90dc8c0_19;  1 drivers
v0x8f90dc1e0_0 .var "pad_d1", 0 0;
v0x8f90dc280_0 .var "pad_lb_a", 7 0;
v0x8f90dc320_0 .var "pad_lb_b", 7 0;
v0x8f90dc3c0_0 .var "pix_cnt_g", 12 0;
v0x8f90dc460_0 .var "pix_cnt_m", 12 0;
v0x8f90dc500 .array "pix_dly", 19 0, 12 0;
v0x8f90dc640_0 .var/i "r", 31 0;
v0x8f90dc6e0_0 .var "row_active", 0 0;
v0x8f90dc780_0 .var "row_cnt_g", 12 0;
v0x8f90dc820_0 .var "row_cnt_m", 12 0;
v0x8f90dc8c0 .array "row_dly", 19 0, 12 0;
v0x8f90dca00_0 .var "row_start_d", 0 0;
v0x8f90dcaa0_0 .net "rst_n", 0 0, v0x8f90df8e0_0;  1 drivers
v0x8f90dcb40_0 .net "s_axis_tdata", 7 0, v0x8f90df980_0;  1 drivers
v0x8f90dcbe0_0 .net "s_axis_tlast", 0 0, v0x8f90dfa20_0;  1 drivers
v0x8f90dcc80_0 .net "s_axis_tready", 0 0, L_0x8f8cb5a40;  alias, 1 drivers
v0x8f90dcd20_0 .net "s_axis_tuser", 0 0, v0x8f90dfb60_0;  1 drivers
v0x8f90dcdc0_0 .net "s_axis_tvalid", 0 0, v0x8f90dfc00_0;  1 drivers
v0x8f90dce60_0 .var "s_col", 12 0;
v0x8f90dcf00_0 .var "s_col_d", 12 0;
v0x8f90dcfa0_0 .var "s_col_w", 12 0;
v0x8f90dd040_0 .var "s_row", 12 0;
v0x8f90dd0e0_0 .var "s_row_d", 12 0;
v0x8f90dd180_0 .var "s_row_r", 12 0;
v0x8f90dd220_0 .var "s_row_w", 12 0;
v0x8f90dd2c0_0 .var "vld_d1", 0 0;
v0x8f90dd360_0 .var "vld_dly", 19 0;
v0x8f90dd400_0 .var "vld_g", 0 0;
v0x8f90dd4a0_0 .var "vld_m", 0 0;
v0x8f90dd540_0 .var "vld_w", 0 0;
v0x8f90dd5e0_0 .net/s "w_dx", 11 0, L_0x8f8cb5e00;  1 drivers
v0x8f90dd680_0 .net/s "w_dx2", 23 0, L_0x8f8cb6080;  1 drivers
v0x8f90dd720_0 .net/s "w_dy", 11 0, L_0x8f8cb5ea0;  1 drivers
v0x8f90dd7c0_0 .net/s "w_dy2", 23 0, L_0x8f8cb6260;  1 drivers
v0x8f90dd860_0 .net "w_emit", 0 0, L_0x8f90598f0;  1 drivers
v0x8f90dd900_0 .net "w_flush_col", 0 0, L_0x8f9058e00;  1 drivers
v0x8f90dd9a0_0 .net "w_in_data", 7 0, L_0x8f8cc0dc0;  1 drivers
v0x8f90dda40_0 .net "w_in_valid", 0 0, L_0x8f9058d20;  1 drivers
v0x8f90ddae0_0 .net "w_lb_addr", 12 0, L_0x8f90dfd40;  1 drivers
v0x8f90ddb80_0 .net "w_live_p1", 7 0, L_0x8f8cc1400;  1 drivers
v0x8f90ddc20_0 .net "w_live_p2", 7 0, L_0x8f8cc14a0;  1 drivers
v0x8f90ddcc0_0 .net "w_pad_p1", 7 0, L_0x8f8cc1540;  1 drivers
v0x8f90ddd60_0 .net "w_pad_p2", 7 0, L_0x8f8cc15e0;  1 drivers
v0x8f90dde00_0 .net "w_preload", 0 0, L_0x8f8cb5c20;  1 drivers
v0x8f90ddea0_0 .net "w_row_cur", 7 0, L_0x8f8cc1360;  1 drivers
v0x8f90ddf40_0 .net "w_row_p1", 7 0, L_0x8f8cc1680;  1 drivers
v0x8f90ddfe0_0 .net "w_row_p2", 7 0, L_0x8f8cc1720;  1 drivers
v0x8f90de080_0 .net "w_row_sel", 12 0, L_0x8f8cc1220;  1 drivers
v0x8f90de120_0 .net "w_rs_cur", 7 0, L_0x8f8cc1900;  1 drivers
v0x8f90de1c0_0 .net "w_rs_p1", 7 0, L_0x8f8cc17c0;  1 drivers
v0x8f90de260_0 .net "w_rs_p2", 7 0, L_0x8f8cc1860;  1 drivers
v0x8f90de300_0 .net/s "w_sxn", 11 0, L_0x8f907a9e0;  1 drivers
v0x8f90de3a0_0 .net/s "w_sxp", 11 0, L_0x8f907a940;  1 drivers
v0x8f90de440_0 .net/s "w_syn", 11 0, L_0x8f907ab20;  1 drivers
v0x8f90de4e0_0 .net/s "w_syp", 11 0, L_0x8f907aa80;  1 drivers
v0x8f90de580_0 .net "w_we0", 0 0, L_0x8f9059030;  1 drivers
v0x8f90de620_0 .net "w_we1", 0 0, L_0x8f9059260;  1 drivers
v0x8f90de6c0_0 .net "w_x_neg", 9 0, L_0x8f8cb5900;  1 drivers
v0x8f90de760_0 .net "w_x_pos", 9 0, L_0x8f8cb57c0;  1 drivers
v0x8f90de800_0 .net "w_y_neg", 9 0, L_0x8f8cb5d60;  1 drivers
v0x8f90de8a0_0 .net "w_y_pos", 9 0, L_0x8f8cb4140;  1 drivers
v0x8f90de940 .array "win", 8 0, 7 0;
E_0x8f8ce6cc0/0 .event negedge, v0x8f90dcaa0_0;
E_0x8f8ce6cc0/1 .event posedge, v0x8f90d0460_0;
E_0x8f8ce6cc0 .event/or E_0x8f8ce6cc0/0, E_0x8f8ce6cc0/1;
L_0x8f8cb5a40 .cmp/eq 2, v0x8f90d7480_0, L_0x8f8878010;
L_0x8f8cb5ae0 .cmp/ne 2, v0x8f90d7480_0, L_0x8f8878058;
L_0x8f8cb5b80 .cmp/ne 2, v0x8f90d7480_0, L_0x8f88780a0;
L_0x8f8cc0dc0 .functor MUXZ 8, v0x8f90df980_0, v0x8f90d7660_0, L_0x8f8cb5b80, C4<>;
L_0x8f8cb5c20 .cmp/eq 13, v0x8f90dd040_0, L_0x8f88780e8;
L_0x8f8cb5cc0 .cmp/ne 2, v0x8f90d7480_0, L_0x8f8878130;
L_0x8f9079b80 .concat [ 13 117 0 0], v0x8f90dce60_0, L_0x8f8878178;
L_0x8f8cb54a0 .cmp/eq 130, L_0x8f9079b80, L_0x8f88781c0;
L_0x8f9079c20 .concat [ 13 117 0 0], v0x8f90dce60_0, L_0x8f8878250;
L_0x8f8cc0fa0 .functor MUXZ 130, L_0x8f9079c20, L_0x8f8878208, L_0x8f9058e00, C4<>;
L_0x8f90dfd40 .part L_0x8f8cc0fa0, 0, 13;
L_0x8f90dfde0 .reduce/nor L_0x8f9058e00;
L_0x8f90dfe80 .reduce/nor v0x8f90d7520_0;
L_0x8f90dff20 .part v0x8f90dd040_0, 0, 1;
L_0x8f90e4000 .reduce/nor L_0x8f9058e00;
L_0x8f90e40a0 .reduce/nor v0x8f90d7520_0;
L_0x8f90e4140 .part v0x8f90dd040_0, 0, 1;
L_0x8f9079d60 .concat [ 13 19 0 0], L_0x8f90dfd40, L_0x8f8878370;
L_0x8f9079e00 .concat [ 13 19 0 0], L_0x8f90dfd40, L_0x8f8878400;
L_0x8f9079ea0 .concat [ 13 19 0 0], L_0x8f90dfd40, L_0x8f8878490;
L_0x8f9079f40 .concat [ 13 19 0 0], L_0x8f90dfd40, L_0x8f8878520;
L_0x8f8cc1220 .functor MUXZ 13, v0x8f90dd040_0, v0x8f90dd180_0, v0x8f90dc1e0_0, C4<>;
L_0x8f90e41e0 .reduce/nor v0x8f90dc1e0_0;
L_0x8f8cb5680 .cmp/eq 2, v0x8f90d7480_0, L_0x8f8878568;
L_0x8f90e4280 .part L_0x8f8cc1220, 0, 1;
L_0x8f8cc12c0 .functor MUXZ 8, v0x8f90d0a00_0, v0x8f90d1400_0, L_0x8f9059570, C4<>;
L_0x8f8cc1360 .functor MUXZ 8, v0x8f90d70c0_0, L_0x8f8cc12c0, L_0x8f9059500, C4<>;
L_0x8f90e4320 .part L_0x8f8cc1220, 0, 1;
L_0x8f8cc1400 .functor MUXZ 8, v0x8f90d0a00_0, v0x8f90d1400_0, L_0x8f90595e0, C4<>;
L_0x8f90e43c0 .part L_0x8f8cc1220, 0, 1;
L_0x8f8cc14a0 .functor MUXZ 8, v0x8f90d1400_0, v0x8f90d0a00_0, L_0x8f9059650, C4<>;
L_0x8f90e4460 .part L_0x8f8cc1220, 0, 1;
L_0x8f8cc1540 .functor MUXZ 8, v0x8f90dc280_0, v0x8f90dc320_0, L_0x8f90596c0, C4<>;
L_0x8f90e4500 .part L_0x8f8cc1220, 0, 1;
L_0x8f8cc15e0 .functor MUXZ 8, v0x8f90dc320_0, v0x8f90dc280_0, L_0x8f9059730, C4<>;
L_0x8f8cc1680 .functor MUXZ 8, L_0x8f8cc1400, L_0x8f8cc1540, v0x8f90dc1e0_0, C4<>;
L_0x8f8cc1720 .functor MUXZ 8, L_0x8f8cc14a0, L_0x8f8cc15e0, v0x8f90dc1e0_0, C4<>;
L_0x8f90e45a0 .part L_0x8f8cc1220, 0, 1;
L_0x8f8cc17c0 .functor MUXZ 8, v0x8f90d77a0_0, v0x8f90d78e0_0, L_0x8f90597a0, C4<>;
L_0x8f90e4640 .part L_0x8f8cc1220, 0, 1;
L_0x8f8cc1860 .functor MUXZ 8, v0x8f90d78e0_0, v0x8f90d77a0_0, L_0x8f9059810, C4<>;
L_0x8f8cc1900 .functor MUXZ 8, v0x8f90d70c0_0, L_0x8f8cc17c0, v0x8f90d7520_0, C4<>;
v0x8f90de940_2 .array/port v0x8f90de940, 2;
L_0x8f9079cc0 .concat [ 8 2 0 0], v0x8f90de940_2, L_0x8f88787a8;
v0x8f90de940_5 .array/port v0x8f90de940, 5;
L_0x8f9079fe0 .concat [ 1 8 0 0], L_0x8f88787f0, v0x8f90de940_5;
L_0x8f907a080 .concat [ 9 1 0 0], L_0x8f9079fe0, L_0x8f8878838;
L_0x8f8cb5720 .arith/sum 10, L_0x8f9079cc0, L_0x8f907a080;
v0x8f90de940_8 .array/port v0x8f90de940, 8;
L_0x8f907a120 .concat [ 8 2 0 0], v0x8f90de940_8, L_0x8f8878880;
L_0x8f8cb57c0 .arith/sum 10, L_0x8f8cb5720, L_0x8f907a120;
v0x8f90de940_0 .array/port v0x8f90de940, 0;
L_0x8f907a1c0 .concat [ 8 2 0 0], v0x8f90de940_0, L_0x8f88788c8;
v0x8f90de940_3 .array/port v0x8f90de940, 3;
L_0x8f907a260 .concat [ 1 8 0 0], L_0x8f8878910, v0x8f90de940_3;
L_0x8f907a300 .concat [ 9 1 0 0], L_0x8f907a260, L_0x8f8878958;
L_0x8f8cb5860 .arith/sum 10, L_0x8f907a1c0, L_0x8f907a300;
v0x8f90de940_6 .array/port v0x8f90de940, 6;
L_0x8f907a3a0 .concat [ 8 2 0 0], v0x8f90de940_6, L_0x8f88789a0;
L_0x8f8cb5900 .arith/sum 10, L_0x8f8cb5860, L_0x8f907a3a0;
L_0x8f907a440 .concat [ 8 2 0 0], v0x8f90de940_6, L_0x8f88789e8;
v0x8f90de940_7 .array/port v0x8f90de940, 7;
L_0x8f907a4e0 .concat [ 1 8 0 0], L_0x8f8878a30, v0x8f90de940_7;
L_0x8f907a580 .concat [ 9 1 0 0], L_0x8f907a4e0, L_0x8f8878a78;
L_0x8f8cb5360 .arith/sum 10, L_0x8f907a440, L_0x8f907a580;
L_0x8f907a620 .concat [ 8 2 0 0], v0x8f90de940_8, L_0x8f8878ac0;
L_0x8f8cb4140 .arith/sum 10, L_0x8f8cb5360, L_0x8f907a620;
L_0x8f907a6c0 .concat [ 8 2 0 0], v0x8f90de940_0, L_0x8f8878b08;
v0x8f90de940_1 .array/port v0x8f90de940, 1;
L_0x8f907a760 .concat [ 1 8 0 0], L_0x8f8878b50, v0x8f90de940_1;
L_0x8f907a800 .concat [ 9 1 0 0], L_0x8f907a760, L_0x8f8878b98;
L_0x8f8cb41e0 .arith/sum 10, L_0x8f907a6c0, L_0x8f907a800;
L_0x8f907a8a0 .concat [ 8 2 0 0], v0x8f90de940_2, L_0x8f8878be0;
L_0x8f8cb5d60 .arith/sum 10, L_0x8f8cb41e0, L_0x8f907a8a0;
L_0x8f907a940 .concat [ 10 2 0 0], L_0x8f8cb57c0, L_0x8f8878c28;
L_0x8f907a9e0 .concat [ 10 2 0 0], L_0x8f8cb5900, L_0x8f8878c70;
L_0x8f907aa80 .concat [ 10 2 0 0], L_0x8f8cb4140, L_0x8f8878cb8;
L_0x8f907ab20 .concat [ 10 2 0 0], L_0x8f8cb5d60, L_0x8f8878d00;
L_0x8f8cb5e00 .arith/sub 12, L_0x8f907a940, L_0x8f907a9e0;
L_0x8f8cb5ea0 .arith/sub 12, L_0x8f907aa80, L_0x8f907ab20;
L_0x8f8cb5f40 .extend/s 24, v0x8f90d7200_0;
L_0x8f8cb5fe0 .extend/s 24, v0x8f90d7200_0;
L_0x8f8cb6080 .arith/mult 24, L_0x8f8cb5f40, L_0x8f8cb5fe0;
L_0x8f8cb6120 .extend/s 24, v0x8f90d72a0_0;
L_0x8f8cb61c0 .extend/s 24, v0x8f90d72a0_0;
L_0x8f8cb6260 .arith/mult 24, L_0x8f8cb6120, L_0x8f8cb61c0;
L_0x8f907ada0 .concat [ 12 12 0 0], v0x8f90d72a0_0, v0x8f90d7200_0;
L_0x8f90e4820 .part v0x8f90dd360_0, 19, 1;
L_0x8f8cb6440 .cmp/ge 13, v0x8f90dc8c0_19, L_0x8f8878d48;
L_0x8f8cb64e0 .cmp/ge 13, v0x8f90dc500_19, L_0x8f8878d90;
L_0x8f8cb6580 .cmp/eq 13, v0x8f90dc0a0_0, L_0x8f8878dd8;
L_0x8f8cb6620 .cmp/eq 13, v0x8f90d7f20_0, L_0x8f8878e20;
L_0x8f907ae40 .concat [ 13 117 0 0], v0x8f90d7f20_0, L_0x8f8878e68;
L_0x8f8cb66c0 .cmp/eq 130, L_0x8f907ae40, L_0x8f8878eb0;
S_0x8f8d00480 .scope module, "u_buf0" "xpm_memory_sdpram" 5 159, 6 18 0, S_0x8f8d00300;
 .timescale -9 -12;
    .port_info 0 /INPUT 1 "clka";
    .port_info 1 /INPUT 1 "ena";
    .port_info 2 /INPUT 1 "wea";
    .port_info 3 /INPUT 32 "addra";
    .port_info 4 /INPUT 8 "dina";
    .port_info 5 /INPUT 1 "clkb";
    .port_info 6 /INPUT 1 "enb";
    .port_info 7 /INPUT 32 "addrb";
    .port_info 8 /OUTPUT 8 "doutb";
P_0x1032d2fe0 .param/l "DEPTH" 1 6 37, +C4<000000000000000000000000000000000000000000000000000000000000000000000000000000000000000000000000000000000000000000000000000000000000000000000000000000000010000000>;
P_0x1032d3020 .param/str "MEMORY_PRIMITIVE" 0 6 20, "auto";
P_0x1032d3060 .param/l "MEMORY_SIZE" 0 6 19, +C4<000000000000000000000000000000000000000000000000000000000000000000000000000000000000000000000000000000000000000000000000000000000000000000000000000000010000000000>;
P_0x1032d30a0 .param/l "READ_DATA_WIDTH_B" 0 6 22, +C4<00000000000000000000000000001000>;
P_0x1032d30e0 .param/l "READ_LATENCY_B" 0 6 23, +C4<00000000000000000000000000000001>;
P_0x1032d3120 .param/l "SIM_ASSERT_CHK" 0 6 25, +C4<00000000000000000000000000000000>;
P_0x1032d3160 .param/l "WRITE_DATA_WIDTH_A" 0 6 21, +C4<00000000000000000000000000001000>;
P_0x1032d31a0 .param/str "WRITE_MODE_A" 0 6 24, "read_first";
L_0x8f8878328 .functor BUFT 1, C4<1>, C4<0>, C4<0>, C4<0>;
L_0x8f90592d0 .functor AND 1, L_0x8f8878328, L_0x8f9059030, C4<1>, C4<1>;
L_0x8f9059340 .functor AND 1, L_0x8f90592d0, L_0x8f8cb5540, C4<1>, C4<1>;
v0x8f90d01e0_0 .net *"_ivl_1", 0 0, L_0x8f90592d0;  1 drivers
v0x8f90d0280_0 .net *"_ivl_2", 0 0, L_0x8f8cb5540;  1 drivers
v0x8f90d0320_0 .net "addra", 31 0, L_0x8f9079d60;  1 drivers
v0x8f90d03c0_0 .net "addrb", 31 0, L_0x8f9079e00;  1 drivers
v0x8f90d0460_0 .net "clka", 0 0, v0x8f90dea80_0;  alias, 1 drivers
v0x8f90d0500_0 .net "clkb", 0 0, v0x8f90dea80_0;  alias, 1 drivers
v0x8f90d05a0_0 .net "dina", 7 0, L_0x8f8cc0dc0;  alias, 1 drivers
v0x8f90d0640_0 .net "doutb", 7 0, v0x8f90d0a00_0;  alias, 1 drivers
v0x8f90d06e0_0 .net "ena", 0 0, L_0x8f8878328;  1 drivers
L_0x8f88783b8 .functor BUFT 1, C4<1>, C4<0>, C4<0>, C4<0>;
v0x8f90d0780_0 .net "enb", 0 0, L_0x8f88783b8;  1 drivers
v0x8f90d0820_0 .var/i "i", 31 0;
v0x8f90d08c0_0 .var/i "k", 31 0;
v0x8f90d0960 .array "mem", 127 0, 7 0;
v0x8f90d0a00 .array "pipe", 3 0, 7 0;
v0x8f90d0aa0_0 .net "w_collision", 0 0, L_0x8f9059340;  1 drivers
v0x8f90d0b40_0 .net "wea", 0 0, L_0x8f9059030;  alias, 1 drivers
L_0x8f8cb5540 .cmp/eq 32, L_0x8f9079d60, L_0x8f9079e00;
S_0x8f8d00600 .scope module, "u_buf1" "xpm_memory_sdpram" 5 168, 6 18 0, S_0x8f8d00300;
 .timescale -9 -12;
    .port_info 0 /INPUT 1 "clka";
    .port_info 1 /INPUT 1 "ena";
    .port_info 2 /INPUT 1 "wea";
    .port_info 3 /INPUT 32 "addra";
    .port_info 4 /INPUT 8 "dina";
    .port_info 5 /INPUT 1 "clkb";
    .port_info 6 /INPUT 1 "enb";
    .port_info 7 /INPUT 32 "addrb";
    .port_info 8 /OUTPUT 8 "doutb";
P_0x1032d31e0 .param/l "DEPTH" 1 6 37, +C4<000000000000000000000000000000000000000000000000000000000000000000000000000000000000000000000000000000000000000000000000000000000000000000000000000000000010000000>;
P_0x1032d3220 .param/str "MEMORY_PRIMITIVE" 0 6 20, "auto";
P_0x1032d3260 .param/l "MEMORY_SIZE" 0 6 19, +C4<000000000000000000000000000000000000000000000000000000000000000000000000000000000000000000000000000000000000000000000000000000000000000000000000000000010000000000>;
P_0x1032d32a0 .param/l "READ_DATA_WIDTH_B" 0 6 22, +C4<00000000000000000000000000001000>;
P_0x1032d32e0 .param/l "READ_LATENCY_B" 0 6 23, +C4<00000000000000000000000000000001>;
P_0x1032d3320 .param/l "SIM_ASSERT_CHK" 0 6 25, +C4<00000000000000000000000000000000>;
P_0x1032d3360 .param/l "WRITE_DATA_WIDTH_A" 0 6 21, +C4<00000000000000000000000000001000>;
P_0x1032d33a0 .param/str "WRITE_MODE_A" 0 6 24, "read_first";
L_0x8f8878448 .functor BUFT 1, C4<1>, C4<0>, C4<0>, C4<0>;
L_0x8f90593b0 .functor AND 1, L_0x8f8878448, L_0x8f9059260, C4<1>, C4<1>;
L_0x8f9059420 .functor AND 1, L_0x8f90593b0, L_0x8f8cb55e0, C4<1>, C4<1>;
v0x8f90d0be0_0 .net *"_ivl_1", 0 0, L_0x8f90593b0;  1 drivers
v0x8f90d0c80_0 .net *"_ivl_2", 0 0, L_0x8f8cb55e0;  1 drivers
v0x8f90d0d20_0 .net "addra", 31 0, L_0x8f9079ea0;  1 drivers
v0x8f90d0dc0_0 .net "addrb", 31 0, L_0x8f9079f40;  1 drivers
v0x8f90d0e60_0 .net "clka", 0 0, v0x8f90dea80_0;  alias, 1 drivers
v0x8f90d0f00_0 .net "clkb", 0 0, v0x8f90dea80_0;  alias, 1 drivers
v0x8f90d0fa0_0 .net "dina", 7 0, L_0x8f8cc0dc0;  alias, 1 drivers
v0x8f90d1040_0 .net "doutb", 7 0, v0x8f90d1400_0;  alias, 1 drivers
v0x8f90d10e0_0 .net "ena", 0 0, L_0x8f8878448;  1 drivers
L_0x8f88784d8 .functor BUFT 1, C4<1>, C4<0>, C4<0>, C4<0>;
v0x8f90d1180_0 .net "enb", 0 0, L_0x8f88784d8;  1 drivers
v0x8f90d1220_0 .var/i "i", 31 0;
v0x8f90d12c0_0 .var/i "k", 31 0;
v0x8f90d1360 .array "mem", 127 0, 7 0;
v0x8f90d1400 .array "pipe", 3 0, 7 0;
v0x8f90d14a0_0 .net "w_collision", 0 0, L_0x8f9059420;  1 drivers
v0x8f90d1540_0 .net "wea", 0 0, L_0x8f9059260;  alias, 1 drivers
L_0x8f8cb55e0 .cmp/eq 32, L_0x8f9079ea0, L_0x8f9079f40;
S_0x8f8d00780 .scope module, "u_cordic" "cordic_atan2" 5 303, 7 30 0, S_0x8f8d00300;
 .timescale -9 -12;
    .port_info 0 /INPUT 1 "aclk";
    .port_info 1 /INPUT 1 "s_axis_cartesian_tvalid";
    .port_info 2 /INPUT 24 "s_axis_cartesian_tdata";
    .port_info 3 /OUTPUT 1 "m_axis_dout_tvalid";
    .port_info 4 /OUTPUT 16 "m_axis_dout_tdata";
P_0x8f8cd9740 .param/l "LATENCY" 0 7 31, +C4<00000000000000000000000000010101>;
v0x8f90d15e0_0 .net *"_ivl_13", 0 0, L_0x8f90e4780;  1 drivers
v0x8f90d1680_0 .net *"_ivl_15", 3 0, L_0x8f8cb63a0;  1 drivers
v0x8f90d1720_0 .net *"_ivl_17", 15 0, L_0x8f907ac60;  1 drivers
v0x8f90d17c0_0 .net *"_ivl_5", 0 0, L_0x8f90e46e0;  1 drivers
v0x8f90d1860_0 .net *"_ivl_7", 3 0, L_0x8f8cb6300;  1 drivers
v0x8f90d1900_0 .net *"_ivl_9", 15 0, L_0x8f907abc0;  1 drivers
v0x8f90d19a0_0 .net "aclk", 0 0, v0x8f90dea80_0;  alias, 1 drivers
v0x8f90d1a40 .array/s "dx_q", 20 0, 11 0;
v0x8f90d1ae0 .array/s "dy_q", 20 0, 11 0;
v0x8f90d1b80_0 .var/i "k", 31 0;
v0x8f90d1c20_0 .net "m_axis_dout_tdata", 15 0, L_0x8f907ad00;  alias, 1 drivers
v0x8f90d1cc0_0 .net "m_axis_dout_tvalid", 0 0, v0x8f90d1ea0_20;  alias, 1 drivers
v0x8f90d1d60_0 .net "s_axis_cartesian_tdata", 23 0, L_0x8f907ada0;  1 drivers
v0x8f90d1e00_0 .net "s_axis_cartesian_tvalid", 0 0, v0x8f90dd400_0;  1 drivers
v0x8f90d1ea0 .array "vld_q", 20 0, 0 0;
v0x8f90d1a40_20 .array/port v0x8f90d1a40, 20;
L_0x8f90e46e0 .part v0x8f90d1a40_20, 11, 1;
L_0x8f8cb6300 .repeat 4, 4, L_0x8f90e46e0;
L_0x8f907abc0 .concat [ 12 4 0 0], v0x8f90d1a40_20, L_0x8f8cb6300;
v0x8f90d1ae0_20 .array/port v0x8f90d1ae0, 20;
L_0x8f90e4780 .part v0x8f90d1ae0_20, 11, 1;
L_0x8f8cb63a0 .repeat 4, 4, L_0x8f90e4780;
L_0x8f907ac60 .concat [ 12 4 0 0], v0x8f90d1ae0_20, L_0x8f8cb63a0;
L_0x8f907ad00 .ufunc/vec4 TD_$unit.cordic_atan2_16, 16, L_0x8f907abc0, L_0x8f907ac60 (v0x8f9082d00_0, v0x8f9080000_0) S_0x1032cb420;
    .scope S_0x8f8d00480;
T_7 ;
    %pushi/vec4 0, 0, 32;
    %store/vec4 v0x8f90d0820_0, 0, 32;
T_7.0 ; Top of for-loop
    %load/vec4 v0x8f90d0820_0;
    %pad/s 162;
    %cmpi/s 128, 0, 162;
	  %jmp/0xz T_7.1, 5;
    %pushi/vec4 0, 0, 8;
    %ix/getv/s 4, v0x8f90d0820_0;
    %store/vec4a v0x8f90d0960, 4, 0;
T_7.2 ; for-loop step statement
    %load/vec4 v0x8f90d0820_0;
    %addi 1, 0, 32;
    %store/vec4 v0x8f90d0820_0, 0, 32;
    %jmp T_7.0;
T_7.1 ; for-loop exit label
    %end;
    .thread T_7;
    .scope S_0x8f8d00480;
T_8 ;
    %wait E_0x8f8ce6b40;
    %load/vec4 v0x8f90d06e0_0;
    %flag_set/vec4 9;
    %flag_get/vec4 9;
    %jmp/0 T_8.2, 9;
    %load/vec4 v0x8f90d0b40_0;
    %and;
T_8.2;
    %flag_set/vec4 8;
    %jmp/0xz  T_8.0, 8;
    %load/vec4 v0x8f90d05a0_0;
    %ix/getv 3, v0x8f90d0320_0;
    %ix/load 4, 0, 0; Constant delay
    %assign/vec4/a/d v0x8f90d0960, 0, 4;
T_8.0 ;
    %jmp T_8;
    .thread T_8;
    .scope S_0x8f8d00480;
T_9 ;
    %wait E_0x8f8ce6b40;
    %load/vec4 v0x8f90d0780_0;
    %flag_set/vec4 8;
    %jmp/0xz  T_9.0, 8;
    %load/vec4 v0x8f90d0aa0_0;
    %flag_set/vec4 9;
    %flag_get/vec4 9;
    %jmp/0 T_9.4, 9;
    %pushi/vec4 0, 0, 1;
    %and;
T_9.4;
    %flag_set/vec4 8;
    %jmp/0xz  T_9.2, 8;
    %ix/load 4, 0, 0;
    %flag_set/imm 4, 0;
    %load/vec4a v0x8f90d0a00, 4;
    %ix/load 3, 0, 0;
    %flag_set/imm 4, 0;
    %ix/load 4, 0, 0; Constant delay
    %assign/vec4/a/d v0x8f90d0a00, 0, 4;
    %jmp T_9.3;
T_9.2 ;
    %load/vec4 v0x8f90d0aa0_0;
    %flag_set/vec4 9;
    %flag_get/vec4 9;
    %jmp/0 T_9.7, 9;
    %pushi/vec4 0, 0, 1;
    %and;
T_9.7;
    %flag_set/vec4 8;
    %jmp/0xz  T_9.5, 8;
    %load/vec4 v0x8f90d05a0_0;
    %ix/load 3, 0, 0;
    %flag_set/imm 4, 0;
    %ix/load 4, 0, 0; Constant delay
    %assign/vec4/a/d v0x8f90d0a00, 0, 4;
    %jmp T_9.6;
T_9.5 ;
    %ix/getv 4, v0x8f90d03c0_0;
    %load/vec4a v0x8f90d0960, 4;
    %ix/load 3, 0, 0;
    %flag_set/imm 4, 0;
    %ix/load 4, 0, 0; Constant delay
    %assign/vec4/a/d v0x8f90d0a00, 0, 4;
T_9.6 ;
T_9.3 ;
    %pushi/vec4 1, 0, 32;
    %store/vec4 v0x8f90d08c0_0, 0, 32;
T_9.8 ; Top of for-loop
    %load/vec4 v0x8f90d08c0_0;
    %cmpi/s 1, 0, 32;
    %flag_get/vec4 5;
    %jmp/0 T_9.11, 5;
    %load/vec4 v0x8f90d08c0_0;
    %cmpi/s 4, 0, 32;
    %flag_get/vec4 5;
    %and;
T_9.11;
    %flag_set/vec4 8;
	  %jmp/0xz T_9.9, 8;
    %load/vec4 v0x8f90d08c0_0;
    %subi 1, 0, 32;
    %ix/vec4/s 4;
    %load/vec4a v0x8f90d0a00, 4;
    %ix/getv/s 3, v0x8f90d08c0_0;
    %ix/load 4, 0, 0; Constant delay
    %assign/vec4/a/d v0x8f90d0a00, 0, 4;
T_9.10 ; for-loop step statement
    %load/vec4 v0x8f90d08c0_0;
    %addi 1, 0, 32;
    %store/vec4 v0x8f90d08c0_0, 0, 32;
    %jmp T_9.8;
T_9.9 ; for-loop exit label
T_9.0 ;
    %jmp T_9;
    .thread T_9;
    .scope S_0x8f8d00600;
T_10 ;
    %pushi/vec4 0, 0, 32;
    %store/vec4 v0x8f90d1220_0, 0, 32;
T_10.0 ; Top of for-loop
    %load/vec4 v0x8f90d1220_0;
    %pad/s 162;
    %cmpi/s 128, 0, 162;
	  %jmp/0xz T_10.1, 5;
    %pushi/vec4 0, 0, 8;
    %ix/getv/s 4, v0x8f90d1220_0;
    %store/vec4a v0x8f90d1360, 4, 0;
T_10.2 ; for-loop step statement
    %load/vec4 v0x8f90d1220_0;
    %addi 1, 0, 32;
    %store/vec4 v0x8f90d1220_0, 0, 32;
    %jmp T_10.0;
T_10.1 ; for-loop exit label
    %end;
    .thread T_10;
    .scope S_0x8f8d00600;
T_11 ;
    %wait E_0x8f8ce6b40;
    %load/vec4 v0x8f90d10e0_0;
    %flag_set/vec4 9;
    %flag_get/vec4 9;
    %jmp/0 T_11.2, 9;
    %load/vec4 v0x8f90d1540_0;
    %and;
T_11.2;
    %flag_set/vec4 8;
    %jmp/0xz  T_11.0, 8;
    %load/vec4 v0x8f90d0fa0_0;
    %ix/getv 3, v0x8f90d0d20_0;
    %ix/load 4, 0, 0; Constant delay
    %assign/vec4/a/d v0x8f90d1360, 0, 4;
T_11.0 ;
    %jmp T_11;
    .thread T_11;
    .scope S_0x8f8d00600;
T_12 ;
    %wait E_0x8f8ce6b40;
    %load/vec4 v0x8f90d1180_0;
    %flag_set/vec4 8;
    %jmp/0xz  T_12.0, 8;
    %load/vec4 v0x8f90d14a0_0;
    %flag_set/vec4 9;
    %flag_get/vec4 9;
    %jmp/0 T_12.4, 9;
    %pushi/vec4 0, 0, 1;
    %and;
T_12.4;
    %flag_set/vec4 8;
    %jmp/0xz  T_12.2, 8;
    %ix/load 4, 0, 0;
    %flag_set/imm 4, 0;
    %load/vec4a v0x8f90d1400, 4;
    %ix/load 3, 0, 0;
    %flag_set/imm 4, 0;
    %ix/load 4, 0, 0; Constant delay
    %assign/vec4/a/d v0x8f90d1400, 0, 4;
    %jmp T_12.3;
T_12.2 ;
    %load/vec4 v0x8f90d14a0_0;
    %flag_set/vec4 9;
    %flag_get/vec4 9;
    %jmp/0 T_12.7, 9;
    %pushi/vec4 0, 0, 1;
    %and;
T_12.7;
    %flag_set/vec4 8;
    %jmp/0xz  T_12.5, 8;
    %load/vec4 v0x8f90d0fa0_0;
    %ix/load 3, 0, 0;
    %flag_set/imm 4, 0;
    %ix/load 4, 0, 0; Constant delay
    %assign/vec4/a/d v0x8f90d1400, 0, 4;
    %jmp T_12.6;
T_12.5 ;
    %ix/getv 4, v0x8f90d0dc0_0;
    %load/vec4a v0x8f90d1360, 4;
    %ix/load 3, 0, 0;
    %flag_set/imm 4, 0;
    %ix/load 4, 0, 0; Constant delay
    %assign/vec4/a/d v0x8f90d1400, 0, 4;
T_12.6 ;
T_12.3 ;
    %pushi/vec4 1, 0, 32;
    %store/vec4 v0x8f90d12c0_0, 0, 32;
T_12.8 ; Top of for-loop
    %load/vec4 v0x8f90d12c0_0;
    %cmpi/s 1, 0, 32;
    %flag_get/vec4 5;
    %jmp/0 T_12.11, 5;
    %load/vec4 v0x8f90d12c0_0;
    %cmpi/s 4, 0, 32;
    %flag_get/vec4 5;
    %and;
T_12.11;
    %flag_set/vec4 8;
	  %jmp/0xz T_12.9, 8;
    %load/vec4 v0x8f90d12c0_0;
    %subi 1, 0, 32;
    %ix/vec4/s 4;
    %load/vec4a v0x8f90d1400, 4;
    %ix/getv/s 3, v0x8f90d12c0_0;
    %ix/load 4, 0, 0; Constant delay
    %assign/vec4/a/d v0x8f90d1400, 0, 4;
T_12.10 ; for-loop step statement
    %load/vec4 v0x8f90d12c0_0;
    %addi 1, 0, 32;
    %store/vec4 v0x8f90d12c0_0, 0, 32;
    %jmp T_12.8;
T_12.9 ; for-loop exit label
T_12.0 ;
    %jmp T_12;
    .thread T_12;
    .scope S_0x8f8d00780;
T_13 ;
    %wait E_0x8f8ce6b40;
    %load/vec4 v0x8f90d1d60_0;
    %parti/s 12, 12, 5;
    %ix/load 3, 0, 0;
    %flag_set/imm 4, 0;
    %ix/load 4, 0, 0; Constant delay
    %assign/vec4/a/d v0x8f90d1a40, 0, 4;
    %load/vec4 v0x8f90d1d60_0;
    %parti/s 12, 0, 2;
    %ix/load 3, 0, 0;
    %flag_set/imm 4, 0;
    %ix/load 4, 0, 0; Constant delay
    %assign/vec4/a/d v0x8f90d1ae0, 0, 4;
    %load/vec4 v0x8f90d1e00_0;
    %ix/load 3, 0, 0;
    %flag_set/imm 4, 0;
    %ix/load 4, 0, 0; Constant delay
    %assign/vec4/a/d v0x8f90d1ea0, 0, 4;
    %pushi/vec4 1, 0, 32;
    %store/vec4 v0x8f90d1b80_0, 0, 32;
T_13.0 ; Top of for-loop
    %load/vec4 v0x8f90d1b80_0;
    %cmpi/s 21, 0, 32;
	  %jmp/0xz T_13.1, 5;
    %load/vec4 v0x8f90d1b80_0;
    %subi 1, 0, 32;
    %ix/vec4/s 4;
    %load/vec4a v0x8f90d1a40, 4;
    %ix/getv/s 3, v0x8f90d1b80_0;
    %ix/load 4, 0, 0; Constant delay
    %assign/vec4/a/d v0x8f90d1a40, 0, 4;
    %load/vec4 v0x8f90d1b80_0;
    %subi 1, 0, 32;
    %ix/vec4/s 4;
    %load/vec4a v0x8f90d1ae0, 4;
    %ix/getv/s 3, v0x8f90d1b80_0;
    %ix/load 4, 0, 0; Constant delay
    %assign/vec4/a/d v0x8f90d1ae0, 0, 4;
    %load/vec4 v0x8f90d1b80_0;
    %subi 1, 0, 32;
    %ix/vec4/s 4;
    %load/vec4a v0x8f90d1ea0, 4;
    %ix/getv/s 3, v0x8f90d1b80_0;
    %ix/load 4, 0, 0; Constant delay
    %assign/vec4/a/d v0x8f90d1ea0, 0, 4;
T_13.2 ; for-loop step statement
    %load/vec4 v0x8f90d1b80_0;
    %addi 1, 0, 32;
    %store/vec4 v0x8f90d1b80_0, 0, 32;
    %jmp T_13.0;
T_13.1 ; for-loop exit label
    %jmp T_13;
    .thread T_13;
    .scope S_0x8f8d00300;
T_14 ;
    %wait E_0x8f8ce6cc0;
    %load/vec4 v0x8f90dcaa0_0;
    %nor/r;
    %flag_set/vec4 8;
    %jmp/0xz  T_14.0, 8;
    %pushi/vec4 0, 0, 13;
    %assign/vec4 v0x8f90dd040_0, 0;
    %pushi/vec4 0, 0, 13;
    %assign/vec4 v0x8f90dce60_0, 0;
    %pushi/vec4 0, 0, 1;
    %assign/vec4 v0x8f90dc6e0_0, 0;
    %pushi/vec4 0, 0, 1;
    %assign/vec4 v0x8f90d75c0_0, 0;
    %pushi/vec4 0, 0, 2;
    %assign/vec4 v0x8f90d7480_0, 0;
    %pushi/vec4 0, 0, 1;
    %assign/vec4 v0x8f90d7520_0, 0;
    %pushi/vec4 0, 0, 8;
    %assign/vec4 v0x8f90d7660_0, 0;
    %jmp T_14.1;
T_14.0 ;
    %load/vec4 v0x8f90dcdc0_0;
    %flag_set/vec4 9;
    %flag_get/vec4 9;
    %jmp/0 T_14.4, 9;
    %load/vec4 v0x8f90dcd20_0;
    %and;
T_14.4;
    %flag_set/vec4 8;
    %jmp/0xz  T_14.2, 8;
    %pushi/vec4 1, 0, 1;
    %assign/vec4 v0x8f90dc6e0_0, 0;
    %pushi/vec4 0, 0, 1;
    %assign/vec4 v0x8f90d75c0_0, 0;
    %pushi/vec4 0, 0, 2;
    %assign/vec4 v0x8f90d7480_0, 0;
    %pushi/vec4 0, 0, 1;
    %assign/vec4 v0x8f90d7520_0, 0;
    %pushi/vec4 0, 0, 13;
    %assign/vec4 v0x8f90dd040_0, 0;
    %pushi/vec4 0, 0, 13;
    %assign/vec4 v0x8f90dce60_0, 0;
T_14.2 ;
    %load/vec4 v0x8f90dcdc0_0;
    %flag_set/vec4 9;
    %flag_get/vec4 9;
    %jmp/0 T_14.7, 9;
    %load/vec4 v0x8f90dcbe0_0;
    %and;
T_14.7;
    %flag_set/vec4 8;
    %jmp/0xz  T_14.5, 8;
    %pushi/vec4 0, 0, 1;
    %assign/vec4 v0x8f90dc6e0_0, 0;
    %pushi/vec4 1, 0, 1;
    %assign/vec4 v0x8f90d75c0_0, 0;
T_14.5 ;
    %load/vec4 v0x8f90dcdc0_0;
    %flag_set/vec4 11;
    %flag_get/vec4 11;
    %jmp/0 T_14.12, 11;
    %load/vec4 v0x8f90dcc80_0;
    %and;
T_14.12;
    %flag_set/vec4 10;
    %flag_get/vec4 10;
    %jmp/0 T_14.11, 10;
    %load/vec4 v0x8f90dc6e0_0;
    %and;
T_14.11;
    %flag_set/vec4 9;
    %flag_get/vec4 9;
    %jmp/0 T_14.10, 9;
    %load/vec4 v0x8f90dce60_0;
    %pad/u 130;
    %pushi/vec4 127, 0, 130;
    %cmp/e;
    %flag_get/vec4 4;
    %and;
T_14.10;
    %flag_set/vec4 8;
    %jmp/0xz  T_14.8, 8;
    %pushi/vec4 1, 0, 2;
    %assign/vec4 v0x8f90d7480_0, 0;
    %load/vec4 v0x8f90dd040_0;
    %pad/u 130;
    %cmpi/e 127, 0, 130;
    %jmp/0xz  T_14.13, 4;
    %pushi/vec4 1, 0, 1;
    %assign/vec4 v0x8f90d7520_0, 0;
T_14.13 ;
    %jmp T_14.9;
T_14.8 ;
    %load/vec4 v0x8f90d7480_0;
    %cmpi/ne 0, 0, 2;
    %jmp/0xz  T_14.15, 4;
    %load/vec4 v0x8f90d7480_0;
    %subi 1, 0, 2;
    %assign/vec4 v0x8f90d7480_0, 0;
T_14.15 ;
T_14.9 ;
    %load/vec4 v0x8f90d7520_0;
    %flag_set/vec4 11;
    %flag_get/vec4 11;
    %jmp/0 T_14.21, 11;
    %load/vec4 v0x8f90dda40_0;
    %and;
T_14.21;
    %flag_set/vec4 10;
    %flag_get/vec4 10;
    %jmp/0 T_14.20, 10;
    %load/vec4 v0x8f90dce60_0;
    %pad/u 130;
    %pushi/vec4 128, 0, 130;
    %cmp/e;
    %flag_get/vec4 4;
    %and;
T_14.20;
    %flag_set/vec4 9;
    %flag_get/vec4 9;
    %jmp/0 T_14.19, 9;
    %load/vec4 v0x8f90dd040_0;
    %pad/u 130;
    %pushi/vec4 128, 0, 130;
    %cmp/e;
    %flag_get/vec4 4;
    %and;
T_14.19;
    %flag_set/vec4 8;
    %jmp/0xz  T_14.17, 8;
    %pushi/vec4 0, 0, 1;
    %assign/vec4 v0x8f90d7520_0, 0;
    %pushi/vec4 0, 0, 1;
    %assign/vec4 v0x8f90d75c0_0, 0;
T_14.17 ;
    %load/vec4 v0x8f90dcdc0_0;
    %flag_set/vec4 10;
    %flag_get/vec4 10;
    %jmp/0 T_14.25, 10;
    %load/vec4 v0x8f90dcc80_0;
    %and;
T_14.25;
    %flag_set/vec4 9;
    %flag_get/vec4 9;
    %jmp/0 T_14.24, 9;
    %load/vec4 v0x8f90dc6e0_0;
    %and;
T_14.24;
    %flag_set/vec4 8;
    %jmp/0xz  T_14.22, 8;
    %load/vec4 v0x8f90dcb40_0;
    %assign/vec4 v0x8f90d7660_0, 0;
T_14.22 ;
    %load/vec4 v0x8f90dda40_0;
    %flag_set/vec4 8;
    %jmp/0xz  T_14.26, 8;
    %load/vec4 v0x8f90dce60_0;
    %pad/u 130;
    %cmpi/e 128, 0, 130;
    %jmp/0xz  T_14.28, 4;
    %pushi/vec4 0, 0, 13;
    %assign/vec4 v0x8f90dce60_0, 0;
    %load/vec4 v0x8f90dd040_0;
    %pad/u 130;
    %cmpi/e 128, 0, 130;
    %flag_mov 8, 4;
    %jmp/0 T_14.30, 8;
    %pushi/vec4 0, 0, 13;
    %jmp/1 T_14.31, 8;
T_14.30 ; End of true expr.
    %load/vec4 v0x8f90dd040_0;
    %addi 1, 0, 13;
    %jmp/0 T_14.31, 8;
 ; End of false expr.
    %blend;
T_14.31;
    %assign/vec4 v0x8f90dd040_0, 0;
    %jmp T_14.29;
T_14.28 ;
    %load/vec4 v0x8f90dce60_0;
    %addi 1, 0, 13;
    %assign/vec4 v0x8f90dce60_0, 0;
T_14.29 ;
T_14.26 ;
T_14.1 ;
    %jmp T_14;
    .thread T_14;
    .scope S_0x8f8d00300;
T_15 ;
    %wait E_0x8f8ce6cc0;
    %load/vec4 v0x8f90dcaa0_0;
    %nor/r;
    %flag_set/vec4 8;
    %jmp/0xz  T_15.0, 8;
    %pushi/vec4 0, 0, 8;
    %assign/vec4 v0x8f90d70c0_0, 0;
    %pushi/vec4 0, 0, 1;
    %assign/vec4 v0x8f90dca00_0, 0;
    %pushi/vec4 0, 0, 1;
    %assign/vec4 v0x8f90dd2c0_0, 0;
    %pushi/vec4 0, 0, 13;
    %assign/vec4 v0x8f90dd0e0_0, 0;
    %pushi/vec4 0, 0, 13;
    %assign/vec4 v0x8f90dcf00_0, 0;
    %jmp T_15.1;
T_15.0 ;
    %load/vec4 v0x8f90dd9a0_0;
    %assign/vec4 v0x8f90d70c0_0, 0;
    %load/vec4 v0x8f90dce60_0;
    %cmpi/e 0, 0, 13;
    %flag_get/vec4 4;
    %jmp/0 T_15.2, 4;
    %load/vec4 v0x8f90dda40_0;
    %and;
T_15.2;
    %assign/vec4 v0x8f90dca00_0, 0;
    %load/vec4 v0x8f90dda40_0;
    %assign/vec4 v0x8f90dd2c0_0, 0;
    %load/vec4 v0x8f90dd040_0;
    %assign/vec4 v0x8f90dd0e0_0, 0;
    %load/vec4 v0x8f90dce60_0;
    %assign/vec4 v0x8f90dcf00_0, 0;
T_15.1 ;
    %jmp T_15;
    .thread T_15;
    .scope S_0x8f8d00300;
T_16 ;
    %wait E_0x8f8ce6cc0;
    %load/vec4 v0x8f90dcaa0_0;
    %nor/r;
    %flag_set/vec4 8;
    %jmp/0xz  T_16.0, 8;
    %pushi/vec4 0, 0, 8;
    %assign/vec4 v0x8f90d77a0_0, 0;
    %pushi/vec4 0, 0, 8;
    %assign/vec4 v0x8f90d78e0_0, 0;
    %jmp T_16.1;
T_16.0 ;
    %load/vec4 v0x8f90dda40_0;
    %flag_set/vec4 9;
    %flag_get/vec4 9;
    %jmp/0 T_16.4, 9;
    %load/vec4 v0x8f90dce60_0;
    %pushi/vec4 0, 0, 13;
    %cmp/e;
    %flag_get/vec4 4;
    %and;
T_16.4;
    %flag_set/vec4 8;
    %jmp/0xz  T_16.2, 8;
    %load/vec4 v0x8f90d7700_0;
    %assign/vec4 v0x8f90d77a0_0, 0;
    %load/vec4 v0x8f90d7840_0;
    %assign/vec4 v0x8f90d78e0_0, 0;
T_16.2 ;
T_16.1 ;
    %jmp T_16;
    .thread T_16;
    .scope S_0x8f8d00300;
T_17 ;
    %wait E_0x8f8ce6cc0;
    %load/vec4 v0x8f90dcaa0_0;
    %nor/r;
    %flag_set/vec4 8;
    %jmp/0xz  T_17.0, 8;
    %pushi/vec4 0, 0, 1;
    %assign/vec4 v0x8f90dc1e0_0, 0;
    %pushi/vec4 0, 0, 13;
    %assign/vec4 v0x8f90dd180_0, 0;
    %pushi/vec4 0, 0, 8;
    %assign/vec4 v0x8f90dc280_0, 0;
    %pushi/vec4 0, 0, 8;
    %assign/vec4 v0x8f90dc320_0, 0;
    %jmp T_17.1;
T_17.0 ;
    %load/vec4 v0x8f90d7480_0;
    %pushi/vec4 0, 0, 2;
    %cmp/ne;
    %flag_get/vec4 4;
    %assign/vec4 v0x8f90dc1e0_0, 0;
    %load/vec4 v0x8f90dcdc0_0;
    %flag_set/vec4 11;
    %flag_get/vec4 11;
    %jmp/0 T_17.6, 11;
    %load/vec4 v0x8f90dcc80_0;
    %and;
T_17.6;
    %flag_set/vec4 10;
    %flag_get/vec4 10;
    %jmp/0 T_17.5, 10;
    %load/vec4 v0x8f90dc6e0_0;
    %and;
T_17.5;
    %flag_set/vec4 9;
    %flag_get/vec4 9;
    %jmp/0 T_17.4, 9;
    %load/vec4 v0x8f90dce60_0;
    %pad/u 130;
    %pushi/vec4 127, 0, 130;
    %cmp/e;
    %flag_get/vec4 4;
    %and;
T_17.4;
    %flag_set/vec4 8;
    %jmp/0xz  T_17.2, 8;
    %load/vec4 v0x8f90dd040_0;
    %assign/vec4 v0x8f90dd180_0, 0;
T_17.2 ;
    %load/vec4 v0x8f90d7480_0;
    %cmpi/ne 0, 0, 2;
    %jmp/0xz  T_17.7, 4;
    %load/vec4 v0x8f90d7700_0;
    %assign/vec4 v0x8f90dc280_0, 0;
    %load/vec4 v0x8f90d7840_0;
    %assign/vec4 v0x8f90dc320_0, 0;
T_17.7 ;
T_17.1 ;
    %jmp T_17;
    .thread T_17;
    .scope S_0x8f8d00300;
T_18 ;
    %wait E_0x8f8ce6cc0;
    %load/vec4 v0x8f90dcaa0_0;
    %nor/r;
    %flag_set/vec4 8;
    %jmp/0xz  T_18.0, 8;
    %pushi/vec4 0, 0, 32;
    %store/vec4 v0x8f90dc640_0, 0, 32;
T_18.2 ; Top of for-loop
    %load/vec4 v0x8f90dc640_0;
    %cmpi/s 3, 0, 32;
	  %jmp/0xz T_18.3, 5;
    %pushi/vec4 0, 0, 32;
    %store/vec4 v0x8f90d6e40_0, 0, 32;
T_18.5 ; Top of for-loop
    %load/vec4 v0x8f90d6e40_0;
    %cmpi/s 3, 0, 32;
	  %jmp/0xz T_18.6, 5;
    %pushi/vec4 0, 0, 8;
    %load/vec4 v0x8f90dc640_0;
    %pad/s 34;
    %pad/s 36;
    %muli 3, 0, 36;
    %pad/s 37;
    %load/vec4 v0x8f90d6e40_0;
    %pad/s 37;
    %add;
    %ix/vec4/s 3;
    %ix/load 4, 0, 0; Constant delay
    %assign/vec4/a/d v0x8f90de940, 0, 4;
T_18.7 ; for-loop step statement
    %load/vec4 v0x8f90d6e40_0;
    %addi 1, 0, 32;
    %store/vec4 v0x8f90d6e40_0, 0, 32;
    %jmp T_18.5;
T_18.6 ; for-loop exit label
T_18.4 ; for-loop step statement
    %load/vec4 v0x8f90dc640_0;
    %addi 1, 0, 32;
    %store/vec4 v0x8f90dc640_0, 0, 32;
    %jmp T_18.2;
T_18.3 ; for-loop exit label
    %pushi/vec4 0, 0, 1;
    %assign/vec4 v0x8f90dd540_0, 0;
    %pushi/vec4 0, 0, 13;
    %assign/vec4 v0x8f90dd220_0, 0;
    %pushi/vec4 0, 0, 13;
    %assign/vec4 v0x8f90dcfa0_0, 0;
    %jmp T_18.1;
T_18.0 ;
    %load/vec4 v0x8f90dd2c0_0;
    %flag_set/vec4 8;
    %jmp/0xz  T_18.8, 8;
    %load/vec4 v0x8f90dca00_0;
    %flag_set/vec4 9;
    %flag_get/vec4 9;
    %jmp/0 T_18.12, 9;
    %load/vec4 v0x8f90d7520_0;
    %and;
T_18.12;
    %flag_set/vec4 8;
    %jmp/0xz  T_18.10, 8;
    %load/vec4 v0x8f90ddfe0_0;
    %ix/load 3, 0, 0;
    %flag_set/imm 4, 0;
    %ix/load 4, 0, 0; Constant delay
    %assign/vec4/a/d v0x8f90de940, 0, 4;
    %load/vec4 v0x8f90ddfe0_0;
    %ix/load 3, 1, 0;
    %flag_set/imm 4, 0;
    %ix/load 4, 0, 0; Constant delay
    %assign/vec4/a/d v0x8f90de940, 0, 4;
    %load/vec4 v0x8f90ddfe0_0;
    %ix/load 3, 2, 0;
    %flag_set/imm 4, 0;
    %ix/load 4, 0, 0; Constant delay
    %assign/vec4/a/d v0x8f90de940, 0, 4;
    %load/vec4 v0x8f90ddf40_0;
    %ix/load 3, 3, 0;
    %flag_set/imm 4, 0;
    %ix/load 4, 0, 0; Constant delay
    %assign/vec4/a/d v0x8f90de940, 0, 4;
    %load/vec4 v0x8f90ddf40_0;
    %ix/load 3, 4, 0;
    %flag_set/imm 4, 0;
    %ix/load 4, 0, 0; Constant delay
    %assign/vec4/a/d v0x8f90de940, 0, 4;
    %load/vec4 v0x8f90ddf40_0;
    %ix/load 3, 5, 0;
    %flag_set/imm 4, 0;
    %ix/load 4, 0, 0; Constant delay
    %assign/vec4/a/d v0x8f90de940, 0, 4;
    %load/vec4 v0x8f90ddf40_0;
    %ix/load 3, 6, 0;
    %flag_set/imm 4, 0;
    %ix/load 4, 0, 0; Constant delay
    %assign/vec4/a/d v0x8f90de940, 0, 4;
    %load/vec4 v0x8f90ddf40_0;
    %ix/load 3, 7, 0;
    %flag_set/imm 4, 0;
    %ix/load 4, 0, 0; Constant delay
    %assign/vec4/a/d v0x8f90de940, 0, 4;
    %load/vec4 v0x8f90ddf40_0;
    %ix/load 3, 8, 0;
    %flag_set/imm 4, 0;
    %ix/load 4, 0, 0; Constant delay
    %assign/vec4/a/d v0x8f90de940, 0, 4;
    %jmp T_18.11;
T_18.10 ;
    %load/vec4 v0x8f90dca00_0;
    %flag_set/vec4 8;
    %jmp/0xz  T_18.13, 8;
    %load/vec4 v0x8f90de260_0;
    %ix/load 3, 0, 0;
    %flag_set/imm 4, 0;
    %ix/load 4, 0, 0; Constant delay
    %assign/vec4/a/d v0x8f90de940, 0, 4;
    %load/vec4 v0x8f90de260_0;
    %ix/load 3, 1, 0;
    %flag_set/imm 4, 0;
    %ix/load 4, 0, 0; Constant delay
    %assign/vec4/a/d v0x8f90de940, 0, 4;
    %load/vec4 v0x8f90de260_0;
    %ix/load 3, 2, 0;
    %flag_set/imm 4, 0;
    %ix/load 4, 0, 0; Constant delay
    %assign/vec4/a/d v0x8f90de940, 0, 4;
    %load/vec4 v0x8f90de1c0_0;
    %ix/load 3, 3, 0;
    %flag_set/imm 4, 0;
    %ix/load 4, 0, 0; Constant delay
    %assign/vec4/a/d v0x8f90de940, 0, 4;
    %load/vec4 v0x8f90de1c0_0;
    %ix/load 3, 4, 0;
    %flag_set/imm 4, 0;
    %ix/load 4, 0, 0; Constant delay
    %assign/vec4/a/d v0x8f90de940, 0, 4;
    %load/vec4 v0x8f90de1c0_0;
    %ix/load 3, 5, 0;
    %flag_set/imm 4, 0;
    %ix/load 4, 0, 0; Constant delay
    %assign/vec4/a/d v0x8f90de940, 0, 4;
    %load/vec4 v0x8f90de120_0;
    %ix/load 3, 6, 0;
    %flag_set/imm 4, 0;
    %ix/load 4, 0, 0; Constant delay
    %assign/vec4/a/d v0x8f90de940, 0, 4;
    %load/vec4 v0x8f90de120_0;
    %ix/load 3, 7, 0;
    %flag_set/imm 4, 0;
    %ix/load 4, 0, 0; Constant delay
    %assign/vec4/a/d v0x8f90de940, 0, 4;
    %load/vec4 v0x8f90de120_0;
    %ix/load 3, 8, 0;
    %flag_set/imm 4, 0;
    %ix/load 4, 0, 0; Constant delay
    %assign/vec4/a/d v0x8f90de940, 0, 4;
    %jmp T_18.14;
T_18.13 ;
    %pushi/vec4 0, 0, 32;
    %store/vec4 v0x8f90dc640_0, 0, 32;
T_18.15 ; Top of for-loop
    %load/vec4 v0x8f90dc640_0;
    %cmpi/s 3, 0, 32;
	  %jmp/0xz T_18.16, 5;
    %load/vec4 v0x8f90dc640_0;
    %pad/s 34;
    %pad/s 36;
    %muli 3, 0, 36;
    %pad/s 37;
    %pushi/vec4 1, 0, 2;
    %pad/s 37;
    %add;
    %ix/vec4/s 4;
    %load/vec4a v0x8f90de940, 4;
    %load/vec4 v0x8f90dc640_0;
    %pad/s 34;
    %pad/s 36;
    %muli 3, 0, 36;
    %ix/vec4/s 3;
    %ix/load 4, 0, 0; Constant delay
    %assign/vec4/a/d v0x8f90de940, 0, 4;
    %load/vec4 v0x8f90dc640_0;
    %pad/s 34;
    %pad/s 36;
    %muli 3, 0, 36;
    %pad/s 37;
    %pushi/vec4 2, 0, 3;
    %pad/s 37;
    %add;
    %ix/vec4/s 4;
    %load/vec4a v0x8f90de940, 4;
    %load/vec4 v0x8f90dc640_0;
    %pad/s 34;
    %pad/s 36;
    %muli 3, 0, 36;
    %pad/s 37;
    %pushi/vec4 1, 0, 2;
    %pad/s 37;
    %add;
    %ix/vec4/s 3;
    %ix/load 4, 0, 0; Constant delay
    %assign/vec4/a/d v0x8f90de940, 0, 4;
T_18.17 ; for-loop step statement
    %load/vec4 v0x8f90dc640_0;
    %addi 1, 0, 32;
    %store/vec4 v0x8f90dc640_0, 0, 32;
    %jmp T_18.15;
T_18.16 ; for-loop exit label
    %load/vec4 v0x8f90ddfe0_0;
    %ix/load 3, 2, 0;
    %flag_set/imm 4, 0;
    %ix/load 4, 0, 0; Constant delay
    %assign/vec4/a/d v0x8f90de940, 0, 4;
    %load/vec4 v0x8f90ddf40_0;
    %ix/load 3, 5, 0;
    %flag_set/imm 4, 0;
    %ix/load 4, 0, 0; Constant delay
    %assign/vec4/a/d v0x8f90de940, 0, 4;
    %load/vec4 v0x8f90ddea0_0;
    %ix/load 3, 8, 0;
    %flag_set/imm 4, 0;
    %ix/load 4, 0, 0; Constant delay
    %assign/vec4/a/d v0x8f90de940, 0, 4;
T_18.14 ;
T_18.11 ;
    %pushi/vec4 1, 0, 1;
    %assign/vec4 v0x8f90dd540_0, 0;
    %load/vec4 v0x8f90dd0e0_0;
    %assign/vec4 v0x8f90dd220_0, 0;
    %load/vec4 v0x8f90dcf00_0;
    %assign/vec4 v0x8f90dcfa0_0, 0;
    %jmp T_18.9;
T_18.8 ;
    %pushi/vec4 0, 0, 1;
    %assign/vec4 v0x8f90dd540_0, 0;
T_18.9 ;
T_18.1 ;
    %jmp T_18;
    .thread T_18;
    .scope S_0x8f8d00300;
T_19 ;
    %wait E_0x8f8ce6cc0;
    %load/vec4 v0x8f90dcaa0_0;
    %nor/r;
    %flag_set/vec4 8;
    %jmp/0xz  T_19.0, 8;
    %pushi/vec4 0, 0, 12;
    %assign/vec4 v0x8f90d7200_0, 0;
    %pushi/vec4 0, 0, 12;
    %assign/vec4 v0x8f90d72a0_0, 0;
    %pushi/vec4 0, 0, 1;
    %assign/vec4 v0x8f90dd400_0, 0;
    %pushi/vec4 0, 0, 13;
    %assign/vec4 v0x8f90dc780_0, 0;
    %pushi/vec4 0, 0, 13;
    %assign/vec4 v0x8f90dc3c0_0, 0;
    %jmp T_19.1;
T_19.0 ;
    %load/vec4 v0x8f90dd5e0_0;
    %assign/vec4 v0x8f90d7200_0, 0;
    %load/vec4 v0x8f90dd720_0;
    %assign/vec4 v0x8f90d72a0_0, 0;
    %load/vec4 v0x8f90dd540_0;
    %assign/vec4 v0x8f90dd400_0, 0;
    %load/vec4 v0x8f90dd220_0;
    %assign/vec4 v0x8f90dc780_0, 0;
    %load/vec4 v0x8f90dcfa0_0;
    %assign/vec4 v0x8f90dc3c0_0, 0;
T_19.1 ;
    %jmp T_19;
    .thread T_19;
    .scope S_0x8f8d00300;
T_20 ;
    %wait E_0x8f8ce6cc0;
    %load/vec4 v0x8f90dcaa0_0;
    %nor/r;
    %flag_set/vec4 8;
    %jmp/0xz  T_20.0, 8;
    %pushi/vec4 0, 0, 22;
    %assign/vec4 v0x8f90d7e80_0, 0;
    %pushi/vec4 0, 0, 1;
    %assign/vec4 v0x8f90dd4a0_0, 0;
    %pushi/vec4 0, 0, 13;
    %assign/vec4 v0x8f90dc820_0, 0;
    %pushi/vec4 0, 0, 13;
    %assign/vec4 v0x8f90dc460_0, 0;
    %jmp T_20.1;
T_20.0 ;
    %load/vec4 v0x8f90dd680_0;
    %parti/s 22, 0, 2;
    %load/vec4 v0x8f90dd7c0_0;
    %parti/s 22, 0, 2;
    %add;
    %assign/vec4 v0x8f90d7e80_0, 0;
    %load/vec4 v0x8f90dd400_0;
    %assign/vec4 v0x8f90dd4a0_0, 0;
    %load/vec4 v0x8f90dc780_0;
    %assign/vec4 v0x8f90dc820_0, 0;
    %load/vec4 v0x8f90dc3c0_0;
    %assign/vec4 v0x8f90dc460_0, 0;
T_20.1 ;
    %jmp T_20;
    .thread T_20;
    .scope S_0x8f8d00300;
T_21 ;
    %wait E_0x8f8ce6cc0;
    %load/vec4 v0x8f90dcaa0_0;
    %nor/r;
    %flag_set/vec4 8;
    %jmp/0xz  T_21.0, 8;
    %pushi/vec4 0, 0, 32;
    %store/vec4 v0x8f90dc640_0, 0, 32;
T_21.2 ; Top of for-loop
    %load/vec4 v0x8f90dc640_0;
    %pad/s 33;
    %cmpi/s 20, 0, 33;
	  %jmp/0xz T_21.3, 5;
    %pushi/vec4 0, 0, 22;
    %ix/getv/s 3, v0x8f90dc640_0;
    %ix/load 4, 0, 0; Constant delay
    %assign/vec4/a/d v0x8f90d7d40, 0, 4;
    %pushi/vec4 0, 0, 13;
    %ix/getv/s 3, v0x8f90dc640_0;
    %ix/load 4, 0, 0; Constant delay
    %assign/vec4/a/d v0x8f90dc8c0, 0, 4;
    %pushi/vec4 0, 0, 13;
    %ix/getv/s 3, v0x8f90dc640_0;
    %ix/load 4, 0, 0; Constant delay
    %assign/vec4/a/d v0x8f90dc500, 0, 4;
T_21.4 ; for-loop step statement
    %load/vec4 v0x8f90dc640_0;
    %addi 1, 0, 32;
    %store/vec4 v0x8f90dc640_0, 0, 32;
    %jmp T_21.2;
T_21.3 ; for-loop exit label
    %pushi/vec4 0, 0, 20;
    %assign/vec4 v0x8f90dd360_0, 0;
    %jmp T_21.1;
T_21.0 ;
    %load/vec4 v0x8f90d7e80_0;
    %ix/load 3, 0, 0;
    %flag_set/imm 4, 0;
    %ix/load 4, 0, 0; Constant delay
    %assign/vec4/a/d v0x8f90d7d40, 0, 4;
    %load/vec4 v0x8f90dc820_0;
    %ix/load 3, 0, 0;
    %flag_set/imm 4, 0;
    %ix/load 4, 0, 0; Constant delay
    %assign/vec4/a/d v0x8f90dc8c0, 0, 4;
    %load/vec4 v0x8f90dc460_0;
    %ix/load 3, 0, 0;
    %flag_set/imm 4, 0;
    %ix/load 4, 0, 0; Constant delay
    %assign/vec4/a/d v0x8f90dc500, 0, 4;
    %pushi/vec4 1, 0, 32;
    %store/vec4 v0x8f90dc640_0, 0, 32;
T_21.5 ; Top of for-loop
    %load/vec4 v0x8f90dc640_0;
    %pad/s 33;
    %cmpi/s 20, 0, 33;
	  %jmp/0xz T_21.6, 5;
    %load/vec4 v0x8f90dc640_0;
    %subi 1, 0, 32;
    %ix/vec4/s 4;
    %load/vec4a v0x8f90d7d40, 4;
    %ix/getv/s 3, v0x8f90dc640_0;
    %ix/load 4, 0, 0; Constant delay
    %assign/vec4/a/d v0x8f90d7d40, 0, 4;
    %load/vec4 v0x8f90dc640_0;
    %subi 1, 0, 32;
    %ix/vec4/s 4;
    %load/vec4a v0x8f90dc8c0, 4;
    %ix/getv/s 3, v0x8f90dc640_0;
    %ix/load 4, 0, 0; Constant delay
    %assign/vec4/a/d v0x8f90dc8c0, 0, 4;
    %load/vec4 v0x8f90dc640_0;
    %subi 1, 0, 32;
    %ix/vec4/s 4;
    %load/vec4a v0x8f90dc500, 4;
    %ix/getv/s 3, v0x8f90dc640_0;
    %ix/load 4, 0, 0; Constant delay
    %assign/vec4/a/d v0x8f90dc500, 0, 4;
T_21.7 ; for-loop step statement
    %load/vec4 v0x8f90dc640_0;
    %addi 1, 0, 32;
    %store/vec4 v0x8f90dc640_0, 0, 32;
    %jmp T_21.5;
T_21.6 ; for-loop exit label
    %load/vec4 v0x8f90dd360_0;
    %parti/s 19, 0, 2;
    %load/vec4 v0x8f90dd4a0_0;
    %concat/vec4; draw_concat_vec4
    %assign/vec4 v0x8f90dd360_0, 0;
T_21.1 ;
    %jmp T_21;
    .thread T_21;
    .scope S_0x8f8d00300;
T_22 ;
    %wait E_0x8f8ce6b40;
    %load/vec4 v0x8f90dcaa0_0;
    %nor/r;
    %flag_set/vec4 8;
    %jmp/0xz  T_22.0, 8;
    %pushi/vec4 0, 0, 1;
    %assign/vec4 v0x8f90d73e0_0, 0;
    %pushi/vec4 0, 0, 1;
    %assign/vec4 v0x8f90d7340_0, 0;
    %jmp T_22.1;
T_22.0 ;
    %load/vec4 v0x8f90d7020_0;
    %flag_set/vec4 9;
    %flag_get/vec4 9;
    %jmp/0 T_22.4, 9;
    %load/vec4 v0x8f90d7340_0;
    %nor/r;
    %and;
T_22.4;
    %flag_set/vec4 8;
    %jmp/0xz  T_22.2, 8;
    %pushi/vec4 1, 0, 1;
    %assign/vec4 v0x8f90d7340_0, 0;
T_22.2 ;
    %load/vec4 v0x8f90d7340_0;
    %flag_set/vec4 9;
    %flag_get/vec4 9;
    %jmp/0 T_22.7, 9;
    %load/vec4 v0x8f90d7020_0;
    %load/vec4 v0x8f90dd360_0;
    %parti/s 1, 19, 6;
    %cmp/ne;
    %flag_get/vec4 6;
    %and;
T_22.7;
    %flag_set/vec4 8;
    %jmp/0xz  T_22.5, 8;
    %load/vec4 v0x8f90d73e0_0;
    %nor/r;
    %flag_set/vec4 8;
    %jmp/0xz  T_22.8, 8;
    %vpi_call/w 5 377 "$error", "F2 ALIGN MISMATCH: cordic_out_valid != mag2 delay-line valid (CORDIC_IP_LATENCY=%0d wrong)", P_0x1032d0440 {0 0 0};
T_22.8 ;
    %pushi/vec4 1, 0, 1;
    %assign/vec4 v0x8f90d73e0_0, 0;
T_22.5 ;
T_22.1 ;
    %jmp T_22;
    .thread T_22;
    .scope S_0x8f8d00300;
T_23 ;
    %wait E_0x8f8ce6cc0;
    %load/vec4 v0x8f90dcaa0_0;
    %nor/r;
    %flag_set/vec4 8;
    %jmp/0xz  T_23.0, 8;
    %pushi/vec4 0, 0, 13;
    %assign/vec4 v0x8f90dc0a0_0, 0;
    %pushi/vec4 0, 0, 13;
    %assign/vec4 v0x8f90d7f20_0, 0;
    %jmp T_23.1;
T_23.0 ;
    %load/vec4 v0x8f90dd860_0;
    %flag_set/vec4 8;
    %jmp/0xz  T_23.2, 8;
    %load/vec4 v0x8f90d7f20_0;
    %pad/u 130;
    %cmpi/e 127, 0, 130;
    %jmp/0xz  T_23.4, 4;
    %pushi/vec4 0, 0, 13;
    %assign/vec4 v0x8f90d7f20_0, 0;
    %load/vec4 v0x8f90dc0a0_0;
    %pad/u 130;
    %cmpi/e 127, 0, 130;
    %jmp/0xz  T_23.6, 4;
    %pushi/vec4 0, 0, 13;
    %assign/vec4 v0x8f90dc0a0_0, 0;
    %jmp T_23.7;
T_23.6 ;
    %load/vec4 v0x8f90dc0a0_0;
    %addi 1, 0, 13;
    %assign/vec4 v0x8f90dc0a0_0, 0;
T_23.7 ;
    %jmp T_23.5;
T_23.4 ;
    %load/vec4 v0x8f90d7f20_0;
    %addi 1, 0, 13;
    %assign/vec4 v0x8f90d7f20_0, 0;
T_23.5 ;
T_23.2 ;
T_23.1 ;
    %jmp T_23;
    .thread T_23;
    .scope S_0x1032cb2a0;
T_24 ;
    %pushi/vec4 0, 0, 1;
    %store/vec4 v0x8f90dea80_0, 0, 1;
    %pushi/vec4 0, 0, 1;
    %store/vec4 v0x8f90df8e0_0, 0, 1;
    %pushi/vec4 0, 0, 1;
    %store/vec4 v0x8f90dfc00_0, 0, 1;
    %pushi/vec4 0, 0, 8;
    %store/vec4 v0x8f90df980_0, 0, 8;
    %pushi/vec4 0, 0, 1;
    %store/vec4 v0x8f90dfb60_0, 0, 1;
    %pushi/vec4 0, 0, 1;
    %store/vec4 v0x8f90dfa20_0, 0, 1;
    %pushi/vec4 0, 0, 32;
    %store/vec4 v0x8f90ded00_0, 0, 32;
    %pushi/vec4 0, 0, 32;
    %store/vec4 v0x8f90dfca0_0, 0, 32;
    %pushi/vec4 0, 0, 32;
    %store/vec4 v0x8f90df840_0, 0, 32;
    %pushi/vec4 0, 0, 32;
    %store/vec4 v0x8f90df700_0, 0, 32;
    %pushi/vec4 0, 0, 32;
    %store/vec4 v0x8f90df7a0_0, 0, 32;
    %end;
    .thread T_24, $init;
    .scope S_0x1032cb2a0;
T_25 ;
    %delay 5000, 0;
    %load/vec4 v0x8f90dea80_0;
    %inv;
    %store/vec4 v0x8f90dea80_0, 0, 1;
    %jmp T_25;
    .thread T_25;
    .scope S_0x1032cb2a0;
T_26 ;
    %pushi/vec4 388818, 0, 32;
    %store/vec4 v0x8f90df2a0_0, 0, 32;
    %pushi/vec4 0, 0, 32;
    %store/vec4 v0x8f90df0c0_0, 0, 32;
T_26.0 ; Top of for-loop
    %load/vec4 v0x8f90df0c0_0;
    %pad/s 260;
    %cmpi/s 32768, 0, 260;
	  %jmp/0xz T_26.1, 5;
    %load/vec4 v0x8f90df0c0_0;
    %pad/s 130;
    %pushi/vec4 128, 0, 130;
    %div/s;
    %pushi/vec4 128, 0, 130;
    %mod/s;
    %pad/s 32;
    %store/vec4 v0x8f90df200_0, 0, 32;
    %load/vec4 v0x8f90df0c0_0;
    %pad/s 130;
    %pushi/vec4 128, 0, 130;
    %mod/s;
    %pad/s 32;
    %store/vec4 v0x8f90df160_0, 0, 32;
    %load/vec4 v0x8f90df200_0;
    %load/vec4 v0x8f90df160_0;
    %add;
    %pushi/vec4 255, 0, 32;
    %and;
    %pad/u 16;
    %store/vec4 v0x8f90de9e0_0, 0, 16;
    %callf/vec4 TD_tb_sbm_alg2_sobel.lcg_next, S_0x1032c0f90;
    %store/vec4 v0x8f90df340_0, 0, 32;
    %load/vec4 v0x8f90de9e0_0;
    %parti/s 8, 0, 2;
    %ix/getv/s 4, v0x8f90df0c0_0;
    %store/vec4a v0x8f90df020, 4, 0;
    %load/vec4 v0x8f90df200_0;
    %pad/s 130;
    %cmpi/s 32, 0, 130;
    %flag_inv 5; GE is !LT
    %flag_get/vec4 5;
    %jmp/0 T_26.7, 5;
    %load/vec4 v0x8f90df200_0;
    %pad/s 130;
    %cmpi/s 96, 0, 130;
    %flag_get/vec4 5;
    %and;
T_26.7;
    %flag_set/vec4 10;
    %flag_get/vec4 10;
    %jmp/0 T_26.6, 10;
    %pushi/vec4 32, 0, 130;
    %load/vec4 v0x8f90df160_0;
    %pad/s 130;
    %cmp/s;
    %flag_get/vec4 4;
    %flag_get/vec4 5;
    %or;
    %and;
T_26.6;
    %flag_set/vec4 9;
    %flag_get/vec4 9;
    %jmp/0 T_26.5, 9;
    %load/vec4 v0x8f90df160_0;
    %pad/s 130;
    %cmpi/s 96, 0, 130;
    %flag_get/vec4 5;
    %and;
T_26.5;
    %flag_set/vec4 8;
    %jmp/0xz  T_26.3, 8;
    %ix/getv/s 4, v0x8f90df0c0_0;
    %load/vec4a v0x8f90df020, 4;
    %addi 96, 0, 8;
    %ix/getv/s 4, v0x8f90df0c0_0;
    %store/vec4a v0x8f90df020, 4, 0;
T_26.3 ;
    %ix/getv/s 4, v0x8f90df0c0_0;
    %load/vec4a v0x8f90df020, 4;
    %load/vec4 v0x8f90df340_0;
    %parti/s 3, 0, 2;
    %pad/u 8;
    %add;
    %ix/getv/s 4, v0x8f90df0c0_0;
    %store/vec4a v0x8f90df020, 4, 0;
T_26.2 ; for-loop step statement
    %load/vec4 v0x8f90df0c0_0;
    %addi 1, 0, 32;
    %store/vec4 v0x8f90df0c0_0, 0, 32;
    %jmp T_26.0;
T_26.1 ; for-loop exit label
    %end;
    .thread T_26;
    .scope S_0x1032cb2a0;
T_27 ;
    %wait E_0x8f8ce6b40;
    %load/vec4 v0x8f90d7200_0;
    %ix/load 3, 0, 0;
    %flag_set/imm 4, 0;
    %ix/load 4, 0, 0; Constant delay
    %assign/vec4/a/d v0x8f90debc0, 0, 4;
    %load/vec4 v0x8f90d72a0_0;
    %ix/load 3, 0, 0;
    %flag_set/imm 4, 0;
    %ix/load 4, 0, 0; Constant delay
    %assign/vec4/a/d v0x8f90dec60, 0, 4;
    %pushi/vec4 1, 0, 32;
    %store/vec4 v0x8f90deb20_0, 0, 32;
T_27.0 ; Top of for-loop
    %load/vec4 v0x8f90deb20_0;
    %cmpi/s 21, 0, 32;
	  %jmp/0xz T_27.1, 5;
    %load/vec4 v0x8f90deb20_0;
    %subi 1, 0, 32;
    %ix/vec4/s 4;
    %load/vec4a v0x8f90debc0, 4;
    %ix/getv/s 3, v0x8f90deb20_0;
    %ix/load 4, 0, 0; Constant delay
    %assign/vec4/a/d v0x8f90debc0, 0, 4;
    %load/vec4 v0x8f90deb20_0;
    %subi 1, 0, 32;
    %ix/vec4/s 4;
    %load/vec4a v0x8f90dec60, 4;
    %ix/getv/s 3, v0x8f90deb20_0;
    %ix/load 4, 0, 0; Constant delay
    %assign/vec4/a/d v0x8f90dec60, 0, 4;
T_27.2 ; for-loop step statement
    %load/vec4 v0x8f90deb20_0;
    %addi 1, 0, 32;
    %store/vec4 v0x8f90deb20_0, 0, 32;
    %jmp T_27.0;
T_27.1 ; for-loop exit label
    %jmp T_27;
    .thread T_27;
    .scope S_0x1032cb2a0;
T_28 ;
    %wait E_0x8f8ce6b40;
    %load/vec4 v0x8f90df8e0_0;
    %flag_set/vec4 9;
    %flag_get/vec4 9;
    %jmp/0 T_28.2, 9;
    %load/vec4 v0x8f90df660_0;
    %and;
T_28.2;
    %flag_set/vec4 8;
    %jmp/0xz  T_28.0, 8;
    %load/vec4 v0x8f90df5c0_0;
    %load/vec4 v0x8f90df840_0;
    %cmpi/e 0, 0, 32;
    %flag_get/vec4 4;
    %jmp/0 T_28.5, 4;
    %load/vec4 v0x8f90df700_0;
    %pushi/vec4 0, 0, 32;
    %cmp/e;
    %flag_get/vec4 4;
    %and;
T_28.5;
    %cmp/ne;
    %jmp/0xz  T_28.3, 6;
    %load/vec4 v0x8f90ded00_0;
    %addi 1, 0, 32;
    %store/vec4 v0x8f90ded00_0, 0, 32;
    %load/vec4 v0x8f90ded00_0;
    %cmpi/s 40, 0, 32;
    %flag_or 5, 4;
    %jmp/0xz  T_28.6, 5;
    %vpi_call/w 4 213 "$display", "ERR protocol tuser @ frame=%0d row=%0d col=%0d", v0x8f90df7a0_0, v0x8f90df840_0, v0x8f90df700_0 {0 0 0};
T_28.6 ;
T_28.3 ;
    %load/vec4 v0x8f90df520_0;
    %load/vec4 v0x8f90df700_0;
    %pad/s 130;
    %pushi/vec4 127, 0, 130;
    %cmp/e;
    %flag_get/vec4 4;
    %cmp/ne;
    %jmp/0xz  T_28.8, 6;
    %load/vec4 v0x8f90ded00_0;
    %addi 1, 0, 32;
    %store/vec4 v0x8f90ded00_0, 0, 32;
    %load/vec4 v0x8f90ded00_0;
    %cmpi/s 40, 0, 32;
    %flag_or 5, 4;
    %jmp/0xz  T_28.10, 5;
    %vpi_call/w 4 218 "$display", "ERR protocol tlast @ frame=%0d row=%0d col=%0d", v0x8f90df7a0_0, v0x8f90df840_0, v0x8f90df700_0 {0 0 0};
T_28.10 ;
T_28.8 ;
    %load/vec4 v0x8f90df7a0_0;
    %load/vec4 v0x8f90df840_0;
    %load/vec4 v0x8f90df700_0;
    %store/vec4 v0x8f90832a0_0, 0, 32;
    %store/vec4 v0x8f90835c0_0, 0, 32;
    %store/vec4 v0x8f9083480_0, 0, 32;
    %callf/vec4 TD_tb_sbm_alg2_sobel.g_dx, S_0x1032c8310;
    %store/vec4 v0x8f90dee40_0, 0, 32;
    %load/vec4 v0x8f90df7a0_0;
    %load/vec4 v0x8f90df840_0;
    %load/vec4 v0x8f90df700_0;
    %store/vec4 v0x8f90837a0_0, 0, 32;
    %store/vec4 v0x8f9083ac0_0, 0, 32;
    %store/vec4 v0x8f9083980_0, 0, 32;
    %callf/vec4 TD_tb_sbm_alg2_sobel.g_dy, S_0x1032c0e10;
    %store/vec4 v0x8f90deee0_0, 0, 32;
    %load/vec4 v0x8f90dee40_0;
    %load/vec4 v0x8f90dee40_0;
    %mul;
    %load/vec4 v0x8f90deee0_0;
    %load/vec4 v0x8f90deee0_0;
    %mul;
    %add;
    %store/vec4 v0x8f90def80_0, 0, 32;
    %load/vec4 v0x8f90dee40_0;
    %parti/s 16, 0, 2;
    %load/vec4 v0x8f90deee0_0;
    %parti/s 16, 0, 2;
    %store/vec4 v0x8f9080000_0, 0, 16;
    %store/vec4 v0x8f9082d00_0, 0, 16;
    %callf/vec4 TD_$unit.cordic_atan2_16, S_0x1032cb420;
    %store/vec4 v0x8f90deda0_0, 0, 16;
    %ix/load 4, 20, 0;
    %flag_set/imm 4, 0;
    %load/vec4a v0x8f90debc0, 4;
    %load/vec4 v0x8f90dee40_0;
    %parti/s 12, 0, 2;
    %cmp/ne;
    %jmp/0xz  T_28.12, 6;
    %load/vec4 v0x8f90ded00_0;
    %addi 1, 0, 32;
    %store/vec4 v0x8f90ded00_0, 0, 32;
    %load/vec4 v0x8f90ded00_0;
    %cmpi/s 40, 0, 32;
    %flag_or 5, 4;
    %jmp/0xz  T_28.14, 5;
    %vpi_call/w 4 228 "$display", "ERR dx @ frame=%0d row=%0d col=%0d: got=%0d exp=%0d", v0x8f90df7a0_0, v0x8f90df840_0, v0x8f90df700_0, &A<v0x8f90debc0, 20>, v0x8f90dee40_0 {0 0 0};
T_28.14 ;
T_28.12 ;
    %ix/load 4, 20, 0;
    %flag_set/imm 4, 0;
    %load/vec4a v0x8f90dec60, 4;
    %load/vec4 v0x8f90deee0_0;
    %parti/s 12, 0, 2;
    %cmp/ne;
    %jmp/0xz  T_28.16, 6;
    %load/vec4 v0x8f90ded00_0;
    %addi 1, 0, 32;
    %store/vec4 v0x8f90ded00_0, 0, 32;
    %load/vec4 v0x8f90ded00_0;
    %cmpi/s 40, 0, 32;
    %flag_or 5, 4;
    %jmp/0xz  T_28.18, 5;
    %vpi_call/w 4 234 "$display", "ERR dy @ frame=%0d row=%0d col=%0d: got=%0d exp=%0d", v0x8f90df7a0_0, v0x8f90df840_0, v0x8f90df700_0, &A<v0x8f90dec60, 20>, v0x8f90deee0_0 {0 0 0};
T_28.18 ;
T_28.16 ;
    %load/vec4 v0x8f90df480_0;
    %load/vec4 v0x8f90def80_0;
    %parti/s 22, 0, 2;
    %cmp/ne;
    %jmp/0xz  T_28.20, 6;
    %load/vec4 v0x8f90ded00_0;
    %addi 1, 0, 32;
    %store/vec4 v0x8f90ded00_0, 0, 32;
    %load/vec4 v0x8f90ded00_0;
    %cmpi/s 40, 0, 32;
    %flag_or 5, 4;
    %jmp/0xz  T_28.22, 5;
    %vpi_call/w 4 240 "$display", "ERR mag2 @ frame=%0d row=%0d col=%0d: got=%0d exp=%0d", v0x8f90df7a0_0, v0x8f90df840_0, v0x8f90df700_0, v0x8f90df480_0, v0x8f90def80_0 {0 0 0};
T_28.22 ;
T_28.20 ;
    %load/vec4 v0x8f90df3e0_0;
    %load/vec4 v0x8f90deda0_0;
    %cmp/ne;
    %jmp/0xz  T_28.24, 6;
    %load/vec4 v0x8f90ded00_0;
    %addi 1, 0, 32;
    %store/vec4 v0x8f90ded00_0, 0, 32;
    %load/vec4 v0x8f90ded00_0;
    %cmpi/s 40, 0, 32;
    %flag_or 5, 4;
    %jmp/0xz  T_28.26, 5;
    %vpi_call/w 4 246 "$display", "ERR angle @ frame=%0d row=%0d col=%0d: got=%0d exp=%0d", v0x8f90df7a0_0, v0x8f90df840_0, v0x8f90df700_0, v0x8f90df3e0_0, v0x8f90deda0_0 {0 0 0};
T_28.26 ;
T_28.24 ;
    %load/vec4 v0x8f90dfca0_0;
    %addi 1, 0, 32;
    %store/vec4 v0x8f90dfca0_0, 0, 32;
    %load/vec4 v0x8f90df700_0;
    %pad/s 130;
    %cmpi/e 127, 0, 130;
    %jmp/0xz  T_28.28, 4;
    %pushi/vec4 0, 0, 32;
    %store/vec4 v0x8f90df700_0, 0, 32;
    %load/vec4 v0x8f90df840_0;
    %pad/s 130;
    %cmpi/e 127, 0, 130;
    %jmp/0xz  T_28.30, 4;
    %pushi/vec4 0, 0, 32;
    %store/vec4 v0x8f90df840_0, 0, 32;
    %load/vec4 v0x8f90df7a0_0;
    %addi 1, 0, 32;
    %store/vec4 v0x8f90df7a0_0, 0, 32;
    %jmp T_28.31;
T_28.30 ;
    %load/vec4 v0x8f90df840_0;
    %addi 1, 0, 32;
    %store/vec4 v0x8f90df840_0, 0, 32;
T_28.31 ;
    %jmp T_28.29;
T_28.28 ;
    %load/vec4 v0x8f90df700_0;
    %addi 1, 0, 32;
    %store/vec4 v0x8f90df700_0, 0, 32;
T_28.29 ;
T_28.0 ;
    %jmp T_28;
    .thread T_28;
    .scope S_0x1032cb2a0;
T_29 ;
    %pushi/vec4 0, 0, 1;
    %store/vec4 v0x8f90df8e0_0, 0, 1;
    %pushi/vec4 10, 0, 32;
T_29.0 %dup/vec4;
    %cmpi/s 0, 0, 32;
    %jmp/1xz T_29.1, 5;
    %jmp/1 T_29.1, 4;
    %subi 1, 0, 32;
    %wait E_0x8f8ce6b40;
    %jmp T_29.0;
T_29.1 ;
    %pop/vec4 1;
    %pushi/vec4 1, 0, 1;
    %store/vec4 v0x8f90df8e0_0, 0, 1;
    %pushi/vec4 0, 0, 32;
    %store/vec4 v0x8f90d00a0_0, 0, 32;
    %fork TD_tb_sbm_alg2_sobel.send_frame, S_0x8f8d00180;
    %join;
    %pushi/vec4 512, 0, 130;
T_29.2 %dup/vec4;
    %cmpi/s 0, 0, 130;
    %jmp/1xz T_29.3, 5;
    %jmp/1 T_29.3, 4;
    %subi 1, 0, 130;
    %wait E_0x8f8ce6b40;
    %jmp T_29.2;
T_29.3 ;
    %pop/vec4 1;
    %pushi/vec4 1, 0, 32;
    %store/vec4 v0x8f90d00a0_0, 0, 32;
    %fork TD_tb_sbm_alg2_sobel.send_frame, S_0x8f8d00180;
    %join;
    %pushi/vec4 484, 0, 130;
T_29.4 %dup/vec4;
    %cmpi/s 0, 0, 130;
    %jmp/1xz T_29.5, 5;
    %jmp/1 T_29.5, 4;
    %subi 1, 0, 130;
    %wait E_0x8f8ce6b40;
    %jmp T_29.4;
T_29.5 ;
    %pop/vec4 1;
    %load/vec4 v0x8f90dfca0_0;
    %pad/s 260;
    %cmpi/ne 32768, 0, 260;
    %jmp/0xz  T_29.6, 6;
    %vpi_call/w 4 281 "$display", "ERR output count: got=%0d exp=%0d", v0x8f90dfca0_0, 260'sb00000000000000000000000000000000000000000000000000000000000000000000000000000000000000000000000000000000000000000000000000000000000000000000000000000000000000000000000000000000000000000000000000000000000000000000000000000000000000000000000000001000000000000000 {0 0 0};
    %load/vec4 v0x8f90ded00_0;
    %addi 1, 0, 32;
    %store/vec4 v0x8f90ded00_0, 0, 32;
T_29.6 ;
    %load/vec4 v0x8f90ded00_0;
    %cmpi/e 0, 0, 32;
    %flag_get/vec4 4;
    %jmp/0 T_29.10, 4;
    %load/vec4 v0x8f90dfca0_0;
    %pad/s 260;
    %pushi/vec4 32768, 0, 260;
    %cmp/e;
    %flag_get/vec4 4;
    %and;
T_29.10;
    %flag_set/vec4 8;
    %jmp/0xz  T_29.8, 8;
    %vpi_call/w 4 285 "$display", "PASS: %0d pixels (dx/dy/mag2/angle + protocol) matched", v0x8f90dfca0_0 {0 0 0};
    %jmp T_29.9;
T_29.8 ;
    %vpi_call/w 4 287 "$display", "FAIL: err=%0d total=%0d (exp %0d)", v0x8f90ded00_0, v0x8f90dfca0_0, 260'sb00000000000000000000000000000000000000000000000000000000000000000000000000000000000000000000000000000000000000000000000000000000000000000000000000000000000000000000000000000000000000000000000000000000000000000000000000000000000000000000000000001000000000000000 {0 0 0};
T_29.9 ;
    %vpi_call/w 4 288 "$finish" {0 0 0};
    %end;
    .thread T_29;
    .scope S_0x1032cb2a0;
T_30 ;
    %delay 1345294336, 9;
    %vpi_call/w 4 294 "$display", "FAIL: TIMEOUT (simulation watchdog)" {0 0 0};
    %vpi_call/w 4 295 "$finish" {0 0 0};
    %end;
    .thread T_30;
# The file index is used to find the file name in the following table.
:file_names 8;
    "N/A";
    "<interactive>";
    "-";
    "./cordic_atan2_func.vh";
    "tb_sbm_alg2_sobel.v";
    "./sbm_alg2_sobel.v";
    "xpm_memory_sdpram_beh.v";
    "cordic_atan2_beh.v";
